#-----------------------------------------------------------
# Vivado v2023.2 (64-bit)
# SW Build 4029153 on Fri Oct 13 20:14:34 MDT 2023
# IP Build 4028589 on Sat Oct 14 00:45:43 MDT 2023
# SharedData Build 4025554 on Tue Oct 10 17:18:54 MDT 2023
# Start of session at: Sun Mar 17 14:10:57 2024
# Process ID: 27352
# Current directory: C:/Users/Enrique/Desktop/ECEN331Project/ExtendedKalmanFilter/solution2/impl/verilog/project.runs/bd_0_hls_inst_0_synth_1
# Command line: vivado.exe -log bd_0_hls_inst_0.vds -product Vivado -mode batch -messageDb vivado.pb -notrace -source bd_0_hls_inst_0.tcl
# Log file: C:/Users/Enrique/Desktop/ECEN331Project/ExtendedKalmanFilter/solution2/impl/verilog/project.runs/bd_0_hls_inst_0_synth_1/bd_0_hls_inst_0.vds
# Journal file: C:/Users/Enrique/Desktop/ECEN331Project/ExtendedKalmanFilter/solution2/impl/verilog/project.runs/bd_0_hls_inst_0_synth_1\vivado.jou
# Running On: AsusROG-Enrique, OS: Windows, CPU Frequency: 2918 MHz, CPU Physical cores: 10, Host memory: 16780 MB
#-----------------------------------------------------------
source bd_0_hls_inst_0.tcl -notrace
