Copyright 1986-2022 Xilinx, Inc. All Rights Reserved. Copyright 2022-2023 Advanced Micro Devices, Inc. All Rights Reserved.
-----------------------------------------------------------------------------------------------------------------------------------------------
| Tool Version : Vivado v.2023.2 (win64) Build 4029153 Fri Oct 13 20:14:34 MDT 2023
| Date         : Sun Mar 17 15:46:41 2024
| Host         : AsusROG-Enrique running 64-bit major release  (build 9200)
| Command      : report_utilization -hierarchical -hierarchical_depth 5 -file ./report/extendedKalmanFilter_utilization_hierarchical_synth.rpt
| Design       : bd_0_wrapper
| Device       : xc7k160tfbg676-2
| Speed File   : -2
| Design State : Synthesized
-----------------------------------------------------------------------------------------------------------------------------------------------

Utilization Design Information

Table of Contents
-----------------
1. Utilization by Hierarchy

1. Utilization by Hierarchy
---------------------------

+-------------------------------------------------------------------------+---------------------------------------------------------------------------------+------------+------------+---------+------+-------+--------+--------+------------+
|                                 Instance                                |                                      Module                                     | Total LUTs | Logic LUTs | LUTRAMs | SRLs |  FFs  | RAMB36 | RAMB18 | DSP Blocks |
+-------------------------------------------------------------------------+---------------------------------------------------------------------------------+------------+------------+---------+------+-------+--------+--------+------------+
| bd_0_wrapper                                                            |                                                                           (top) |       8050 |       7339 |     256 |  455 | 13899 |      3 |      0 |         34 |
|   bd_0_i                                                                |                                                                            bd_0 |       8050 |       7339 |     256 |  455 | 13899 |      3 |      0 |         34 |
|     hls_inst                                                            |                                                                 bd_0_hls_inst_0 |       8050 |       7339 |     256 |  455 | 13899 |      3 |      0 |         34 |
|       inst                                                              |                                            bd_0_hls_inst_0_extendedKalmanFilter |       8050 |       7339 |     256 |  455 | 13899 |      3 |      0 |         34 |
|         (inst)                                                          |                                            bd_0_hls_inst_0_extendedKalmanFilter |        665 |        665 |       0 |    0 |  2615 |      0 |      0 |          0 |
|         A_U                                                             |                              bd_0_hls_inst_0_extendedKalmanFilter_A_ROM_AUTO_1R |          4 |          4 |       0 |    0 |     1 |      0 |      0 |          0 |
|         H_U                                                             |                              bd_0_hls_inst_0_extendedKalmanFilter_H_ROM_AUTO_1R |          7 |          7 |       0 |    0 |     1 |      0 |      0 |          0 |
|         K_U                                                             |                            bd_0_hls_inst_0_extendedKalmanFilter_K_RAM_AUTO_1R1W |        136 |          8 |     128 |    0 |   128 |      0 |      0 |          0 |
|         P_U                                                             |                            bd_0_hls_inst_0_extendedKalmanFilter_P_RAM_AUTO_1R1W |        276 |        276 |       0 |    0 |     0 |      1 |      0 |          0 |
|         dadd_64ns_64ns_64_13_full_dsp_1_U3                              |            bd_0_hls_inst_0_extendedKalmanFilter_dadd_64ns_64ns_64_13_full_dsp_1 |        646 |        621 |       0 |   25 |   936 |      0 |      0 |          3 |
|           (dadd_64ns_64ns_64_13_full_dsp_1_U3)                          |            bd_0_hls_inst_0_extendedKalmanFilter_dadd_64ns_64ns_64_13_full_dsp_1 |          0 |          0 |       0 |    0 |   128 |      0 |      0 |          0 |
|           extendedKalmanFilter_dadd_64ns_64ns_64_13_full_dsp_1_ip_u     |     bd_0_hls_inst_0_extendedKalmanFilter_dadd_64ns_64ns_64_13_full_dsp_1_ip_993 |        646 |        621 |       0 |   25 |   808 |      0 |      0 |          3 |
|         dadd_64ns_64ns_64_13_full_dsp_1_U4                              |          bd_0_hls_inst_0_extendedKalmanFilter_dadd_64ns_64ns_64_13_full_dsp_1_0 |        646 |        621 |       0 |   25 |   936 |      0 |      0 |          3 |
|           (dadd_64ns_64ns_64_13_full_dsp_1_U4)                          |          bd_0_hls_inst_0_extendedKalmanFilter_dadd_64ns_64ns_64_13_full_dsp_1_0 |          0 |          0 |       0 |    0 |   128 |      0 |      0 |          0 |
|           extendedKalmanFilter_dadd_64ns_64ns_64_13_full_dsp_1_ip_u     |         bd_0_hls_inst_0_extendedKalmanFilter_dadd_64ns_64ns_64_13_full_dsp_1_ip |        646 |        621 |       0 |   25 |   808 |      0 |      0 |          3 |
|         dadddsub_64ns_64ns_64_13_full_dsp_1_U1                          |        bd_0_hls_inst_0_extendedKalmanFilter_dadddsub_64ns_64ns_64_13_full_dsp_1 |        972 |        947 |       0 |   25 |   937 |      0 |      0 |          3 |
|           (dadddsub_64ns_64ns_64_13_full_dsp_1_U1)                      |        bd_0_hls_inst_0_extendedKalmanFilter_dadddsub_64ns_64ns_64_13_full_dsp_1 |        325 |        325 |       0 |    0 |   129 |      0 |      0 |          0 |
|           extendedKalmanFilter_dadddsub_64ns_64ns_64_13_full_dsp_1_ip_u | bd_0_hls_inst_0_extendedKalmanFilter_dadddsub_64ns_64ns_64_13_full_dsp_1_ip_627 |        647 |        622 |       0 |   25 |   808 |      0 |      0 |          3 |
|         dadddsub_64ns_64ns_64_13_full_dsp_1_U2                          |      bd_0_hls_inst_0_extendedKalmanFilter_dadddsub_64ns_64ns_64_13_full_dsp_1_1 |        712 |        687 |       0 |   25 |   937 |      0 |      0 |          3 |
|           (dadddsub_64ns_64ns_64_13_full_dsp_1_U2)                      |      bd_0_hls_inst_0_extendedKalmanFilter_dadddsub_64ns_64ns_64_13_full_dsp_1_1 |         65 |         65 |       0 |    0 |   129 |      0 |      0 |          0 |
|           extendedKalmanFilter_dadddsub_64ns_64ns_64_13_full_dsp_1_ip_u |     bd_0_hls_inst_0_extendedKalmanFilter_dadddsub_64ns_64ns_64_13_full_dsp_1_ip |        647 |        622 |       0 |   25 |   808 |      0 |      0 |          3 |
|         ddiv_64ns_64ns_64_59_no_dsp_1_U7                                |              bd_0_hls_inst_0_extendedKalmanFilter_ddiv_64ns_64ns_64_59_no_dsp_1 |       3249 |       3144 |       0 |  105 |  6162 |      0 |      0 |          0 |
|           (ddiv_64ns_64ns_64_59_no_dsp_1_U7)                            |              bd_0_hls_inst_0_extendedKalmanFilter_ddiv_64ns_64ns_64_59_no_dsp_1 |          0 |          0 |       0 |    0 |   128 |      0 |      0 |          0 |
|           extendedKalmanFilter_ddiv_64ns_64ns_64_59_no_dsp_1_ip_u       |           bd_0_hls_inst_0_extendedKalmanFilter_ddiv_64ns_64ns_64_59_no_dsp_1_ip |       3249 |       3144 |       0 |  105 |  6034 |      0 |      0 |          0 |
|         dmul_64ns_64ns_64_15_max_dsp_1_U5                               |             bd_0_hls_inst_0_extendedKalmanFilter_dmul_64ns_64ns_64_15_max_dsp_1 |        229 |        104 |       0 |  125 |   559 |      0 |      0 |         11 |
|           (dmul_64ns_64ns_64_15_max_dsp_1_U5)                           |             bd_0_hls_inst_0_extendedKalmanFilter_dmul_64ns_64ns_64_15_max_dsp_1 |          2 |          2 |       0 |    0 |   128 |      0 |      0 |          0 |
|           extendedKalmanFilter_dmul_64ns_64ns_64_15_max_dsp_1_ip_u      |       bd_0_hls_inst_0_extendedKalmanFilter_dmul_64ns_64ns_64_15_max_dsp_1_ip_24 |        227 |        102 |       0 |  125 |   431 |      0 |      0 |         11 |
|         dmul_64ns_64ns_64_15_max_dsp_1_U6                               |           bd_0_hls_inst_0_extendedKalmanFilter_dmul_64ns_64ns_64_15_max_dsp_1_2 |        227 |        102 |       0 |  125 |   559 |      0 |      0 |         11 |
|           (dmul_64ns_64ns_64_15_max_dsp_1_U6)                           |           bd_0_hls_inst_0_extendedKalmanFilter_dmul_64ns_64ns_64_15_max_dsp_1_2 |          0 |          0 |       0 |    0 |   128 |      0 |      0 |          0 |
|           extendedKalmanFilter_dmul_64ns_64ns_64_15_max_dsp_1_ip_u      |          bd_0_hls_inst_0_extendedKalmanFilter_dmul_64ns_64ns_64_15_max_dsp_1_ip |        227 |        102 |       0 |  125 |   431 |      0 |      0 |         11 |
|         temp1_U                                                         |                         bd_0_hls_inst_0_extendedKalmanFilter_temp_RAM_AUTO_1R1W |         69 |          5 |      64 |    0 |    64 |      0 |      0 |          0 |
|         temp2_U                                                         |                        bd_0_hls_inst_0_extendedKalmanFilter_tempP_RAM_AUTO_1R1W |         69 |         69 |       0 |    0 |     0 |      1 |      0 |          0 |
|         tempP_U                                                         |                      bd_0_hls_inst_0_extendedKalmanFilter_tempP_RAM_AUTO_1R1W_3 |         74 |         74 |       0 |    0 |     0 |      1 |      0 |          0 |
|         temp_U                                                          |                       bd_0_hls_inst_0_extendedKalmanFilter_temp_RAM_AUTO_1R1W_4 |         69 |          5 |      64 |    0 |    64 |      0 |      0 |          0 |
+-------------------------------------------------------------------------+---------------------------------------------------------------------------------+------------+------------+---------+------+-------+--------+--------+------------+


