Copyright 1986-2022 Xilinx, Inc. All Rights Reserved. Copyright 2022-2023 Advanced Micro Devices, Inc. All Rights Reserved.
------------------------------------------------------------------------------------------------------------------------------------------------
| Tool Version : Vivado v.2023.2 (win64) Build 4029153 Fri Oct 13 20:14:34 MDT 2023
| Date         : Sun Mar 17 14:42:51 2024
| Host         : AsusROG-Enrique running 64-bit major release  (build 9200)
| Command      : report_utilization -hierarchical -hierarchical_depth 6 -file ./report/extendedKalmanFilter_utilization_hierarchical_routed.rpt
| Design       : bd_0_wrapper
| Device       : xc7k160tfbg676-2
| Speed File   : -2
| Design State : Routed
------------------------------------------------------------------------------------------------------------------------------------------------

Utilization Design Information

Table of Contents
-----------------
1. Utilization by Hierarchy

1. Utilization by Hierarchy
---------------------------

+------------------------------------------------------------------------------------------+--------------------------------------------------------------------------------------------------------+------------+------------+---------+------+-------+--------+--------+------------+
|                                         Instance                                         |                                                 Module                                                 | Total LUTs | Logic LUTs | LUTRAMs | SRLs |  FFs  | RAMB36 | RAMB18 | DSP Blocks |
+------------------------------------------------------------------------------------------+--------------------------------------------------------------------------------------------------------+------------+------------+---------+------+-------+--------+--------+------------+
| bd_0_wrapper                                                                             |                                                                                                  (top) |      43467 |      41393 |       0 | 2074 | 73130 |      1 |      0 |        326 |
|   bd_0_i                                                                                 |                                                                                                   bd_0 |      43467 |      41393 |       0 | 2074 | 73130 |      1 |      0 |        326 |
|     hls_inst                                                                             |                                                                                        bd_0_hls_inst_0 |      43467 |      41393 |       0 | 2074 | 73130 |      1 |      0 |        326 |
|       inst                                                                               |                                                                   bd_0_hls_inst_0_extendedKalmanFilter |      43467 |      41393 |       0 | 2074 | 73130 |      1 |      0 |        326 |
|         (inst)                                                                           |                                                                   bd_0_hls_inst_0_extendedKalmanFilter |          1 |          1 |       0 |    0 |  2840 |      0 |      0 |          0 |
|         dadd_64ns_64ns_64_13_full_dsp_1_U489                                             |                                   bd_0_hls_inst_0_extendedKalmanFilter_dadd_64ns_64ns_64_13_full_dsp_1 |        831 |        813 |       0 |   18 |  1000 |      0 |      0 |          3 |
|           (dadd_64ns_64ns_64_13_full_dsp_1_U489)                                         |                                   bd_0_hls_inst_0_extendedKalmanFilter_dadd_64ns_64ns_64_13_full_dsp_1 |         65 |         65 |       0 |    0 |   201 |      0 |      0 |          0 |
|           extendedKalmanFilter_dadd_64ns_64ns_64_13_full_dsp_1_ip_u                      |                           bd_0_hls_inst_0_extendedKalmanFilter_dadd_64ns_64ns_64_13_full_dsp_1_ip_8508 |        766 |        748 |       0 |   18 |   799 |      0 |      0 |          3 |
|             (extendedKalmanFilter_dadd_64ns_64ns_64_13_full_dsp_1_ip_u)                  |                           bd_0_hls_inst_0_extendedKalmanFilter_dadd_64ns_64ns_64_13_full_dsp_1_ip_8508 |        128 |        128 |       0 |    0 |     0 |      0 |      0 |          0 |
|             inst                                                                         |                                                             bd_0_hls_inst_0_floating_point_v7_1_16__13 |        638 |        620 |       0 |   18 |   799 |      0 |      0 |          3 |
|         dadd_64ns_64ns_64_13_full_dsp_1_U490                                             |                                 bd_0_hls_inst_0_extendedKalmanFilter_dadd_64ns_64ns_64_13_full_dsp_1_0 |        830 |        812 |       0 |   18 |   991 |      0 |      0 |          3 |
|           (dadd_64ns_64ns_64_13_full_dsp_1_U490)                                         |                                 bd_0_hls_inst_0_extendedKalmanFilter_dadd_64ns_64ns_64_13_full_dsp_1_0 |         64 |         64 |       0 |    0 |   192 |      0 |      0 |          0 |
|           extendedKalmanFilter_dadd_64ns_64ns_64_13_full_dsp_1_ip_u                      |                           bd_0_hls_inst_0_extendedKalmanFilter_dadd_64ns_64ns_64_13_full_dsp_1_ip_8324 |        766 |        748 |       0 |   18 |   799 |      0 |      0 |          3 |
|             (extendedKalmanFilter_dadd_64ns_64ns_64_13_full_dsp_1_ip_u)                  |                           bd_0_hls_inst_0_extendedKalmanFilter_dadd_64ns_64ns_64_13_full_dsp_1_ip_8324 |        128 |        128 |       0 |    0 |     0 |      0 |      0 |          0 |
|             inst                                                                         |                                                             bd_0_hls_inst_0_floating_point_v7_1_16__14 |        638 |        620 |       0 |   18 |   799 |      0 |      0 |          3 |
|         dadd_64ns_64ns_64_13_full_dsp_1_U493                                             |                                 bd_0_hls_inst_0_extendedKalmanFilter_dadd_64ns_64ns_64_13_full_dsp_1_1 |        625 |        607 |       0 |   18 |   927 |      0 |      0 |          3 |
|           (dadd_64ns_64ns_64_13_full_dsp_1_U493)                                         |                                 bd_0_hls_inst_0_extendedKalmanFilter_dadd_64ns_64ns_64_13_full_dsp_1_1 |          0 |          0 |       0 |    0 |   128 |      0 |      0 |          0 |
|           extendedKalmanFilter_dadd_64ns_64ns_64_13_full_dsp_1_ip_u                      |                           bd_0_hls_inst_0_extendedKalmanFilter_dadd_64ns_64ns_64_13_full_dsp_1_ip_8140 |        625 |        607 |       0 |   18 |   799 |      0 |      0 |          3 |
|             inst                                                                         |                                                             bd_0_hls_inst_0_floating_point_v7_1_16__15 |        625 |        607 |       0 |   18 |   799 |      0 |      0 |          3 |
|         dadd_64ns_64ns_64_13_full_dsp_1_U494                                             |                                 bd_0_hls_inst_0_extendedKalmanFilter_dadd_64ns_64ns_64_13_full_dsp_1_2 |        623 |        607 |       0 |   16 |   927 |      0 |      0 |          3 |
|           (dadd_64ns_64ns_64_13_full_dsp_1_U494)                                         |                                 bd_0_hls_inst_0_extendedKalmanFilter_dadd_64ns_64ns_64_13_full_dsp_1_2 |          0 |          0 |       0 |    0 |   128 |      0 |      0 |          0 |
|           extendedKalmanFilter_dadd_64ns_64ns_64_13_full_dsp_1_ip_u                      |                           bd_0_hls_inst_0_extendedKalmanFilter_dadd_64ns_64ns_64_13_full_dsp_1_ip_7956 |        623 |        607 |       0 |   16 |   799 |      0 |      0 |          3 |
|             inst                                                                         |                                                             bd_0_hls_inst_0_floating_point_v7_1_16__16 |        623 |        607 |       0 |   16 |   799 |      0 |      0 |          3 |
|         dadd_64ns_64ns_64_13_full_dsp_1_U495                                             |                                 bd_0_hls_inst_0_extendedKalmanFilter_dadd_64ns_64ns_64_13_full_dsp_1_3 |        626 |        608 |       0 |   18 |   927 |      0 |      0 |          3 |
|           (dadd_64ns_64ns_64_13_full_dsp_1_U495)                                         |                                 bd_0_hls_inst_0_extendedKalmanFilter_dadd_64ns_64ns_64_13_full_dsp_1_3 |          0 |          0 |       0 |    0 |   128 |      0 |      0 |          0 |
|           extendedKalmanFilter_dadd_64ns_64ns_64_13_full_dsp_1_ip_u                      |                           bd_0_hls_inst_0_extendedKalmanFilter_dadd_64ns_64ns_64_13_full_dsp_1_ip_7772 |        626 |        608 |       0 |   18 |   799 |      0 |      0 |          3 |
|             inst                                                                         |                                                             bd_0_hls_inst_0_floating_point_v7_1_16__17 |        626 |        608 |       0 |   18 |   799 |      0 |      0 |          3 |
|         dadd_64ns_64ns_64_13_full_dsp_1_U496                                             |                                 bd_0_hls_inst_0_extendedKalmanFilter_dadd_64ns_64ns_64_13_full_dsp_1_4 |        624 |        608 |       0 |   16 |   927 |      0 |      0 |          3 |
|           (dadd_64ns_64ns_64_13_full_dsp_1_U496)                                         |                                 bd_0_hls_inst_0_extendedKalmanFilter_dadd_64ns_64ns_64_13_full_dsp_1_4 |          0 |          0 |       0 |    0 |   128 |      0 |      0 |          0 |
|           extendedKalmanFilter_dadd_64ns_64ns_64_13_full_dsp_1_ip_u                      |                           bd_0_hls_inst_0_extendedKalmanFilter_dadd_64ns_64ns_64_13_full_dsp_1_ip_7588 |        624 |        608 |       0 |   16 |   799 |      0 |      0 |          3 |
|             inst                                                                         |                                                             bd_0_hls_inst_0_floating_point_v7_1_16__18 |        624 |        608 |       0 |   16 |   799 |      0 |      0 |          3 |
|         dadd_64ns_64ns_64_13_full_dsp_1_U501                                             |                                 bd_0_hls_inst_0_extendedKalmanFilter_dadd_64ns_64ns_64_13_full_dsp_1_5 |        627 |        609 |       0 |   18 |   927 |      0 |      0 |          3 |
|           (dadd_64ns_64ns_64_13_full_dsp_1_U501)                                         |                                 bd_0_hls_inst_0_extendedKalmanFilter_dadd_64ns_64ns_64_13_full_dsp_1_5 |          1 |          1 |       0 |    0 |   128 |      0 |      0 |          0 |
|           extendedKalmanFilter_dadd_64ns_64ns_64_13_full_dsp_1_ip_u                      |                           bd_0_hls_inst_0_extendedKalmanFilter_dadd_64ns_64ns_64_13_full_dsp_1_ip_7404 |        626 |        608 |       0 |   18 |   799 |      0 |      0 |          3 |
|             inst                                                                         |                                                             bd_0_hls_inst_0_floating_point_v7_1_16__19 |        626 |        608 |       0 |   18 |   799 |      0 |      0 |          3 |
|         dadd_64ns_64ns_64_13_full_dsp_1_U502                                             |                                 bd_0_hls_inst_0_extendedKalmanFilter_dadd_64ns_64ns_64_13_full_dsp_1_6 |        626 |        609 |       0 |   17 |   927 |      0 |      0 |          3 |
|           (dadd_64ns_64ns_64_13_full_dsp_1_U502)                                         |                                 bd_0_hls_inst_0_extendedKalmanFilter_dadd_64ns_64ns_64_13_full_dsp_1_6 |          2 |          2 |       0 |    0 |   128 |      0 |      0 |          0 |
|           extendedKalmanFilter_dadd_64ns_64ns_64_13_full_dsp_1_ip_u                      |                           bd_0_hls_inst_0_extendedKalmanFilter_dadd_64ns_64ns_64_13_full_dsp_1_ip_7220 |        624 |        607 |       0 |   17 |   799 |      0 |      0 |          3 |
|             inst                                                                         |                                                             bd_0_hls_inst_0_floating_point_v7_1_16__20 |        624 |        607 |       0 |   17 |   799 |      0 |      0 |          3 |
|         dadd_64ns_64ns_64_13_full_dsp_1_U503                                             |                                 bd_0_hls_inst_0_extendedKalmanFilter_dadd_64ns_64ns_64_13_full_dsp_1_7 |        626 |        608 |       0 |   18 |   927 |      0 |      0 |          3 |
|           (dadd_64ns_64ns_64_13_full_dsp_1_U503)                                         |                                 bd_0_hls_inst_0_extendedKalmanFilter_dadd_64ns_64ns_64_13_full_dsp_1_7 |          0 |          0 |       0 |    0 |   128 |      0 |      0 |          0 |
|           extendedKalmanFilter_dadd_64ns_64ns_64_13_full_dsp_1_ip_u                      |                           bd_0_hls_inst_0_extendedKalmanFilter_dadd_64ns_64ns_64_13_full_dsp_1_ip_7036 |        626 |        608 |       0 |   18 |   799 |      0 |      0 |          3 |
|             inst                                                                         |                                                              bd_0_hls_inst_0_floating_point_v7_1_16__3 |        626 |        608 |       0 |   18 |   799 |      0 |      0 |          3 |
|         dadd_64ns_64ns_64_13_full_dsp_1_U507                                             |                                 bd_0_hls_inst_0_extendedKalmanFilter_dadd_64ns_64ns_64_13_full_dsp_1_8 |        637 |        619 |       0 |   18 |   927 |      0 |      0 |          3 |
|           (dadd_64ns_64ns_64_13_full_dsp_1_U507)                                         |                                 bd_0_hls_inst_0_extendedKalmanFilter_dadd_64ns_64ns_64_13_full_dsp_1_8 |          0 |          0 |       0 |    0 |   128 |      0 |      0 |          0 |
|           extendedKalmanFilter_dadd_64ns_64ns_64_13_full_dsp_1_ip_u                      |                           bd_0_hls_inst_0_extendedKalmanFilter_dadd_64ns_64ns_64_13_full_dsp_1_ip_6852 |        637 |        619 |       0 |   18 |   799 |      0 |      0 |          3 |
|             inst                                                                         |                                                             bd_0_hls_inst_0_floating_point_v7_1_16__21 |        637 |        619 |       0 |   18 |   799 |      0 |      0 |          3 |
|         dadd_64ns_64ns_64_13_full_dsp_1_U508                                             |                                 bd_0_hls_inst_0_extendedKalmanFilter_dadd_64ns_64ns_64_13_full_dsp_1_9 |        637 |        619 |       0 |   18 |   927 |      0 |      0 |          3 |
|           (dadd_64ns_64ns_64_13_full_dsp_1_U508)                                         |                                 bd_0_hls_inst_0_extendedKalmanFilter_dadd_64ns_64ns_64_13_full_dsp_1_9 |          0 |          0 |       0 |    0 |   128 |      0 |      0 |          0 |
|           extendedKalmanFilter_dadd_64ns_64ns_64_13_full_dsp_1_ip_u                      |                           bd_0_hls_inst_0_extendedKalmanFilter_dadd_64ns_64ns_64_13_full_dsp_1_ip_6668 |        637 |        619 |       0 |   18 |   799 |      0 |      0 |          3 |
|             inst                                                                         |                                                             bd_0_hls_inst_0_floating_point_v7_1_16__22 |        637 |        619 |       0 |   18 |   799 |      0 |      0 |          3 |
|         dadd_64ns_64ns_64_13_full_dsp_1_U509                                             |                                bd_0_hls_inst_0_extendedKalmanFilter_dadd_64ns_64ns_64_13_full_dsp_1_10 |        637 |        619 |       0 |   18 |   927 |      0 |      0 |          3 |
|           (dadd_64ns_64ns_64_13_full_dsp_1_U509)                                         |                                bd_0_hls_inst_0_extendedKalmanFilter_dadd_64ns_64ns_64_13_full_dsp_1_10 |          0 |          0 |       0 |    0 |   128 |      0 |      0 |          0 |
|           extendedKalmanFilter_dadd_64ns_64ns_64_13_full_dsp_1_ip_u                      |                           bd_0_hls_inst_0_extendedKalmanFilter_dadd_64ns_64ns_64_13_full_dsp_1_ip_6484 |        637 |        619 |       0 |   18 |   799 |      0 |      0 |          3 |
|             inst                                                                         |                                                              bd_0_hls_inst_0_floating_point_v7_1_16__2 |        637 |        619 |       0 |   18 |   799 |      0 |      0 |          3 |
|         dadd_64ns_64ns_64_13_full_dsp_1_U510                                             |                                bd_0_hls_inst_0_extendedKalmanFilter_dadd_64ns_64ns_64_13_full_dsp_1_11 |        625 |        607 |       0 |   18 |   927 |      0 |      0 |          3 |
|           (dadd_64ns_64ns_64_13_full_dsp_1_U510)                                         |                                bd_0_hls_inst_0_extendedKalmanFilter_dadd_64ns_64ns_64_13_full_dsp_1_11 |          0 |          0 |       0 |    0 |   128 |      0 |      0 |          0 |
|           extendedKalmanFilter_dadd_64ns_64ns_64_13_full_dsp_1_ip_u                      |                           bd_0_hls_inst_0_extendedKalmanFilter_dadd_64ns_64ns_64_13_full_dsp_1_ip_6300 |        625 |        607 |       0 |   18 |   799 |      0 |      0 |          3 |
|             inst                                                                         |                                                             bd_0_hls_inst_0_floating_point_v7_1_16__23 |        625 |        607 |       0 |   18 |   799 |      0 |      0 |          3 |
|         dadd_64ns_64ns_64_13_full_dsp_1_U514                                             |                                bd_0_hls_inst_0_extendedKalmanFilter_dadd_64ns_64ns_64_13_full_dsp_1_12 |        625 |        607 |       0 |   18 |   927 |      0 |      0 |          3 |
|           (dadd_64ns_64ns_64_13_full_dsp_1_U514)                                         |                                bd_0_hls_inst_0_extendedKalmanFilter_dadd_64ns_64ns_64_13_full_dsp_1_12 |          0 |          0 |       0 |    0 |   128 |      0 |      0 |          0 |
|           extendedKalmanFilter_dadd_64ns_64ns_64_13_full_dsp_1_ip_u                      |                           bd_0_hls_inst_0_extendedKalmanFilter_dadd_64ns_64ns_64_13_full_dsp_1_ip_6116 |        625 |        607 |       0 |   18 |   799 |      0 |      0 |          3 |
|             inst                                                                         |                                                             bd_0_hls_inst_0_floating_point_v7_1_16__24 |        625 |        607 |       0 |   18 |   799 |      0 |      0 |          3 |
|         dadd_64ns_64ns_64_13_full_dsp_1_U515                                             |                                bd_0_hls_inst_0_extendedKalmanFilter_dadd_64ns_64ns_64_13_full_dsp_1_13 |        625 |        607 |       0 |   18 |   927 |      0 |      0 |          3 |
|           (dadd_64ns_64ns_64_13_full_dsp_1_U515)                                         |                                bd_0_hls_inst_0_extendedKalmanFilter_dadd_64ns_64ns_64_13_full_dsp_1_13 |          0 |          0 |       0 |    0 |   128 |      0 |      0 |          0 |
|           extendedKalmanFilter_dadd_64ns_64ns_64_13_full_dsp_1_ip_u                      |                           bd_0_hls_inst_0_extendedKalmanFilter_dadd_64ns_64ns_64_13_full_dsp_1_ip_5932 |        625 |        607 |       0 |   18 |   799 |      0 |      0 |          3 |
|             inst                                                                         |                                                             bd_0_hls_inst_0_floating_point_v7_1_16__25 |        625 |        607 |       0 |   18 |   799 |      0 |      0 |          3 |
|         dadd_64ns_64ns_64_13_full_dsp_1_U516                                             |                                bd_0_hls_inst_0_extendedKalmanFilter_dadd_64ns_64ns_64_13_full_dsp_1_14 |        625 |        607 |       0 |   18 |   927 |      0 |      0 |          3 |
|           (dadd_64ns_64ns_64_13_full_dsp_1_U516)                                         |                                bd_0_hls_inst_0_extendedKalmanFilter_dadd_64ns_64ns_64_13_full_dsp_1_14 |          0 |          0 |       0 |    0 |   128 |      0 |      0 |          0 |
|           extendedKalmanFilter_dadd_64ns_64ns_64_13_full_dsp_1_ip_u                      |                           bd_0_hls_inst_0_extendedKalmanFilter_dadd_64ns_64ns_64_13_full_dsp_1_ip_5748 |        625 |        607 |       0 |   18 |   799 |      0 |      0 |          3 |
|             inst                                                                         |                                                             bd_0_hls_inst_0_floating_point_v7_1_16__26 |        625 |        607 |       0 |   18 |   799 |      0 |      0 |          3 |
|         dadd_64ns_64ns_64_13_full_dsp_1_U517                                             |                                bd_0_hls_inst_0_extendedKalmanFilter_dadd_64ns_64ns_64_13_full_dsp_1_15 |        625 |        607 |       0 |   18 |   927 |      0 |      0 |          3 |
|           (dadd_64ns_64ns_64_13_full_dsp_1_U517)                                         |                                bd_0_hls_inst_0_extendedKalmanFilter_dadd_64ns_64ns_64_13_full_dsp_1_15 |          0 |          0 |       0 |    0 |   128 |      0 |      0 |          0 |
|           extendedKalmanFilter_dadd_64ns_64ns_64_13_full_dsp_1_ip_u                      |                           bd_0_hls_inst_0_extendedKalmanFilter_dadd_64ns_64ns_64_13_full_dsp_1_ip_5564 |        625 |        607 |       0 |   18 |   799 |      0 |      0 |          3 |
|             inst                                                                         |                                                              bd_0_hls_inst_0_floating_point_v7_1_16__4 |        625 |        607 |       0 |   18 |   799 |      0 |      0 |          3 |
|         dadddsub_64ns_64ns_64_13_full_dsp_1_U500                                         |                               bd_0_hls_inst_0_extendedKalmanFilter_dadddsub_64ns_64ns_64_13_full_dsp_1 |       1141 |       1123 |       0 |   18 |   928 |      0 |      0 |          3 |
|           (dadddsub_64ns_64ns_64_13_full_dsp_1_U500)                                     |                               bd_0_hls_inst_0_extendedKalmanFilter_dadddsub_64ns_64ns_64_13_full_dsp_1 |          2 |          2 |       0 |    0 |   129 |      0 |      0 |          0 |
|           extendedKalmanFilter_dadddsub_64ns_64ns_64_13_full_dsp_1_ip_u                  |                            bd_0_hls_inst_0_extendedKalmanFilter_dadddsub_64ns_64ns_64_13_full_dsp_1_ip |       1139 |       1121 |       0 |   18 |   799 |      0 |      0 |          3 |
|             (extendedKalmanFilter_dadddsub_64ns_64ns_64_13_full_dsp_1_ip_u)              |                            bd_0_hls_inst_0_extendedKalmanFilter_dadddsub_64ns_64ns_64_13_full_dsp_1_ip |        512 |        512 |       0 |    0 |     0 |      0 |      0 |          0 |
|             inst                                                                         |                                                 bd_0_hls_inst_0_floating_point_v7_1_16__parameterized3 |        627 |        609 |       0 |   18 |   799 |      0 |      0 |          3 |
|         dmul_64ns_64ns_64_15_max_dsp_1_U497                                              |                                    bd_0_hls_inst_0_extendedKalmanFilter_dmul_64ns_64ns_64_15_max_dsp_1 |        125 |         83 |       0 |   42 |   401 |      0 |      0 |         11 |
|           (dmul_64ns_64ns_64_15_max_dsp_1_U497)                                          |                                    bd_0_hls_inst_0_extendedKalmanFilter_dmul_64ns_64ns_64_15_max_dsp_1 |          0 |          0 |       0 |    0 |    65 |      0 |      0 |          0 |
|           extendedKalmanFilter_dmul_64ns_64ns_64_15_max_dsp_1_ip_u                       |                            bd_0_hls_inst_0_extendedKalmanFilter_dmul_64ns_64ns_64_15_max_dsp_1_ip_5296 |        125 |         83 |       0 |   42 |   336 |      0 |      0 |         11 |
|             inst                                                                         |                                             bd_0_hls_inst_0_floating_point_v7_1_16__parameterized0__13 |        125 |         83 |       0 |   42 |   336 |      0 |      0 |         11 |
|         dmul_64ns_64ns_64_15_max_dsp_1_U498                                              |                                 bd_0_hls_inst_0_extendedKalmanFilter_dmul_64ns_64ns_64_15_max_dsp_1_16 |        127 |         83 |       0 |   44 |   401 |      0 |      0 |         11 |
|           (dmul_64ns_64ns_64_15_max_dsp_1_U498)                                          |                                 bd_0_hls_inst_0_extendedKalmanFilter_dmul_64ns_64ns_64_15_max_dsp_1_16 |          0 |          0 |       0 |    0 |    65 |      0 |      0 |          0 |
|           extendedKalmanFilter_dmul_64ns_64ns_64_15_max_dsp_1_ip_u                       |                            bd_0_hls_inst_0_extendedKalmanFilter_dmul_64ns_64ns_64_15_max_dsp_1_ip_5210 |        127 |         83 |       0 |   44 |   336 |      0 |      0 |         11 |
|             inst                                                                         |                                             bd_0_hls_inst_0_floating_point_v7_1_16__parameterized0__12 |        127 |         83 |       0 |   44 |   336 |      0 |      0 |         11 |
|         dmul_64ns_64ns_64_15_max_dsp_1_U499                                              |                                 bd_0_hls_inst_0_extendedKalmanFilter_dmul_64ns_64ns_64_15_max_dsp_1_17 |        126 |         83 |       0 |   43 |   401 |      0 |      0 |         11 |
|           (dmul_64ns_64ns_64_15_max_dsp_1_U499)                                          |                                 bd_0_hls_inst_0_extendedKalmanFilter_dmul_64ns_64ns_64_15_max_dsp_1_17 |          0 |          0 |       0 |    0 |    65 |      0 |      0 |          0 |
|           extendedKalmanFilter_dmul_64ns_64ns_64_15_max_dsp_1_ip_u                       |                            bd_0_hls_inst_0_extendedKalmanFilter_dmul_64ns_64ns_64_15_max_dsp_1_ip_5124 |        126 |         83 |       0 |   43 |   336 |      0 |      0 |         11 |
|             inst                                                                         |                                             bd_0_hls_inst_0_floating_point_v7_1_16__parameterized0__11 |        126 |         83 |       0 |   43 |   336 |      0 |      0 |         11 |
|         dmul_64ns_64ns_64_15_max_dsp_1_U504                                              |                                 bd_0_hls_inst_0_extendedKalmanFilter_dmul_64ns_64ns_64_15_max_dsp_1_18 |        172 |         99 |       0 |   73 |   553 |      0 |      0 |         11 |
|           (dmul_64ns_64ns_64_15_max_dsp_1_U504)                                          |                                 bd_0_hls_inst_0_extendedKalmanFilter_dmul_64ns_64ns_64_15_max_dsp_1_18 |          1 |          1 |       0 |    0 |   128 |      0 |      0 |          0 |
|           extendedKalmanFilter_dmul_64ns_64ns_64_15_max_dsp_1_ip_u                       |                            bd_0_hls_inst_0_extendedKalmanFilter_dmul_64ns_64ns_64_15_max_dsp_1_ip_5038 |        171 |         98 |       0 |   73 |   425 |      0 |      0 |         11 |
|             inst                                                                         |                                             bd_0_hls_inst_0_floating_point_v7_1_16__parameterized0__20 |        171 |         98 |       0 |   73 |   425 |      0 |      0 |         11 |
|         dmul_64ns_64ns_64_15_max_dsp_1_U505                                              |                                 bd_0_hls_inst_0_extendedKalmanFilter_dmul_64ns_64ns_64_15_max_dsp_1_19 |        128 |         84 |       0 |   44 |   401 |      0 |      0 |         11 |
|           (dmul_64ns_64ns_64_15_max_dsp_1_U505)                                          |                                 bd_0_hls_inst_0_extendedKalmanFilter_dmul_64ns_64ns_64_15_max_dsp_1_19 |          1 |          1 |       0 |    0 |    65 |      0 |      0 |          0 |
|           extendedKalmanFilter_dmul_64ns_64ns_64_15_max_dsp_1_ip_u                       |                            bd_0_hls_inst_0_extendedKalmanFilter_dmul_64ns_64ns_64_15_max_dsp_1_ip_4952 |        127 |         83 |       0 |   44 |   336 |      0 |      0 |         11 |
|             inst                                                                         |                                                 bd_0_hls_inst_0_floating_point_v7_1_16__parameterized0 |        127 |         83 |       0 |   44 |   336 |      0 |      0 |         11 |
|         dmul_64ns_64ns_64_15_max_dsp_1_U506                                              |                                 bd_0_hls_inst_0_extendedKalmanFilter_dmul_64ns_64ns_64_15_max_dsp_1_20 |        128 |         84 |       0 |   44 |   401 |      0 |      0 |         11 |
|           (dmul_64ns_64ns_64_15_max_dsp_1_U506)                                          |                                 bd_0_hls_inst_0_extendedKalmanFilter_dmul_64ns_64ns_64_15_max_dsp_1_20 |          1 |          1 |       0 |    0 |    65 |      0 |      0 |          0 |
|           extendedKalmanFilter_dmul_64ns_64ns_64_15_max_dsp_1_ip_u                       |                            bd_0_hls_inst_0_extendedKalmanFilter_dmul_64ns_64ns_64_15_max_dsp_1_ip_4866 |        127 |         83 |       0 |   44 |   336 |      0 |      0 |         11 |
|             inst                                                                         |                                             bd_0_hls_inst_0_floating_point_v7_1_16__parameterized0__21 |        127 |         83 |       0 |   44 |   336 |      0 |      0 |         11 |
|         dmul_64ns_64ns_64_15_max_dsp_1_U511                                              |                                 bd_0_hls_inst_0_extendedKalmanFilter_dmul_64ns_64ns_64_15_max_dsp_1_21 |        127 |         83 |       0 |   44 |   401 |      0 |      0 |         11 |
|           (dmul_64ns_64ns_64_15_max_dsp_1_U511)                                          |                                 bd_0_hls_inst_0_extendedKalmanFilter_dmul_64ns_64ns_64_15_max_dsp_1_21 |          0 |          0 |       0 |    0 |    65 |      0 |      0 |          0 |
|           extendedKalmanFilter_dmul_64ns_64ns_64_15_max_dsp_1_ip_u                       |                            bd_0_hls_inst_0_extendedKalmanFilter_dmul_64ns_64ns_64_15_max_dsp_1_ip_4780 |        127 |         83 |       0 |   44 |   336 |      0 |      0 |         11 |
|             inst                                                                         |                                             bd_0_hls_inst_0_floating_point_v7_1_16__parameterized0__19 |        127 |         83 |       0 |   44 |   336 |      0 |      0 |         11 |
|         dmul_64ns_64ns_64_15_max_dsp_1_U512                                              |                                 bd_0_hls_inst_0_extendedKalmanFilter_dmul_64ns_64ns_64_15_max_dsp_1_22 |        127 |         83 |       0 |   44 |   401 |      0 |      0 |         11 |
|           (dmul_64ns_64ns_64_15_max_dsp_1_U512)                                          |                                 bd_0_hls_inst_0_extendedKalmanFilter_dmul_64ns_64ns_64_15_max_dsp_1_22 |          0 |          0 |       0 |    0 |    65 |      0 |      0 |          0 |
|           extendedKalmanFilter_dmul_64ns_64ns_64_15_max_dsp_1_ip_u                       |                            bd_0_hls_inst_0_extendedKalmanFilter_dmul_64ns_64ns_64_15_max_dsp_1_ip_4694 |        127 |         83 |       0 |   44 |   336 |      0 |      0 |         11 |
|             inst                                                                         |                                             bd_0_hls_inst_0_floating_point_v7_1_16__parameterized0__18 |        127 |         83 |       0 |   44 |   336 |      0 |      0 |         11 |
|         dmul_64ns_64ns_64_15_max_dsp_1_U513                                              |                                 bd_0_hls_inst_0_extendedKalmanFilter_dmul_64ns_64ns_64_15_max_dsp_1_23 |        127 |         83 |       0 |   44 |   401 |      0 |      0 |         11 |
|           (dmul_64ns_64ns_64_15_max_dsp_1_U513)                                          |                                 bd_0_hls_inst_0_extendedKalmanFilter_dmul_64ns_64ns_64_15_max_dsp_1_23 |          0 |          0 |       0 |    0 |    65 |      0 |      0 |          0 |
|           extendedKalmanFilter_dmul_64ns_64ns_64_15_max_dsp_1_ip_u                       |                            bd_0_hls_inst_0_extendedKalmanFilter_dmul_64ns_64ns_64_15_max_dsp_1_ip_4608 |        127 |         83 |       0 |   44 |   336 |      0 |      0 |         11 |
|             inst                                                                         |                                             bd_0_hls_inst_0_floating_point_v7_1_16__parameterized0__17 |        127 |         83 |       0 |   44 |   336 |      0 |      0 |         11 |
|         dmul_64ns_64ns_64_15_max_dsp_1_U518                                              |                                 bd_0_hls_inst_0_extendedKalmanFilter_dmul_64ns_64ns_64_15_max_dsp_1_24 |        127 |         83 |       0 |   44 |   401 |      0 |      0 |         11 |
|           (dmul_64ns_64ns_64_15_max_dsp_1_U518)                                          |                                 bd_0_hls_inst_0_extendedKalmanFilter_dmul_64ns_64ns_64_15_max_dsp_1_24 |          0 |          0 |       0 |    0 |    65 |      0 |      0 |          0 |
|           extendedKalmanFilter_dmul_64ns_64ns_64_15_max_dsp_1_ip_u                       |                            bd_0_hls_inst_0_extendedKalmanFilter_dmul_64ns_64ns_64_15_max_dsp_1_ip_4522 |        127 |         83 |       0 |   44 |   336 |      0 |      0 |         11 |
|             inst                                                                         |                                              bd_0_hls_inst_0_floating_point_v7_1_16__parameterized0__7 |        127 |         83 |       0 |   44 |   336 |      0 |      0 |         11 |
|         dmul_64ns_64ns_64_15_max_dsp_1_U519                                              |                                 bd_0_hls_inst_0_extendedKalmanFilter_dmul_64ns_64ns_64_15_max_dsp_1_25 |        127 |         83 |       0 |   44 |   401 |      0 |      0 |         11 |
|           (dmul_64ns_64ns_64_15_max_dsp_1_U519)                                          |                                 bd_0_hls_inst_0_extendedKalmanFilter_dmul_64ns_64ns_64_15_max_dsp_1_25 |          0 |          0 |       0 |    0 |    65 |      0 |      0 |          0 |
|           extendedKalmanFilter_dmul_64ns_64ns_64_15_max_dsp_1_ip_u                       |                            bd_0_hls_inst_0_extendedKalmanFilter_dmul_64ns_64ns_64_15_max_dsp_1_ip_4436 |        127 |         83 |       0 |   44 |   336 |      0 |      0 |         11 |
|             inst                                                                         |                                              bd_0_hls_inst_0_floating_point_v7_1_16__parameterized0__8 |        127 |         83 |       0 |   44 |   336 |      0 |      0 |         11 |
|         dmul_64ns_64ns_64_15_max_dsp_1_U520                                              |                                 bd_0_hls_inst_0_extendedKalmanFilter_dmul_64ns_64ns_64_15_max_dsp_1_26 |        127 |         83 |       0 |   44 |   401 |      0 |      0 |         11 |
|           (dmul_64ns_64ns_64_15_max_dsp_1_U520)                                          |                                 bd_0_hls_inst_0_extendedKalmanFilter_dmul_64ns_64ns_64_15_max_dsp_1_26 |          0 |          0 |       0 |    0 |    65 |      0 |      0 |          0 |
|           extendedKalmanFilter_dmul_64ns_64ns_64_15_max_dsp_1_ip_u                       |                            bd_0_hls_inst_0_extendedKalmanFilter_dmul_64ns_64ns_64_15_max_dsp_1_ip_4350 |        127 |         83 |       0 |   44 |   336 |      0 |      0 |         11 |
|             inst                                                                         |                                             bd_0_hls_inst_0_floating_point_v7_1_16__parameterized0__16 |        127 |         83 |       0 |   44 |   336 |      0 |      0 |         11 |
|         dmul_64ns_64ns_64_15_max_dsp_1_U521                                              |                                 bd_0_hls_inst_0_extendedKalmanFilter_dmul_64ns_64ns_64_15_max_dsp_1_27 |        127 |         83 |       0 |   44 |   401 |      0 |      0 |         11 |
|           (dmul_64ns_64ns_64_15_max_dsp_1_U521)                                          |                                 bd_0_hls_inst_0_extendedKalmanFilter_dmul_64ns_64ns_64_15_max_dsp_1_27 |          0 |          0 |       0 |    0 |    65 |      0 |      0 |          0 |
|           extendedKalmanFilter_dmul_64ns_64ns_64_15_max_dsp_1_ip_u                       |                            bd_0_hls_inst_0_extendedKalmanFilter_dmul_64ns_64ns_64_15_max_dsp_1_ip_4264 |        127 |         83 |       0 |   44 |   336 |      0 |      0 |         11 |
|             inst                                                                         |                                             bd_0_hls_inst_0_floating_point_v7_1_16__parameterized0__15 |        127 |         83 |       0 |   44 |   336 |      0 |      0 |         11 |
|         dmul_64ns_64ns_64_15_max_dsp_1_U522                                              |                                 bd_0_hls_inst_0_extendedKalmanFilter_dmul_64ns_64ns_64_15_max_dsp_1_28 |        127 |         83 |       0 |   44 |   401 |      0 |      0 |         11 |
|           (dmul_64ns_64ns_64_15_max_dsp_1_U522)                                          |                                 bd_0_hls_inst_0_extendedKalmanFilter_dmul_64ns_64ns_64_15_max_dsp_1_28 |          0 |          0 |       0 |    0 |    65 |      0 |      0 |          0 |
|           extendedKalmanFilter_dmul_64ns_64ns_64_15_max_dsp_1_ip_u                       |                            bd_0_hls_inst_0_extendedKalmanFilter_dmul_64ns_64ns_64_15_max_dsp_1_ip_4178 |        127 |         83 |       0 |   44 |   336 |      0 |      0 |         11 |
|             inst                                                                         |                                             bd_0_hls_inst_0_floating_point_v7_1_16__parameterized0__14 |        127 |         83 |       0 |   44 |   336 |      0 |      0 |         11 |
|         dmul_64ns_64ns_64_15_max_dsp_1_U523                                              |                                 bd_0_hls_inst_0_extendedKalmanFilter_dmul_64ns_64ns_64_15_max_dsp_1_29 |        127 |         83 |       0 |   44 |   401 |      0 |      0 |         11 |
|           (dmul_64ns_64ns_64_15_max_dsp_1_U523)                                          |                                 bd_0_hls_inst_0_extendedKalmanFilter_dmul_64ns_64ns_64_15_max_dsp_1_29 |          0 |          0 |       0 |    0 |    65 |      0 |      0 |          0 |
|           extendedKalmanFilter_dmul_64ns_64ns_64_15_max_dsp_1_ip_u                       |                            bd_0_hls_inst_0_extendedKalmanFilter_dmul_64ns_64ns_64_15_max_dsp_1_ip_4092 |        127 |         83 |       0 |   44 |   336 |      0 |      0 |         11 |
|             inst                                                                         |                                              bd_0_hls_inst_0_floating_point_v7_1_16__parameterized0__9 |        127 |         83 |       0 |   44 |   336 |      0 |      0 |         11 |
|         dmul_64ns_64ns_64_15_max_dsp_1_U524                                              |                                 bd_0_hls_inst_0_extendedKalmanFilter_dmul_64ns_64ns_64_15_max_dsp_1_30 |        127 |         83 |       0 |   44 |   401 |      0 |      0 |         11 |
|           (dmul_64ns_64ns_64_15_max_dsp_1_U524)                                          |                                 bd_0_hls_inst_0_extendedKalmanFilter_dmul_64ns_64ns_64_15_max_dsp_1_30 |          0 |          0 |       0 |    0 |    65 |      0 |      0 |          0 |
|           extendedKalmanFilter_dmul_64ns_64ns_64_15_max_dsp_1_ip_u                       |                            bd_0_hls_inst_0_extendedKalmanFilter_dmul_64ns_64ns_64_15_max_dsp_1_ip_4006 |        127 |         83 |       0 |   44 |   336 |      0 |      0 |         11 |
|             inst                                                                         |                                             bd_0_hls_inst_0_floating_point_v7_1_16__parameterized0__10 |        127 |         83 |       0 |   44 |   336 |      0 |      0 |         11 |
|         dsub_64ns_64ns_64_13_full_dsp_1_U491                                             |                                   bd_0_hls_inst_0_extendedKalmanFilter_dsub_64ns_64ns_64_13_full_dsp_1 |        672 |        654 |       0 |   18 |   991 |      0 |      0 |          3 |
|           (dsub_64ns_64ns_64_13_full_dsp_1_U491)                                         |                                   bd_0_hls_inst_0_extendedKalmanFilter_dsub_64ns_64ns_64_13_full_dsp_1 |         32 |         32 |       0 |    0 |   192 |      0 |      0 |          0 |
|           extendedKalmanFilter_dsub_64ns_64ns_64_13_full_dsp_1_ip_u                      |                           bd_0_hls_inst_0_extendedKalmanFilter_dsub_64ns_64ns_64_13_full_dsp_1_ip_3822 |        640 |        622 |       0 |   18 |   799 |      0 |      0 |          3 |
|             inst                                                                         |                                                 bd_0_hls_inst_0_floating_point_v7_1_16__parameterized2 |        640 |        622 |       0 |   18 |   799 |      0 |      0 |          3 |
|         dsub_64ns_64ns_64_13_full_dsp_1_U492                                             |                                bd_0_hls_inst_0_extendedKalmanFilter_dsub_64ns_64ns_64_13_full_dsp_1_31 |        673 |        656 |       0 |   17 |   997 |      0 |      0 |          3 |
|           (dsub_64ns_64ns_64_13_full_dsp_1_U492)                                         |                                bd_0_hls_inst_0_extendedKalmanFilter_dsub_64ns_64ns_64_13_full_dsp_1_31 |         34 |         34 |       0 |    0 |   198 |      0 |      0 |          0 |
|           extendedKalmanFilter_dsub_64ns_64ns_64_13_full_dsp_1_ip_u                      |                                bd_0_hls_inst_0_extendedKalmanFilter_dsub_64ns_64ns_64_13_full_dsp_1_ip |        639 |        622 |       0 |   17 |   799 |      0 |      0 |          3 |
|             inst                                                                         |                                              bd_0_hls_inst_0_floating_point_v7_1_16__parameterized2__1 |        639 |        622 |       0 |   17 |   799 |      0 |      0 |          3 |
|         grp_extendedKalmanFilter_Pipeline_VITIS_LOOP_101_148_fu_610                      |                  bd_0_hls_inst_0_extendedKalmanFilter_extendedKalmanFilter_Pipeline_VITIS_LOOP_101_148 |        375 |        364 |       0 |   11 |   595 |      0 |      0 |          0 |
|           (grp_extendedKalmanFilter_Pipeline_VITIS_LOOP_101_148_fu_610)                  |                  bd_0_hls_inst_0_extendedKalmanFilter_extendedKalmanFilter_Pipeline_VITIS_LOOP_101_148 |        175 |        164 |       0 |   11 |   593 |      0 |      0 |          0 |
|           flow_control_loop_pipe_sequential_init_U                                       |                       bd_0_hls_inst_0_extendedKalmanFilter_flow_control_loop_pipe_sequential_init_3636 |          8 |          8 |       0 |    0 |     2 |      0 |      0 |          0 |
|           sparsemux_9_2_64_1_1_U280                                                      |                                         bd_0_hls_inst_0_extendedKalmanFilter_sparsemux_9_2_64_1_1_3637 |         64 |         64 |       0 |    0 |     0 |      0 |      0 |          0 |
|           sparsemux_9_2_64_1_1_U281                                                      |                                         bd_0_hls_inst_0_extendedKalmanFilter_sparsemux_9_2_64_1_1_3638 |         64 |         64 |       0 |    0 |     0 |      0 |      0 |          0 |
|           sparsemux_9_2_64_1_1_U282                                                      |                                         bd_0_hls_inst_0_extendedKalmanFilter_sparsemux_9_2_64_1_1_3639 |         64 |         64 |       0 |    0 |     0 |      0 |      0 |          0 |
|         grp_extendedKalmanFilter_Pipeline_VITIS_LOOP_101_14_fu_586                       |                   bd_0_hls_inst_0_extendedKalmanFilter_extendedKalmanFilter_Pipeline_VITIS_LOOP_101_14 |        561 |        551 |       0 |   10 |   595 |      0 |      0 |          0 |
|           (grp_extendedKalmanFilter_Pipeline_VITIS_LOOP_101_14_fu_586)                   |                   bd_0_hls_inst_0_extendedKalmanFilter_extendedKalmanFilter_Pipeline_VITIS_LOOP_101_14 |        334 |        324 |       0 |   10 |   593 |      0 |      0 |          0 |
|           flow_control_loop_pipe_sequential_init_U                                       |                       bd_0_hls_inst_0_extendedKalmanFilter_flow_control_loop_pipe_sequential_init_3632 |         35 |         35 |       0 |    0 |     2 |      0 |      0 |          0 |
|           sparsemux_9_2_64_1_1_U249                                                      |                                         bd_0_hls_inst_0_extendedKalmanFilter_sparsemux_9_2_64_1_1_3633 |         64 |         64 |       0 |    0 |     0 |      0 |      0 |          0 |
|           sparsemux_9_2_64_1_1_U250                                                      |                                         bd_0_hls_inst_0_extendedKalmanFilter_sparsemux_9_2_64_1_1_3634 |         64 |         64 |       0 |    0 |     0 |      0 |      0 |          0 |
|           sparsemux_9_2_64_1_1_U251                                                      |                                         bd_0_hls_inst_0_extendedKalmanFilter_sparsemux_9_2_64_1_1_3635 |         64 |         64 |       0 |    0 |     0 |      0 |      0 |          0 |
|         grp_extendedKalmanFilter_Pipeline_VITIS_LOOP_110_179_fu_684                      |                  bd_0_hls_inst_0_extendedKalmanFilter_extendedKalmanFilter_Pipeline_VITIS_LOOP_110_179 |        208 |        199 |       0 |    9 |   203 |      0 |      0 |          0 |
|           (grp_extendedKalmanFilter_Pipeline_VITIS_LOOP_110_179_fu_684)                  |                  bd_0_hls_inst_0_extendedKalmanFilter_extendedKalmanFilter_Pipeline_VITIS_LOOP_110_179 |        149 |        140 |       0 |    9 |   201 |      0 |      0 |          0 |
|           flow_control_loop_pipe_sequential_init_U                                       |                       bd_0_hls_inst_0_extendedKalmanFilter_flow_control_loop_pipe_sequential_init_3631 |         59 |         59 |       0 |    0 |     2 |      0 |      0 |          0 |
|         grp_extendedKalmanFilter_Pipeline_VITIS_LOOP_110_17_fu_674                       |                   bd_0_hls_inst_0_extendedKalmanFilter_extendedKalmanFilter_Pipeline_VITIS_LOOP_110_17 |         75 |         66 |       0 |    9 |   330 |      0 |      0 |          0 |
|           (grp_extendedKalmanFilter_Pipeline_VITIS_LOOP_110_17_fu_674)                   |                   bd_0_hls_inst_0_extendedKalmanFilter_extendedKalmanFilter_Pipeline_VITIS_LOOP_110_17 |         43 |         34 |       0 |    9 |   328 |      0 |      0 |          0 |
|           flow_control_loop_pipe_sequential_init_U                                       |                       bd_0_hls_inst_0_extendedKalmanFilter_flow_control_loop_pipe_sequential_init_3630 |         32 |         32 |       0 |    0 |     2 |      0 |      0 |          0 |
|         grp_extendedKalmanFilter_Pipeline_VITIS_LOOP_121_2010_fu_644                     |                 bd_0_hls_inst_0_extendedKalmanFilter_extendedKalmanFilter_Pipeline_VITIS_LOOP_121_2010 |         16 |          7 |       0 |    9 |   267 |      0 |      0 |          0 |
|           (grp_extendedKalmanFilter_Pipeline_VITIS_LOOP_121_2010_fu_644)                 |                 bd_0_hls_inst_0_extendedKalmanFilter_extendedKalmanFilter_Pipeline_VITIS_LOOP_121_2010 |         11 |          2 |       0 |    9 |   265 |      0 |      0 |          0 |
|           flow_control_loop_pipe_sequential_init_U                                       |                       bd_0_hls_inst_0_extendedKalmanFilter_flow_control_loop_pipe_sequential_init_3629 |          5 |          5 |       0 |    0 |     2 |      0 |      0 |          0 |
|         grp_extendedKalmanFilter_Pipeline_VITIS_LOOP_121_2011_fu_654                     |                 bd_0_hls_inst_0_extendedKalmanFilter_extendedKalmanFilter_Pipeline_VITIS_LOOP_121_2011 |        104 |         95 |       0 |    9 |   246 |      0 |      0 |          0 |
|           (grp_extendedKalmanFilter_Pipeline_VITIS_LOOP_121_2011_fu_654)                 |                 bd_0_hls_inst_0_extendedKalmanFilter_extendedKalmanFilter_Pipeline_VITIS_LOOP_121_2011 |         99 |         90 |       0 |    9 |   244 |      0 |      0 |          0 |
|           flow_control_loop_pipe_sequential_init_U                                       |                       bd_0_hls_inst_0_extendedKalmanFilter_flow_control_loop_pipe_sequential_init_3628 |          5 |          5 |       0 |    0 |     2 |      0 |      0 |          0 |
|         grp_extendedKalmanFilter_Pipeline_VITIS_LOOP_121_2012_fu_664                     |                 bd_0_hls_inst_0_extendedKalmanFilter_extendedKalmanFilter_Pipeline_VITIS_LOOP_121_2012 |       2705 |       2537 |       0 |  168 |  4896 |      0 |      0 |         34 |
|           (grp_extendedKalmanFilter_Pipeline_VITIS_LOOP_121_2012_fu_664)                 |                 bd_0_hls_inst_0_extendedKalmanFilter_extendedKalmanFilter_Pipeline_VITIS_LOOP_121_2012 |         13 |          4 |       0 |    9 |   393 |      0 |      0 |          0 |
|           dadd_64ns_64ns_64_13_full_dsp_1_U373                                           |                              bd_0_hls_inst_0_extendedKalmanFilter_dadd_64ns_64ns_64_13_full_dsp_1_2719 |        580 |        563 |       0 |   17 |   792 |      0 |      0 |          3 |
|             (dadd_64ns_64ns_64_13_full_dsp_1_U373)                                       |                              bd_0_hls_inst_0_extendedKalmanFilter_dadd_64ns_64ns_64_13_full_dsp_1_2719 |          0 |          0 |       0 |    0 |    64 |      0 |      0 |          0 |
|             extendedKalmanFilter_dadd_64ns_64ns_64_13_full_dsp_1_ip_u                    |                           bd_0_hls_inst_0_extendedKalmanFilter_dadd_64ns_64ns_64_13_full_dsp_1_ip_3450 |        580 |        563 |       0 |   17 |   728 |      0 |      0 |          3 |
|           dadd_64ns_64ns_64_13_full_dsp_1_U374                                           |                              bd_0_hls_inst_0_extendedKalmanFilter_dadd_64ns_64ns_64_13_full_dsp_1_2720 |        625 |        607 |       0 |   18 |   927 |      0 |      0 |          3 |
|             (dadd_64ns_64ns_64_13_full_dsp_1_U374)                                       |                              bd_0_hls_inst_0_extendedKalmanFilter_dadd_64ns_64ns_64_13_full_dsp_1_2720 |          0 |          0 |       0 |    0 |   128 |      0 |      0 |          0 |
|             extendedKalmanFilter_dadd_64ns_64ns_64_13_full_dsp_1_ip_u                    |                           bd_0_hls_inst_0_extendedKalmanFilter_dadd_64ns_64ns_64_13_full_dsp_1_ip_3266 |        625 |        607 |       0 |   18 |   799 |      0 |      0 |          3 |
|           dadd_64ns_64ns_64_13_full_dsp_1_U375                                           |                              bd_0_hls_inst_0_extendedKalmanFilter_dadd_64ns_64ns_64_13_full_dsp_1_2721 |        625 |        607 |       0 |   18 |   927 |      0 |      0 |          3 |
|             (dadd_64ns_64ns_64_13_full_dsp_1_U375)                                       |                              bd_0_hls_inst_0_extendedKalmanFilter_dadd_64ns_64ns_64_13_full_dsp_1_2721 |          0 |          0 |       0 |    0 |   128 |      0 |      0 |          0 |
|             extendedKalmanFilter_dadd_64ns_64ns_64_13_full_dsp_1_ip_u                    |                           bd_0_hls_inst_0_extendedKalmanFilter_dadd_64ns_64ns_64_13_full_dsp_1_ip_3082 |        625 |        607 |       0 |   18 |   799 |      0 |      0 |          3 |
|           dadd_64ns_64ns_64_13_full_dsp_1_U376                                           |                              bd_0_hls_inst_0_extendedKalmanFilter_dadd_64ns_64ns_64_13_full_dsp_1_2722 |        625 |        607 |       0 |   18 |   927 |      0 |      0 |          3 |
|             (dadd_64ns_64ns_64_13_full_dsp_1_U376)                                       |                              bd_0_hls_inst_0_extendedKalmanFilter_dadd_64ns_64ns_64_13_full_dsp_1_2722 |          0 |          0 |       0 |    0 |   128 |      0 |      0 |          0 |
|             extendedKalmanFilter_dadd_64ns_64ns_64_13_full_dsp_1_ip_u                    |                           bd_0_hls_inst_0_extendedKalmanFilter_dadd_64ns_64ns_64_13_full_dsp_1_ip_2898 |        625 |        607 |       0 |   18 |   799 |      0 |      0 |          3 |
|           dmul_64ns_64ns_64_15_max_dsp_1_U379                                            |                               bd_0_hls_inst_0_extendedKalmanFilter_dmul_64ns_64ns_64_15_max_dsp_1_2723 |        116 |         72 |       0 |   44 |   464 |      0 |      0 |         11 |
|             (dmul_64ns_64ns_64_15_max_dsp_1_U379)                                        |                               bd_0_hls_inst_0_extendedKalmanFilter_dmul_64ns_64ns_64_15_max_dsp_1_2723 |          0 |          0 |       0 |    0 |   128 |      0 |      0 |          0 |
|             extendedKalmanFilter_dmul_64ns_64ns_64_15_max_dsp_1_ip_u                     |                            bd_0_hls_inst_0_extendedKalmanFilter_dmul_64ns_64ns_64_15_max_dsp_1_ip_2812 |        116 |         72 |       0 |   44 |   336 |      0 |      0 |         11 |
|           dmul_64ns_64ns_64_15_max_dsp_1_U380                                            |                               bd_0_hls_inst_0_extendedKalmanFilter_dmul_64ns_64ns_64_15_max_dsp_1_2724 |        116 |         72 |       0 |   44 |   464 |      0 |      0 |         11 |
|             (dmul_64ns_64ns_64_15_max_dsp_1_U380)                                        |                               bd_0_hls_inst_0_extendedKalmanFilter_dmul_64ns_64ns_64_15_max_dsp_1_2724 |          0 |          0 |       0 |    0 |   128 |      0 |      0 |          0 |
|             extendedKalmanFilter_dmul_64ns_64ns_64_15_max_dsp_1_ip_u                     |                            bd_0_hls_inst_0_extendedKalmanFilter_dmul_64ns_64ns_64_15_max_dsp_1_ip_2726 |        116 |         72 |       0 |   44 |   336 |      0 |      0 |         11 |
|           flow_control_loop_pipe_sequential_init_U                                       |                       bd_0_hls_inst_0_extendedKalmanFilter_flow_control_loop_pipe_sequential_init_2725 |          5 |          5 |       0 |    0 |     2 |      0 |      0 |          0 |
|         grp_extendedKalmanFilter_Pipeline_VITIS_LOOP_121_20_fu_634                       |                   bd_0_hls_inst_0_extendedKalmanFilter_extendedKalmanFilter_Pipeline_VITIS_LOOP_121_20 |       2952 |       2700 |       0 |  252 |  5825 |      0 |      0 |         56 |
|           (grp_extendedKalmanFilter_Pipeline_VITIS_LOOP_121_20_fu_634)                   |                   bd_0_hls_inst_0_extendedKalmanFilter_extendedKalmanFilter_Pipeline_VITIS_LOOP_121_20 |         11 |          2 |       0 |    9 |   393 |      0 |      0 |          0 |
|           dadd_64ns_64ns_64_13_full_dsp_1_U331                                           |                              bd_0_hls_inst_0_extendedKalmanFilter_dadd_64ns_64ns_64_13_full_dsp_1_1757 |        580 |        563 |       0 |   17 |   792 |      0 |      0 |          3 |
|             (dadd_64ns_64ns_64_13_full_dsp_1_U331)                                       |                              bd_0_hls_inst_0_extendedKalmanFilter_dadd_64ns_64ns_64_13_full_dsp_1_1757 |          0 |          0 |       0 |    0 |    64 |      0 |      0 |          0 |
|             extendedKalmanFilter_dadd_64ns_64ns_64_13_full_dsp_1_ip_u                    |                           bd_0_hls_inst_0_extendedKalmanFilter_dadd_64ns_64ns_64_13_full_dsp_1_ip_2541 |        580 |        563 |       0 |   17 |   728 |      0 |      0 |          3 |
|           dadd_64ns_64ns_64_13_full_dsp_1_U332                                           |                              bd_0_hls_inst_0_extendedKalmanFilter_dadd_64ns_64ns_64_13_full_dsp_1_1758 |        624 |        606 |       0 |   18 |   927 |      0 |      0 |          3 |
|             (dadd_64ns_64ns_64_13_full_dsp_1_U332)                                       |                              bd_0_hls_inst_0_extendedKalmanFilter_dadd_64ns_64ns_64_13_full_dsp_1_1758 |          0 |          0 |       0 |    0 |   128 |      0 |      0 |          0 |
|             extendedKalmanFilter_dadd_64ns_64ns_64_13_full_dsp_1_ip_u                    |                           bd_0_hls_inst_0_extendedKalmanFilter_dadd_64ns_64ns_64_13_full_dsp_1_ip_2357 |        624 |        606 |       0 |   18 |   799 |      0 |      0 |          3 |
|           dadd_64ns_64ns_64_13_full_dsp_1_U333                                           |                              bd_0_hls_inst_0_extendedKalmanFilter_dadd_64ns_64ns_64_13_full_dsp_1_1759 |        625 |        607 |       0 |   18 |   927 |      0 |      0 |          3 |
|             (dadd_64ns_64ns_64_13_full_dsp_1_U333)                                       |                              bd_0_hls_inst_0_extendedKalmanFilter_dadd_64ns_64ns_64_13_full_dsp_1_1759 |          0 |          0 |       0 |    0 |   128 |      0 |      0 |          0 |
|             extendedKalmanFilter_dadd_64ns_64ns_64_13_full_dsp_1_ip_u                    |                           bd_0_hls_inst_0_extendedKalmanFilter_dadd_64ns_64ns_64_13_full_dsp_1_ip_2173 |        625 |        607 |       0 |   18 |   799 |      0 |      0 |          3 |
|           dadd_64ns_64ns_64_13_full_dsp_1_U334                                           |                              bd_0_hls_inst_0_extendedKalmanFilter_dadd_64ns_64ns_64_13_full_dsp_1_1760 |        624 |        607 |       0 |   17 |   927 |      0 |      0 |          3 |
|             (dadd_64ns_64ns_64_13_full_dsp_1_U334)                                       |                              bd_0_hls_inst_0_extendedKalmanFilter_dadd_64ns_64ns_64_13_full_dsp_1_1760 |          0 |          0 |       0 |    0 |   128 |      0 |      0 |          0 |
|             extendedKalmanFilter_dadd_64ns_64ns_64_13_full_dsp_1_ip_u                    |                                bd_0_hls_inst_0_extendedKalmanFilter_dadd_64ns_64ns_64_13_full_dsp_1_ip |        624 |        607 |       0 |   17 |   799 |      0 |      0 |          3 |
|           dmul_64ns_64ns_64_15_max_dsp_1_U335                                            |                               bd_0_hls_inst_0_extendedKalmanFilter_dmul_64ns_64ns_64_15_max_dsp_1_1761 |        127 |         83 |       0 |   44 |   465 |      0 |      0 |         11 |
|             (dmul_64ns_64ns_64_15_max_dsp_1_U335)                                        |                               bd_0_hls_inst_0_extendedKalmanFilter_dmul_64ns_64ns_64_15_max_dsp_1_1761 |          0 |          0 |       0 |    0 |   129 |      0 |      0 |          0 |
|             extendedKalmanFilter_dmul_64ns_64ns_64_15_max_dsp_1_ip_u                     |                            bd_0_hls_inst_0_extendedKalmanFilter_dmul_64ns_64ns_64_15_max_dsp_1_ip_1970 |        127 |         83 |       0 |   44 |   336 |      0 |      0 |         11 |
|           dmul_64ns_64ns_64_15_max_dsp_1_U336                                            |                               bd_0_hls_inst_0_extendedKalmanFilter_dmul_64ns_64ns_64_15_max_dsp_1_1762 |        127 |         83 |       0 |   44 |   464 |      0 |      0 |         11 |
|             (dmul_64ns_64ns_64_15_max_dsp_1_U336)                                        |                               bd_0_hls_inst_0_extendedKalmanFilter_dmul_64ns_64ns_64_15_max_dsp_1_1762 |          0 |          0 |       0 |    0 |   128 |      0 |      0 |          0 |
|             extendedKalmanFilter_dmul_64ns_64ns_64_15_max_dsp_1_ip_u                     |                            bd_0_hls_inst_0_extendedKalmanFilter_dmul_64ns_64ns_64_15_max_dsp_1_ip_1884 |        127 |         83 |       0 |   44 |   336 |      0 |      0 |         11 |
|           dmul_64ns_64ns_64_15_max_dsp_1_U337                                            |                               bd_0_hls_inst_0_extendedKalmanFilter_dmul_64ns_64ns_64_15_max_dsp_1_1763 |        114 |         72 |       0 |   42 |   464 |      0 |      0 |         11 |
|             (dmul_64ns_64ns_64_15_max_dsp_1_U337)                                        |                               bd_0_hls_inst_0_extendedKalmanFilter_dmul_64ns_64ns_64_15_max_dsp_1_1763 |          0 |          0 |       0 |    0 |   128 |      0 |      0 |          0 |
|             extendedKalmanFilter_dmul_64ns_64ns_64_15_max_dsp_1_ip_u                     |                            bd_0_hls_inst_0_extendedKalmanFilter_dmul_64ns_64ns_64_15_max_dsp_1_ip_1798 |        114 |         72 |       0 |   42 |   336 |      0 |      0 |         11 |
|           dmul_64ns_64ns_64_15_max_dsp_1_U338                                            |                               bd_0_hls_inst_0_extendedKalmanFilter_dmul_64ns_64ns_64_15_max_dsp_1_1764 |        116 |         72 |       0 |   44 |   464 |      0 |      0 |         11 |
|             (dmul_64ns_64ns_64_15_max_dsp_1_U338)                                        |                               bd_0_hls_inst_0_extendedKalmanFilter_dmul_64ns_64ns_64_15_max_dsp_1_1764 |          0 |          0 |       0 |    0 |   128 |      0 |      0 |          0 |
|             extendedKalmanFilter_dmul_64ns_64ns_64_15_max_dsp_1_ip_u                     |                                 bd_0_hls_inst_0_extendedKalmanFilter_dmul_64ns_64ns_64_15_max_dsp_1_ip |        116 |         72 |       0 |   44 |   336 |      0 |      0 |         11 |
|           flow_control_loop_pipe_sequential_init_U                                       |                       bd_0_hls_inst_0_extendedKalmanFilter_flow_control_loop_pipe_sequential_init_1765 |          5 |          5 |       0 |    0 |     2 |      0 |      0 |          0 |
|         grp_extendedKalmanFilter_Pipeline_VITIS_LOOP_128_22_fu_694                       |                   bd_0_hls_inst_0_extendedKalmanFilter_extendedKalmanFilter_Pipeline_VITIS_LOOP_128_22 |      13346 |      12928 |       0 |  418 | 25299 |      0 |      0 |          0 |
|           (grp_extendedKalmanFilter_Pipeline_VITIS_LOOP_128_22_fu_694)                   |                   bd_0_hls_inst_0_extendedKalmanFilter_extendedKalmanFilter_Pipeline_VITIS_LOOP_128_22 |        136 |        130 |       0 |    6 |  1032 |      0 |      0 |          0 |
|           ddiv_64ns_64ns_64_59_no_dsp_1_U387                                             |                                     bd_0_hls_inst_0_extendedKalmanFilter_ddiv_64ns_64ns_64_59_no_dsp_1 |       3236 |       3133 |       0 |  103 |  6034 |      0 |      0 |          0 |
|             (ddiv_64ns_64ns_64_59_no_dsp_1_U387)                                         |                                     bd_0_hls_inst_0_extendedKalmanFilter_ddiv_64ns_64ns_64_59_no_dsp_1 |          0 |          0 |       0 |    0 |    64 |      0 |      0 |          0 |
|             extendedKalmanFilter_ddiv_64ns_64ns_64_59_no_dsp_1_ip_u                      |                             bd_0_hls_inst_0_extendedKalmanFilter_ddiv_64ns_64ns_64_59_no_dsp_1_ip_1319 |       3236 |       3133 |       0 |  103 |  5970 |      0 |      0 |          0 |
|           ddiv_64ns_64ns_64_59_no_dsp_1_U388                                             |                                  bd_0_hls_inst_0_extendedKalmanFilter_ddiv_64ns_64ns_64_59_no_dsp_1_60 |       3236 |       3133 |       0 |  103 |  6034 |      0 |      0 |          0 |
|             (ddiv_64ns_64ns_64_59_no_dsp_1_U388)                                         |                                  bd_0_hls_inst_0_extendedKalmanFilter_ddiv_64ns_64ns_64_59_no_dsp_1_60 |          0 |          0 |       0 |    0 |    64 |      0 |      0 |          0 |
|             extendedKalmanFilter_ddiv_64ns_64ns_64_59_no_dsp_1_ip_u                      |                              bd_0_hls_inst_0_extendedKalmanFilter_ddiv_64ns_64ns_64_59_no_dsp_1_ip_881 |       3236 |       3133 |       0 |  103 |  5970 |      0 |      0 |          0 |
|           ddiv_64ns_64ns_64_59_no_dsp_1_U389                                             |                                  bd_0_hls_inst_0_extendedKalmanFilter_ddiv_64ns_64ns_64_59_no_dsp_1_61 |       3236 |       3133 |       0 |  103 |  6098 |      0 |      0 |          0 |
|             (ddiv_64ns_64ns_64_59_no_dsp_1_U389)                                         |                                  bd_0_hls_inst_0_extendedKalmanFilter_ddiv_64ns_64ns_64_59_no_dsp_1_61 |          0 |          0 |       0 |    0 |   128 |      0 |      0 |          0 |
|             extendedKalmanFilter_ddiv_64ns_64ns_64_59_no_dsp_1_ip_u                      |                              bd_0_hls_inst_0_extendedKalmanFilter_ddiv_64ns_64ns_64_59_no_dsp_1_ip_443 |       3236 |       3133 |       0 |  103 |  5970 |      0 |      0 |          0 |
|           ddiv_64ns_64ns_64_59_no_dsp_1_U390                                             |                                  bd_0_hls_inst_0_extendedKalmanFilter_ddiv_64ns_64ns_64_59_no_dsp_1_62 |       3236 |       3133 |       0 |  103 |  6098 |      0 |      0 |          0 |
|             (ddiv_64ns_64ns_64_59_no_dsp_1_U390)                                         |                                  bd_0_hls_inst_0_extendedKalmanFilter_ddiv_64ns_64ns_64_59_no_dsp_1_62 |          0 |          0 |       0 |    0 |   128 |      0 |      0 |          0 |
|             extendedKalmanFilter_ddiv_64ns_64ns_64_59_no_dsp_1_ip_u                      |                                  bd_0_hls_inst_0_extendedKalmanFilter_ddiv_64ns_64ns_64_59_no_dsp_1_ip |       3236 |       3133 |       0 |  103 |  5970 |      0 |      0 |          0 |
|           flow_control_loop_pipe_sequential_init_U                                       |                         bd_0_hls_inst_0_extendedKalmanFilter_flow_control_loop_pipe_sequential_init_63 |        266 |        266 |       0 |    0 |     3 |      0 |      0 |          0 |
|         grp_extendedKalmanFilter_Pipeline_VITIS_LOOP_135_24_fu_716                       |                   bd_0_hls_inst_0_extendedKalmanFilter_extendedKalmanFilter_Pipeline_VITIS_LOOP_135_24 |        983 |        983 |       0 |    0 |   681 |      0 |      0 |          0 |
|           (grp_extendedKalmanFilter_Pipeline_VITIS_LOOP_135_24_fu_716)                   |                   bd_0_hls_inst_0_extendedKalmanFilter_extendedKalmanFilter_Pipeline_VITIS_LOOP_135_24 |        461 |        461 |       0 |    0 |   679 |      0 |      0 |          0 |
|           flow_control_loop_pipe_sequential_init_U                                       |                         bd_0_hls_inst_0_extendedKalmanFilter_flow_control_loop_pipe_sequential_init_59 |        524 |        524 |       0 |    0 |     2 |      0 |      0 |          0 |
|         grp_extendedKalmanFilter_Pipeline_VITIS_LOOP_140_25_VITIS_LOOP_141_26_fu_742     | bd_0_hls_inst_0_extendedKalmanFilter_extendedKalmanFilter_Pipeline_VITIS_LOOP_140_25_VITIS_LOOP_141_26 |         45 |         32 |       0 |   13 |   222 |      0 |      0 |          0 |
|           (grp_extendedKalmanFilter_Pipeline_VITIS_LOOP_140_25_VITIS_LOOP_141_26_fu_742) | bd_0_hls_inst_0_extendedKalmanFilter_extendedKalmanFilter_Pipeline_VITIS_LOOP_140_25_VITIS_LOOP_141_26 |         18 |          5 |       0 |   13 |   220 |      0 |      0 |          0 |
|           flow_control_loop_pipe_sequential_init_U                                       |                         bd_0_hls_inst_0_extendedKalmanFilter_flow_control_loop_pipe_sequential_init_58 |         27 |         27 |       0 |    0 |     2 |      0 |      0 |          0 |
|         grp_extendedKalmanFilter_Pipeline_VITIS_LOOP_148_28_VITIS_LOOP_149_29_fu_755     | bd_0_hls_inst_0_extendedKalmanFilter_extendedKalmanFilter_Pipeline_VITIS_LOOP_148_28_VITIS_LOOP_149_29 |       1935 |       1935 |       0 |    0 |  1201 |      0 |      0 |          0 |
|           (grp_extendedKalmanFilter_Pipeline_VITIS_LOOP_148_28_VITIS_LOOP_149_29_fu_755) | bd_0_hls_inst_0_extendedKalmanFilter_extendedKalmanFilter_Pipeline_VITIS_LOOP_148_28_VITIS_LOOP_149_29 |        567 |        567 |       0 |    0 |  1199 |      0 |      0 |          0 |
|           flow_control_loop_pipe_sequential_init_U                                       |                         bd_0_hls_inst_0_extendedKalmanFilter_flow_control_loop_pipe_sequential_init_52 |       1048 |       1048 |       0 |    0 |     2 |      0 |      0 |          0 |
|           sparsemux_9_2_64_1_1_U451                                                      |                                           bd_0_hls_inst_0_extendedKalmanFilter_sparsemux_9_2_64_1_1_53 |         64 |         64 |       0 |    0 |     0 |      0 |      0 |          0 |
|           sparsemux_9_2_64_1_1_U452                                                      |                                           bd_0_hls_inst_0_extendedKalmanFilter_sparsemux_9_2_64_1_1_54 |         64 |         64 |       0 |    0 |     0 |      0 |      0 |          0 |
|           sparsemux_9_2_64_1_1_U453                                                      |                                           bd_0_hls_inst_0_extendedKalmanFilter_sparsemux_9_2_64_1_1_55 |         64 |         64 |       0 |    0 |     0 |      0 |      0 |          0 |
|           sparsemux_9_2_64_1_1_U454                                                      |                                           bd_0_hls_inst_0_extendedKalmanFilter_sparsemux_9_2_64_1_1_56 |         64 |         64 |       0 |    0 |     0 |      0 |      0 |          0 |
|           sparsemux_9_2_64_1_1_U455                                                      |                                           bd_0_hls_inst_0_extendedKalmanFilter_sparsemux_9_2_64_1_1_57 |         64 |         64 |       0 |    0 |     0 |      0 |      0 |          0 |
|         grp_extendedKalmanFilter_Pipeline_VITIS_LOOP_58_41_fu_408                        |                    bd_0_hls_inst_0_extendedKalmanFilter_extendedKalmanFilter_Pipeline_VITIS_LOOP_58_41 |        692 |        681 |       0 |   11 |   595 |      0 |      0 |          0 |
|           (grp_extendedKalmanFilter_Pipeline_VITIS_LOOP_58_41_fu_408)                    |                    bd_0_hls_inst_0_extendedKalmanFilter_extendedKalmanFilter_Pipeline_VITIS_LOOP_58_41 |        430 |        419 |       0 |   11 |   593 |      0 |      0 |          0 |
|           flow_control_loop_pipe_sequential_init_U                                       |                         bd_0_hls_inst_0_extendedKalmanFilter_flow_control_loop_pipe_sequential_init_48 |         70 |         70 |       0 |    0 |     2 |      0 |      0 |          0 |
|           sparsemux_9_2_64_1_1_U41                                                       |                                           bd_0_hls_inst_0_extendedKalmanFilter_sparsemux_9_2_64_1_1_49 |         64 |         64 |       0 |    0 |     0 |      0 |      0 |          0 |
|           sparsemux_9_2_64_1_1_U42                                                       |                                           bd_0_hls_inst_0_extendedKalmanFilter_sparsemux_9_2_64_1_1_50 |         64 |         64 |       0 |    0 |     0 |      0 |      0 |          0 |
|           sparsemux_9_2_64_1_1_U43                                                       |                                           bd_0_hls_inst_0_extendedKalmanFilter_sparsemux_9_2_64_1_1_51 |         64 |         64 |       0 |    0 |     0 |      0 |      0 |          0 |
|         grp_extendedKalmanFilter_Pipeline_VITIS_LOOP_58_42_fu_432                        |                    bd_0_hls_inst_0_extendedKalmanFilter_extendedKalmanFilter_Pipeline_VITIS_LOOP_58_42 |        404 |        393 |       0 |   11 |   531 |      0 |      0 |          0 |
|           (grp_extendedKalmanFilter_Pipeline_VITIS_LOOP_58_42_fu_432)                    |                    bd_0_hls_inst_0_extendedKalmanFilter_extendedKalmanFilter_Pipeline_VITIS_LOOP_58_42 |        142 |        131 |       0 |   11 |   529 |      0 |      0 |          0 |
|           flow_control_loop_pipe_sequential_init_U                                       |                         bd_0_hls_inst_0_extendedKalmanFilter_flow_control_loop_pipe_sequential_init_44 |         70 |         70 |       0 |    0 |     2 |      0 |      0 |          0 |
|           sparsemux_9_2_64_1_1_U72                                                       |                                           bd_0_hls_inst_0_extendedKalmanFilter_sparsemux_9_2_64_1_1_45 |         64 |         64 |       0 |    0 |     0 |      0 |      0 |          0 |
|           sparsemux_9_2_64_1_1_U73                                                       |                                           bd_0_hls_inst_0_extendedKalmanFilter_sparsemux_9_2_64_1_1_46 |         64 |         64 |       0 |    0 |     0 |      0 |      0 |          0 |
|           sparsemux_9_2_64_1_1_U74                                                       |                                           bd_0_hls_inst_0_extendedKalmanFilter_sparsemux_9_2_64_1_1_47 |         64 |         64 |       0 |    0 |     0 |      0 |      0 |          0 |
|         grp_extendedKalmanFilter_Pipeline_VITIS_LOOP_58_43_fu_456                        |                    bd_0_hls_inst_0_extendedKalmanFilter_extendedKalmanFilter_Pipeline_VITIS_LOOP_58_43 |        503 |        490 |       0 |   13 |   657 |      0 |      0 |          0 |
|           (grp_extendedKalmanFilter_Pipeline_VITIS_LOOP_58_43_fu_456)                    |                    bd_0_hls_inst_0_extendedKalmanFilter_extendedKalmanFilter_Pipeline_VITIS_LOOP_58_43 |        241 |        228 |       0 |   13 |   655 |      0 |      0 |          0 |
|           flow_control_loop_pipe_sequential_init_U                                       |                         bd_0_hls_inst_0_extendedKalmanFilter_flow_control_loop_pipe_sequential_init_40 |         70 |         70 |       0 |    0 |     2 |      0 |      0 |          0 |
|           sparsemux_9_2_64_1_1_U103                                                      |                                           bd_0_hls_inst_0_extendedKalmanFilter_sparsemux_9_2_64_1_1_41 |         64 |         64 |       0 |    0 |     0 |      0 |      0 |          0 |
|           sparsemux_9_2_64_1_1_U104                                                      |                                           bd_0_hls_inst_0_extendedKalmanFilter_sparsemux_9_2_64_1_1_42 |         64 |         64 |       0 |    0 |     0 |      0 |      0 |          0 |
|           sparsemux_9_2_64_1_1_U105                                                      |                                           bd_0_hls_inst_0_extendedKalmanFilter_sparsemux_9_2_64_1_1_43 |         64 |         64 |       0 |    0 |     0 |      0 |      0 |          0 |
|         grp_extendedKalmanFilter_Pipeline_VITIS_LOOP_58_4_fu_384                         |                     bd_0_hls_inst_0_extendedKalmanFilter_extendedKalmanFilter_Pipeline_VITIS_LOOP_58_4 |        474 |        464 |       0 |   10 |   851 |      0 |      0 |          0 |
|           (grp_extendedKalmanFilter_Pipeline_VITIS_LOOP_58_4_fu_384)                     |                     bd_0_hls_inst_0_extendedKalmanFilter_extendedKalmanFilter_Pipeline_VITIS_LOOP_58_4 |        205 |        195 |       0 |   10 |   849 |      0 |      0 |          0 |
|           flow_control_loop_pipe_sequential_init_U                                       |                         bd_0_hls_inst_0_extendedKalmanFilter_flow_control_loop_pipe_sequential_init_37 |         77 |         77 |       0 |    0 |     2 |      0 |      0 |          0 |
|           sparsemux_9_2_64_1_1_U10                                                       |                                              bd_0_hls_inst_0_extendedKalmanFilter_sparsemux_9_2_64_1_1 |         64 |         64 |       0 |    0 |     0 |      0 |      0 |          0 |
|           sparsemux_9_2_64_1_1_U11                                                       |                                           bd_0_hls_inst_0_extendedKalmanFilter_sparsemux_9_2_64_1_1_38 |         64 |         64 |       0 |    0 |     0 |      0 |      0 |          0 |
|           sparsemux_9_2_64_1_1_U9                                                        |                                           bd_0_hls_inst_0_extendedKalmanFilter_sparsemux_9_2_64_1_1_39 |         64 |         64 |       0 |    0 |     0 |      0 |      0 |          0 |
|         grp_extendedKalmanFilter_Pipeline_VITIS_LOOP_67_74_fu_514                        |                    bd_0_hls_inst_0_extendedKalmanFilter_extendedKalmanFilter_Pipeline_VITIS_LOOP_67_74 |        771 |        757 |       0 |   14 |   471 |      0 |      0 |          0 |
|           (grp_extendedKalmanFilter_Pipeline_VITIS_LOOP_67_74_fu_514)                    |                    bd_0_hls_inst_0_extendedKalmanFilter_extendedKalmanFilter_Pipeline_VITIS_LOOP_67_74 |        473 |        459 |       0 |   14 |   466 |      0 |      0 |          0 |
|           flow_control_loop_pipe_sequential_init_U                                       |                         bd_0_hls_inst_0_extendedKalmanFilter_flow_control_loop_pipe_sequential_init_36 |        298 |        298 |       0 |    0 |     5 |      0 |      0 |          0 |
|         grp_extendedKalmanFilter_Pipeline_VITIS_LOOP_67_75_fu_538                        |                    bd_0_hls_inst_0_extendedKalmanFilter_extendedKalmanFilter_Pipeline_VITIS_LOOP_67_75 |        715 |        701 |       0 |   14 |   406 |      0 |      0 |          0 |
|           (grp_extendedKalmanFilter_Pipeline_VITIS_LOOP_67_75_fu_538)                    |                    bd_0_hls_inst_0_extendedKalmanFilter_extendedKalmanFilter_Pipeline_VITIS_LOOP_67_75 |        443 |        429 |       0 |   14 |   402 |      0 |      0 |          0 |
|           flow_control_loop_pipe_sequential_init_U                                       |                         bd_0_hls_inst_0_extendedKalmanFilter_flow_control_loop_pipe_sequential_init_35 |        272 |        272 |       0 |    0 |     4 |      0 |      0 |          0 |
|         grp_extendedKalmanFilter_Pipeline_VITIS_LOOP_67_76_fu_562                        |                    bd_0_hls_inst_0_extendedKalmanFilter_extendedKalmanFilter_Pipeline_VITIS_LOOP_67_76 |        487 |        473 |       0 |   14 |   473 |      0 |      0 |          0 |
|           (grp_extendedKalmanFilter_Pipeline_VITIS_LOOP_67_76_fu_562)                    |                    bd_0_hls_inst_0_extendedKalmanFilter_extendedKalmanFilter_Pipeline_VITIS_LOOP_67_76 |        215 |        201 |       0 |   14 |   469 |      0 |      0 |          0 |
|           flow_control_loop_pipe_sequential_init_U                                       |                         bd_0_hls_inst_0_extendedKalmanFilter_flow_control_loop_pipe_sequential_init_34 |        272 |        272 |       0 |    0 |     4 |      0 |      0 |          0 |
|         grp_extendedKalmanFilter_Pipeline_VITIS_LOOP_67_7_fu_490                         |                     bd_0_hls_inst_0_extendedKalmanFilter_extendedKalmanFilter_Pipeline_VITIS_LOOP_67_7 |        491 |        477 |       0 |   14 |   556 |      0 |      0 |          0 |
|           (grp_extendedKalmanFilter_Pipeline_VITIS_LOOP_67_7_fu_490)                     |                     bd_0_hls_inst_0_extendedKalmanFilter_extendedKalmanFilter_Pipeline_VITIS_LOOP_67_7 |        216 |        202 |       0 |   14 |   551 |      0 |      0 |          0 |
|           flow_control_loop_pipe_sequential_init_U                                       |                         bd_0_hls_inst_0_extendedKalmanFilter_flow_control_loop_pipe_sequential_init_33 |        275 |        275 |       0 |    0 |     5 |      0 |      0 |          0 |
|         grp_extendedKalmanFilter_Pipeline_VITIS_LOOP_94_127_fu_485                       |                   bd_0_hls_inst_0_extendedKalmanFilter_extendedKalmanFilter_Pipeline_VITIS_LOOP_94_127 |          4 |          4 |       0 |    0 |     5 |      0 |      0 |          0 |
|           (grp_extendedKalmanFilter_Pipeline_VITIS_LOOP_94_127_fu_485)                   |                   bd_0_hls_inst_0_extendedKalmanFilter_extendedKalmanFilter_Pipeline_VITIS_LOOP_94_127 |          0 |          0 |       0 |    0 |     3 |      0 |      0 |          0 |
|           flow_control_loop_pipe_sequential_init_U                                       |                         bd_0_hls_inst_0_extendedKalmanFilter_flow_control_loop_pipe_sequential_init_32 |          4 |          4 |       0 |    0 |     2 |      0 |      0 |          0 |
|         grp_extendedKalmanFilter_Pipeline_VITIS_LOOP_94_12_fu_480                        |                    bd_0_hls_inst_0_extendedKalmanFilter_extendedKalmanFilter_Pipeline_VITIS_LOOP_94_12 |          9 |          9 |       0 |    0 |     5 |      0 |      0 |          0 |
|           (grp_extendedKalmanFilter_Pipeline_VITIS_LOOP_94_12_fu_480)                    |                    bd_0_hls_inst_0_extendedKalmanFilter_extendedKalmanFilter_Pipeline_VITIS_LOOP_94_12 |          5 |          5 |       0 |    0 |     3 |      0 |      0 |          0 |
|           flow_control_loop_pipe_sequential_init_U                                       |                            bd_0_hls_inst_0_extendedKalmanFilter_flow_control_loop_pipe_sequential_init |          4 |          4 |       0 |    0 |     2 |      0 |      0 |          0 |
|         temp2_U                                                                          |                                               bd_0_hls_inst_0_extendedKalmanFilter_temp2_RAM_AUTO_1R1W |          0 |          0 |       0 |    0 |     0 |      1 |      0 |          0 |
+------------------------------------------------------------------------------------------+--------------------------------------------------------------------------------------------------------+------------+------------+---------+------+-------+--------+--------+------------+
* Note: The sum of lower-level cells may be larger than their parent cells total, due to cross-hierarchy LUT combining


