Copyright 1986-2022 Xilinx, Inc. All Rights Reserved. Copyright 2022-2023 Advanced Micro Devices, Inc. All Rights Reserved.
-----------------------------------------------------------------------------------------------------------------------------------------------
| Tool Version : Vivado v.2023.2 (win64) Build 4029153 Fri Oct 13 20:14:34 MDT 2023
| Date         : Sun Mar 17 14:29:22 2024
| Host         : AsusROG-Enrique running 64-bit major release  (build 9200)
| Command      : report_utilization -hierarchical -hierarchical_depth 6 -file ./report/extendedKalmanFilter_utilization_hierarchical_synth.rpt
| Design       : bd_0_wrapper
| Device       : xc7k160tfbg676-2
| Speed File   : -2
| Design State : Synthesized
-----------------------------------------------------------------------------------------------------------------------------------------------

Utilization Design Information

Table of Contents
-----------------
1. Utilization by Hierarchy

1. Utilization by Hierarchy
---------------------------

+------------------------------------------------------------------------------------------+--------------------------------------------------------------------------------------------------------+------------+------------+---------+------+-------+--------+--------+------------+
|                                         Instance                                         |                                                 Module                                                 | Total LUTs | Logic LUTs | LUTRAMs | SRLs |  FFs  | RAMB36 | RAMB18 | DSP Blocks |
+------------------------------------------------------------------------------------------+--------------------------------------------------------------------------------------------------------+------------+------------+---------+------+-------+--------+--------+------------+
| bd_0_wrapper                                                                             |                                                                                                  (top) |      45336 |      42386 |       0 | 2950 | 73805 |      1 |      0 |        326 |
|   bd_0_i                                                                                 |                                                                                                   bd_0 |      45336 |      42386 |       0 | 2950 | 73805 |      1 |      0 |        326 |
|     hls_inst                                                                             |                                                                                        bd_0_hls_inst_0 |      45336 |      42386 |       0 | 2950 | 73805 |      1 |      0 |        326 |
|       inst                                                                               |                                                                   bd_0_hls_inst_0_extendedKalmanFilter |      45336 |      42386 |       0 | 2950 | 73805 |      1 |      0 |        326 |
|         (inst)                                                                           |                                                                   bd_0_hls_inst_0_extendedKalmanFilter |          1 |          1 |       0 |    0 |  2834 |      0 |      0 |          0 |
|         dadd_64ns_64ns_64_13_full_dsp_1_U489                                             |                                   bd_0_hls_inst_0_extendedKalmanFilter_dadd_64ns_64ns_64_13_full_dsp_1 |        846 |        821 |       0 |   25 |  1001 |      0 |      0 |          3 |
|           (dadd_64ns_64ns_64_13_full_dsp_1_U489)                                         |                                   bd_0_hls_inst_0_extendedKalmanFilter_dadd_64ns_64ns_64_13_full_dsp_1 |         65 |         65 |       0 |    0 |   193 |      0 |      0 |          0 |
|           extendedKalmanFilter_dadd_64ns_64ns_64_13_full_dsp_1_ip_u                      |                           bd_0_hls_inst_0_extendedKalmanFilter_dadd_64ns_64ns_64_13_full_dsp_1_ip_8508 |        781 |        756 |       0 |   25 |   808 |      0 |      0 |          3 |
|             (extendedKalmanFilter_dadd_64ns_64ns_64_13_full_dsp_1_ip_u)                  |                           bd_0_hls_inst_0_extendedKalmanFilter_dadd_64ns_64ns_64_13_full_dsp_1_ip_8508 |        128 |        128 |       0 |    0 |     0 |      0 |      0 |          0 |
|             inst                                                                         |                                                             bd_0_hls_inst_0_floating_point_v7_1_16__13 |        653 |        628 |       0 |   25 |   808 |      0 |      0 |          3 |
|         dadd_64ns_64ns_64_13_full_dsp_1_U490                                             |                                 bd_0_hls_inst_0_extendedKalmanFilter_dadd_64ns_64ns_64_13_full_dsp_1_0 |        845 |        820 |       0 |   25 |  1000 |      0 |      0 |          3 |
|           (dadd_64ns_64ns_64_13_full_dsp_1_U490)                                         |                                 bd_0_hls_inst_0_extendedKalmanFilter_dadd_64ns_64ns_64_13_full_dsp_1_0 |         64 |         64 |       0 |    0 |   192 |      0 |      0 |          0 |
|           extendedKalmanFilter_dadd_64ns_64ns_64_13_full_dsp_1_ip_u                      |                           bd_0_hls_inst_0_extendedKalmanFilter_dadd_64ns_64ns_64_13_full_dsp_1_ip_8324 |        781 |        756 |       0 |   25 |   808 |      0 |      0 |          3 |
|             (extendedKalmanFilter_dadd_64ns_64ns_64_13_full_dsp_1_ip_u)                  |                           bd_0_hls_inst_0_extendedKalmanFilter_dadd_64ns_64ns_64_13_full_dsp_1_ip_8324 |        128 |        128 |       0 |    0 |     0 |      0 |      0 |          0 |
|             inst                                                                         |                                                             bd_0_hls_inst_0_floating_point_v7_1_16__14 |        653 |        628 |       0 |   25 |   808 |      0 |      0 |          3 |
|         dadd_64ns_64ns_64_13_full_dsp_1_U493                                             |                                 bd_0_hls_inst_0_extendedKalmanFilter_dadd_64ns_64ns_64_13_full_dsp_1_1 |        645 |        620 |       0 |   25 |   936 |      0 |      0 |          3 |
|           (dadd_64ns_64ns_64_13_full_dsp_1_U493)                                         |                                 bd_0_hls_inst_0_extendedKalmanFilter_dadd_64ns_64ns_64_13_full_dsp_1_1 |          0 |          0 |       0 |    0 |   128 |      0 |      0 |          0 |
|           extendedKalmanFilter_dadd_64ns_64ns_64_13_full_dsp_1_ip_u                      |                           bd_0_hls_inst_0_extendedKalmanFilter_dadd_64ns_64ns_64_13_full_dsp_1_ip_8140 |        645 |        620 |       0 |   25 |   808 |      0 |      0 |          3 |
|             (extendedKalmanFilter_dadd_64ns_64ns_64_13_full_dsp_1_ip_u)                  |                           bd_0_hls_inst_0_extendedKalmanFilter_dadd_64ns_64ns_64_13_full_dsp_1_ip_8140 |          0 |          0 |       0 |    0 |     0 |      0 |      0 |          0 |
|             inst                                                                         |                                                             bd_0_hls_inst_0_floating_point_v7_1_16__15 |        645 |        620 |       0 |   25 |   808 |      0 |      0 |          3 |
|         dadd_64ns_64ns_64_13_full_dsp_1_U494                                             |                                 bd_0_hls_inst_0_extendedKalmanFilter_dadd_64ns_64ns_64_13_full_dsp_1_2 |        645 |        620 |       0 |   25 |   936 |      0 |      0 |          3 |
|           (dadd_64ns_64ns_64_13_full_dsp_1_U494)                                         |                                 bd_0_hls_inst_0_extendedKalmanFilter_dadd_64ns_64ns_64_13_full_dsp_1_2 |          0 |          0 |       0 |    0 |   128 |      0 |      0 |          0 |
|           extendedKalmanFilter_dadd_64ns_64ns_64_13_full_dsp_1_ip_u                      |                           bd_0_hls_inst_0_extendedKalmanFilter_dadd_64ns_64ns_64_13_full_dsp_1_ip_7956 |        645 |        620 |       0 |   25 |   808 |      0 |      0 |          3 |
|             (extendedKalmanFilter_dadd_64ns_64ns_64_13_full_dsp_1_ip_u)                  |                           bd_0_hls_inst_0_extendedKalmanFilter_dadd_64ns_64ns_64_13_full_dsp_1_ip_7956 |          0 |          0 |       0 |    0 |     0 |      0 |      0 |          0 |
|             inst                                                                         |                                                             bd_0_hls_inst_0_floating_point_v7_1_16__16 |        645 |        620 |       0 |   25 |   808 |      0 |      0 |          3 |
|         dadd_64ns_64ns_64_13_full_dsp_1_U495                                             |                                 bd_0_hls_inst_0_extendedKalmanFilter_dadd_64ns_64ns_64_13_full_dsp_1_3 |        645 |        620 |       0 |   25 |   936 |      0 |      0 |          3 |
|           (dadd_64ns_64ns_64_13_full_dsp_1_U495)                                         |                                 bd_0_hls_inst_0_extendedKalmanFilter_dadd_64ns_64ns_64_13_full_dsp_1_3 |          0 |          0 |       0 |    0 |   128 |      0 |      0 |          0 |
|           extendedKalmanFilter_dadd_64ns_64ns_64_13_full_dsp_1_ip_u                      |                           bd_0_hls_inst_0_extendedKalmanFilter_dadd_64ns_64ns_64_13_full_dsp_1_ip_7772 |        645 |        620 |       0 |   25 |   808 |      0 |      0 |          3 |
|             (extendedKalmanFilter_dadd_64ns_64ns_64_13_full_dsp_1_ip_u)                  |                           bd_0_hls_inst_0_extendedKalmanFilter_dadd_64ns_64ns_64_13_full_dsp_1_ip_7772 |          0 |          0 |       0 |    0 |     0 |      0 |      0 |          0 |
|             inst                                                                         |                                                             bd_0_hls_inst_0_floating_point_v7_1_16__17 |        645 |        620 |       0 |   25 |   808 |      0 |      0 |          3 |
|         dadd_64ns_64ns_64_13_full_dsp_1_U496                                             |                                 bd_0_hls_inst_0_extendedKalmanFilter_dadd_64ns_64ns_64_13_full_dsp_1_4 |        645 |        620 |       0 |   25 |   936 |      0 |      0 |          3 |
|           (dadd_64ns_64ns_64_13_full_dsp_1_U496)                                         |                                 bd_0_hls_inst_0_extendedKalmanFilter_dadd_64ns_64ns_64_13_full_dsp_1_4 |          0 |          0 |       0 |    0 |   128 |      0 |      0 |          0 |
|           extendedKalmanFilter_dadd_64ns_64ns_64_13_full_dsp_1_ip_u                      |                           bd_0_hls_inst_0_extendedKalmanFilter_dadd_64ns_64ns_64_13_full_dsp_1_ip_7588 |        645 |        620 |       0 |   25 |   808 |      0 |      0 |          3 |
|             (extendedKalmanFilter_dadd_64ns_64ns_64_13_full_dsp_1_ip_u)                  |                           bd_0_hls_inst_0_extendedKalmanFilter_dadd_64ns_64ns_64_13_full_dsp_1_ip_7588 |          0 |          0 |       0 |    0 |     0 |      0 |      0 |          0 |
|             inst                                                                         |                                                             bd_0_hls_inst_0_floating_point_v7_1_16__18 |        645 |        620 |       0 |   25 |   808 |      0 |      0 |          3 |
|         dadd_64ns_64ns_64_13_full_dsp_1_U501                                             |                                 bd_0_hls_inst_0_extendedKalmanFilter_dadd_64ns_64ns_64_13_full_dsp_1_5 |        646 |        621 |       0 |   25 |   936 |      0 |      0 |          3 |
|           (dadd_64ns_64ns_64_13_full_dsp_1_U501)                                         |                                 bd_0_hls_inst_0_extendedKalmanFilter_dadd_64ns_64ns_64_13_full_dsp_1_5 |          1 |          1 |       0 |    0 |   128 |      0 |      0 |          0 |
|           extendedKalmanFilter_dadd_64ns_64ns_64_13_full_dsp_1_ip_u                      |                           bd_0_hls_inst_0_extendedKalmanFilter_dadd_64ns_64ns_64_13_full_dsp_1_ip_7404 |        645 |        620 |       0 |   25 |   808 |      0 |      0 |          3 |
|             (extendedKalmanFilter_dadd_64ns_64ns_64_13_full_dsp_1_ip_u)                  |                           bd_0_hls_inst_0_extendedKalmanFilter_dadd_64ns_64ns_64_13_full_dsp_1_ip_7404 |          0 |          0 |       0 |    0 |     0 |      0 |      0 |          0 |
|             inst                                                                         |                                                             bd_0_hls_inst_0_floating_point_v7_1_16__19 |        645 |        620 |       0 |   25 |   808 |      0 |      0 |          3 |
|         dadd_64ns_64ns_64_13_full_dsp_1_U502                                             |                                 bd_0_hls_inst_0_extendedKalmanFilter_dadd_64ns_64ns_64_13_full_dsp_1_6 |        647 |        622 |       0 |   25 |   936 |      0 |      0 |          3 |
|           (dadd_64ns_64ns_64_13_full_dsp_1_U502)                                         |                                 bd_0_hls_inst_0_extendedKalmanFilter_dadd_64ns_64ns_64_13_full_dsp_1_6 |          2 |          2 |       0 |    0 |   128 |      0 |      0 |          0 |
|           extendedKalmanFilter_dadd_64ns_64ns_64_13_full_dsp_1_ip_u                      |                           bd_0_hls_inst_0_extendedKalmanFilter_dadd_64ns_64ns_64_13_full_dsp_1_ip_7220 |        645 |        620 |       0 |   25 |   808 |      0 |      0 |          3 |
|             (extendedKalmanFilter_dadd_64ns_64ns_64_13_full_dsp_1_ip_u)                  |                           bd_0_hls_inst_0_extendedKalmanFilter_dadd_64ns_64ns_64_13_full_dsp_1_ip_7220 |          0 |          0 |       0 |    0 |     0 |      0 |      0 |          0 |
|             inst                                                                         |                                                             bd_0_hls_inst_0_floating_point_v7_1_16__20 |        645 |        620 |       0 |   25 |   808 |      0 |      0 |          3 |
|         dadd_64ns_64ns_64_13_full_dsp_1_U503                                             |                                 bd_0_hls_inst_0_extendedKalmanFilter_dadd_64ns_64ns_64_13_full_dsp_1_7 |        645 |        620 |       0 |   25 |   936 |      0 |      0 |          3 |
|           (dadd_64ns_64ns_64_13_full_dsp_1_U503)                                         |                                 bd_0_hls_inst_0_extendedKalmanFilter_dadd_64ns_64ns_64_13_full_dsp_1_7 |          0 |          0 |       0 |    0 |   128 |      0 |      0 |          0 |
|           extendedKalmanFilter_dadd_64ns_64ns_64_13_full_dsp_1_ip_u                      |                           bd_0_hls_inst_0_extendedKalmanFilter_dadd_64ns_64ns_64_13_full_dsp_1_ip_7036 |        645 |        620 |       0 |   25 |   808 |      0 |      0 |          3 |
|             (extendedKalmanFilter_dadd_64ns_64ns_64_13_full_dsp_1_ip_u)                  |                           bd_0_hls_inst_0_extendedKalmanFilter_dadd_64ns_64ns_64_13_full_dsp_1_ip_7036 |          0 |          0 |       0 |    0 |     0 |      0 |      0 |          0 |
|             inst                                                                         |                                                              bd_0_hls_inst_0_floating_point_v7_1_16__3 |        645 |        620 |       0 |   25 |   808 |      0 |      0 |          3 |
|         dadd_64ns_64ns_64_13_full_dsp_1_U507                                             |                                 bd_0_hls_inst_0_extendedKalmanFilter_dadd_64ns_64ns_64_13_full_dsp_1_8 |        651 |        626 |       0 |   25 |   936 |      0 |      0 |          3 |
|           (dadd_64ns_64ns_64_13_full_dsp_1_U507)                                         |                                 bd_0_hls_inst_0_extendedKalmanFilter_dadd_64ns_64ns_64_13_full_dsp_1_8 |          0 |          0 |       0 |    0 |   128 |      0 |      0 |          0 |
|           extendedKalmanFilter_dadd_64ns_64ns_64_13_full_dsp_1_ip_u                      |                           bd_0_hls_inst_0_extendedKalmanFilter_dadd_64ns_64ns_64_13_full_dsp_1_ip_6852 |        651 |        626 |       0 |   25 |   808 |      0 |      0 |          3 |
|             (extendedKalmanFilter_dadd_64ns_64ns_64_13_full_dsp_1_ip_u)                  |                           bd_0_hls_inst_0_extendedKalmanFilter_dadd_64ns_64ns_64_13_full_dsp_1_ip_6852 |          0 |          0 |       0 |    0 |     0 |      0 |      0 |          0 |
|             inst                                                                         |                                                             bd_0_hls_inst_0_floating_point_v7_1_16__21 |        651 |        626 |       0 |   25 |   808 |      0 |      0 |          3 |
|         dadd_64ns_64ns_64_13_full_dsp_1_U508                                             |                                 bd_0_hls_inst_0_extendedKalmanFilter_dadd_64ns_64ns_64_13_full_dsp_1_9 |        651 |        626 |       0 |   25 |   936 |      0 |      0 |          3 |
|           (dadd_64ns_64ns_64_13_full_dsp_1_U508)                                         |                                 bd_0_hls_inst_0_extendedKalmanFilter_dadd_64ns_64ns_64_13_full_dsp_1_9 |          0 |          0 |       0 |    0 |   128 |      0 |      0 |          0 |
|           extendedKalmanFilter_dadd_64ns_64ns_64_13_full_dsp_1_ip_u                      |                           bd_0_hls_inst_0_extendedKalmanFilter_dadd_64ns_64ns_64_13_full_dsp_1_ip_6668 |        651 |        626 |       0 |   25 |   808 |      0 |      0 |          3 |
|             (extendedKalmanFilter_dadd_64ns_64ns_64_13_full_dsp_1_ip_u)                  |                           bd_0_hls_inst_0_extendedKalmanFilter_dadd_64ns_64ns_64_13_full_dsp_1_ip_6668 |          0 |          0 |       0 |    0 |     0 |      0 |      0 |          0 |
|             inst                                                                         |                                                             bd_0_hls_inst_0_floating_point_v7_1_16__22 |        651 |        626 |       0 |   25 |   808 |      0 |      0 |          3 |
|         dadd_64ns_64ns_64_13_full_dsp_1_U509                                             |                                bd_0_hls_inst_0_extendedKalmanFilter_dadd_64ns_64ns_64_13_full_dsp_1_10 |        651 |        626 |       0 |   25 |   936 |      0 |      0 |          3 |
|           (dadd_64ns_64ns_64_13_full_dsp_1_U509)                                         |                                bd_0_hls_inst_0_extendedKalmanFilter_dadd_64ns_64ns_64_13_full_dsp_1_10 |          0 |          0 |       0 |    0 |   128 |      0 |      0 |          0 |
|           extendedKalmanFilter_dadd_64ns_64ns_64_13_full_dsp_1_ip_u                      |                           bd_0_hls_inst_0_extendedKalmanFilter_dadd_64ns_64ns_64_13_full_dsp_1_ip_6484 |        651 |        626 |       0 |   25 |   808 |      0 |      0 |          3 |
|             (extendedKalmanFilter_dadd_64ns_64ns_64_13_full_dsp_1_ip_u)                  |                           bd_0_hls_inst_0_extendedKalmanFilter_dadd_64ns_64ns_64_13_full_dsp_1_ip_6484 |          0 |          0 |       0 |    0 |     0 |      0 |      0 |          0 |
|             inst                                                                         |                                                              bd_0_hls_inst_0_floating_point_v7_1_16__2 |        651 |        626 |       0 |   25 |   808 |      0 |      0 |          3 |
|         dadd_64ns_64ns_64_13_full_dsp_1_U510                                             |                                bd_0_hls_inst_0_extendedKalmanFilter_dadd_64ns_64ns_64_13_full_dsp_1_11 |        645 |        620 |       0 |   25 |   936 |      0 |      0 |          3 |
|           (dadd_64ns_64ns_64_13_full_dsp_1_U510)                                         |                                bd_0_hls_inst_0_extendedKalmanFilter_dadd_64ns_64ns_64_13_full_dsp_1_11 |          0 |          0 |       0 |    0 |   128 |      0 |      0 |          0 |
|           extendedKalmanFilter_dadd_64ns_64ns_64_13_full_dsp_1_ip_u                      |                           bd_0_hls_inst_0_extendedKalmanFilter_dadd_64ns_64ns_64_13_full_dsp_1_ip_6300 |        645 |        620 |       0 |   25 |   808 |      0 |      0 |          3 |
|             (extendedKalmanFilter_dadd_64ns_64ns_64_13_full_dsp_1_ip_u)                  |                           bd_0_hls_inst_0_extendedKalmanFilter_dadd_64ns_64ns_64_13_full_dsp_1_ip_6300 |          0 |          0 |       0 |    0 |     0 |      0 |      0 |          0 |
|             inst                                                                         |                                                             bd_0_hls_inst_0_floating_point_v7_1_16__23 |        645 |        620 |       0 |   25 |   808 |      0 |      0 |          3 |
|         dadd_64ns_64ns_64_13_full_dsp_1_U514                                             |                                bd_0_hls_inst_0_extendedKalmanFilter_dadd_64ns_64ns_64_13_full_dsp_1_12 |        645 |        620 |       0 |   25 |   936 |      0 |      0 |          3 |
|           (dadd_64ns_64ns_64_13_full_dsp_1_U514)                                         |                                bd_0_hls_inst_0_extendedKalmanFilter_dadd_64ns_64ns_64_13_full_dsp_1_12 |          0 |          0 |       0 |    0 |   128 |      0 |      0 |          0 |
|           extendedKalmanFilter_dadd_64ns_64ns_64_13_full_dsp_1_ip_u                      |                           bd_0_hls_inst_0_extendedKalmanFilter_dadd_64ns_64ns_64_13_full_dsp_1_ip_6116 |        645 |        620 |       0 |   25 |   808 |      0 |      0 |          3 |
|             (extendedKalmanFilter_dadd_64ns_64ns_64_13_full_dsp_1_ip_u)                  |                           bd_0_hls_inst_0_extendedKalmanFilter_dadd_64ns_64ns_64_13_full_dsp_1_ip_6116 |          0 |          0 |       0 |    0 |     0 |      0 |      0 |          0 |
|             inst                                                                         |                                                             bd_0_hls_inst_0_floating_point_v7_1_16__24 |        645 |        620 |       0 |   25 |   808 |      0 |      0 |          3 |
|         dadd_64ns_64ns_64_13_full_dsp_1_U515                                             |                                bd_0_hls_inst_0_extendedKalmanFilter_dadd_64ns_64ns_64_13_full_dsp_1_13 |        645 |        620 |       0 |   25 |   936 |      0 |      0 |          3 |
|           (dadd_64ns_64ns_64_13_full_dsp_1_U515)                                         |                                bd_0_hls_inst_0_extendedKalmanFilter_dadd_64ns_64ns_64_13_full_dsp_1_13 |          0 |          0 |       0 |    0 |   128 |      0 |      0 |          0 |
|           extendedKalmanFilter_dadd_64ns_64ns_64_13_full_dsp_1_ip_u                      |                           bd_0_hls_inst_0_extendedKalmanFilter_dadd_64ns_64ns_64_13_full_dsp_1_ip_5932 |        645 |        620 |       0 |   25 |   808 |      0 |      0 |          3 |
|             (extendedKalmanFilter_dadd_64ns_64ns_64_13_full_dsp_1_ip_u)                  |                           bd_0_hls_inst_0_extendedKalmanFilter_dadd_64ns_64ns_64_13_full_dsp_1_ip_5932 |          0 |          0 |       0 |    0 |     0 |      0 |      0 |          0 |
|             inst                                                                         |                                                             bd_0_hls_inst_0_floating_point_v7_1_16__25 |        645 |        620 |       0 |   25 |   808 |      0 |      0 |          3 |
|         dadd_64ns_64ns_64_13_full_dsp_1_U516                                             |                                bd_0_hls_inst_0_extendedKalmanFilter_dadd_64ns_64ns_64_13_full_dsp_1_14 |        645 |        620 |       0 |   25 |   936 |      0 |      0 |          3 |
|           (dadd_64ns_64ns_64_13_full_dsp_1_U516)                                         |                                bd_0_hls_inst_0_extendedKalmanFilter_dadd_64ns_64ns_64_13_full_dsp_1_14 |          0 |          0 |       0 |    0 |   128 |      0 |      0 |          0 |
|           extendedKalmanFilter_dadd_64ns_64ns_64_13_full_dsp_1_ip_u                      |                           bd_0_hls_inst_0_extendedKalmanFilter_dadd_64ns_64ns_64_13_full_dsp_1_ip_5748 |        645 |        620 |       0 |   25 |   808 |      0 |      0 |          3 |
|             (extendedKalmanFilter_dadd_64ns_64ns_64_13_full_dsp_1_ip_u)                  |                           bd_0_hls_inst_0_extendedKalmanFilter_dadd_64ns_64ns_64_13_full_dsp_1_ip_5748 |          0 |          0 |       0 |    0 |     0 |      0 |      0 |          0 |
|             inst                                                                         |                                                             bd_0_hls_inst_0_floating_point_v7_1_16__26 |        645 |        620 |       0 |   25 |   808 |      0 |      0 |          3 |
|         dadd_64ns_64ns_64_13_full_dsp_1_U517                                             |                                bd_0_hls_inst_0_extendedKalmanFilter_dadd_64ns_64ns_64_13_full_dsp_1_15 |        645 |        620 |       0 |   25 |   936 |      0 |      0 |          3 |
|           (dadd_64ns_64ns_64_13_full_dsp_1_U517)                                         |                                bd_0_hls_inst_0_extendedKalmanFilter_dadd_64ns_64ns_64_13_full_dsp_1_15 |          0 |          0 |       0 |    0 |   128 |      0 |      0 |          0 |
|           extendedKalmanFilter_dadd_64ns_64ns_64_13_full_dsp_1_ip_u                      |                           bd_0_hls_inst_0_extendedKalmanFilter_dadd_64ns_64ns_64_13_full_dsp_1_ip_5564 |        645 |        620 |       0 |   25 |   808 |      0 |      0 |          3 |
|             (extendedKalmanFilter_dadd_64ns_64ns_64_13_full_dsp_1_ip_u)                  |                           bd_0_hls_inst_0_extendedKalmanFilter_dadd_64ns_64ns_64_13_full_dsp_1_ip_5564 |          0 |          0 |       0 |    0 |     0 |      0 |      0 |          0 |
|             inst                                                                         |                                                              bd_0_hls_inst_0_floating_point_v7_1_16__4 |        645 |        620 |       0 |   25 |   808 |      0 |      0 |          3 |
|         dadddsub_64ns_64ns_64_13_full_dsp_1_U500                                         |                               bd_0_hls_inst_0_extendedKalmanFilter_dadddsub_64ns_64ns_64_13_full_dsp_1 |       1160 |       1135 |       0 |   25 |   937 |      0 |      0 |          3 |
|           (dadddsub_64ns_64ns_64_13_full_dsp_1_U500)                                     |                               bd_0_hls_inst_0_extendedKalmanFilter_dadddsub_64ns_64ns_64_13_full_dsp_1 |          2 |          2 |       0 |    0 |   129 |      0 |      0 |          0 |
|           extendedKalmanFilter_dadddsub_64ns_64ns_64_13_full_dsp_1_ip_u                  |                            bd_0_hls_inst_0_extendedKalmanFilter_dadddsub_64ns_64ns_64_13_full_dsp_1_ip |       1158 |       1133 |       0 |   25 |   808 |      0 |      0 |          3 |
|             (extendedKalmanFilter_dadddsub_64ns_64ns_64_13_full_dsp_1_ip_u)              |                            bd_0_hls_inst_0_extendedKalmanFilter_dadddsub_64ns_64ns_64_13_full_dsp_1_ip |        512 |        512 |       0 |    0 |     0 |      0 |      0 |          0 |
|             inst                                                                         |                                                 bd_0_hls_inst_0_floating_point_v7_1_16__parameterized3 |        646 |        621 |       0 |   25 |   808 |      0 |      0 |          3 |
|         dmul_64ns_64ns_64_15_max_dsp_1_U497                                              |                                    bd_0_hls_inst_0_extendedKalmanFilter_dmul_64ns_64ns_64_15_max_dsp_1 |        160 |         88 |       0 |   72 |   409 |      0 |      0 |         11 |
|           (dmul_64ns_64ns_64_15_max_dsp_1_U497)                                          |                                    bd_0_hls_inst_0_extendedKalmanFilter_dmul_64ns_64ns_64_15_max_dsp_1 |          0 |          0 |       0 |    0 |    65 |      0 |      0 |          0 |
|           extendedKalmanFilter_dmul_64ns_64ns_64_15_max_dsp_1_ip_u                       |                            bd_0_hls_inst_0_extendedKalmanFilter_dmul_64ns_64ns_64_15_max_dsp_1_ip_5296 |        160 |         88 |       0 |   72 |   344 |      0 |      0 |         11 |
|             (extendedKalmanFilter_dmul_64ns_64ns_64_15_max_dsp_1_ip_u)                   |                            bd_0_hls_inst_0_extendedKalmanFilter_dmul_64ns_64ns_64_15_max_dsp_1_ip_5296 |          0 |          0 |       0 |    0 |     0 |      0 |      0 |          0 |
|             inst                                                                         |                                             bd_0_hls_inst_0_floating_point_v7_1_16__parameterized0__13 |        160 |         88 |       0 |   72 |   344 |      0 |      0 |         11 |
|         dmul_64ns_64ns_64_15_max_dsp_1_U498                                              |                                 bd_0_hls_inst_0_extendedKalmanFilter_dmul_64ns_64ns_64_15_max_dsp_1_16 |        160 |         88 |       0 |   72 |   409 |      0 |      0 |         11 |
|           (dmul_64ns_64ns_64_15_max_dsp_1_U498)                                          |                                 bd_0_hls_inst_0_extendedKalmanFilter_dmul_64ns_64ns_64_15_max_dsp_1_16 |          0 |          0 |       0 |    0 |    65 |      0 |      0 |          0 |
|           extendedKalmanFilter_dmul_64ns_64ns_64_15_max_dsp_1_ip_u                       |                            bd_0_hls_inst_0_extendedKalmanFilter_dmul_64ns_64ns_64_15_max_dsp_1_ip_5210 |        160 |         88 |       0 |   72 |   344 |      0 |      0 |         11 |
|             (extendedKalmanFilter_dmul_64ns_64ns_64_15_max_dsp_1_ip_u)                   |                            bd_0_hls_inst_0_extendedKalmanFilter_dmul_64ns_64ns_64_15_max_dsp_1_ip_5210 |          0 |          0 |       0 |    0 |     0 |      0 |      0 |          0 |
|             inst                                                                         |                                             bd_0_hls_inst_0_floating_point_v7_1_16__parameterized0__12 |        160 |         88 |       0 |   72 |   344 |      0 |      0 |         11 |
|         dmul_64ns_64ns_64_15_max_dsp_1_U499                                              |                                 bd_0_hls_inst_0_extendedKalmanFilter_dmul_64ns_64ns_64_15_max_dsp_1_17 |        160 |         88 |       0 |   72 |   409 |      0 |      0 |         11 |
|           (dmul_64ns_64ns_64_15_max_dsp_1_U499)                                          |                                 bd_0_hls_inst_0_extendedKalmanFilter_dmul_64ns_64ns_64_15_max_dsp_1_17 |          0 |          0 |       0 |    0 |    65 |      0 |      0 |          0 |
|           extendedKalmanFilter_dmul_64ns_64ns_64_15_max_dsp_1_ip_u                       |                            bd_0_hls_inst_0_extendedKalmanFilter_dmul_64ns_64ns_64_15_max_dsp_1_ip_5124 |        160 |         88 |       0 |   72 |   344 |      0 |      0 |         11 |
|             (extendedKalmanFilter_dmul_64ns_64ns_64_15_max_dsp_1_ip_u)                   |                            bd_0_hls_inst_0_extendedKalmanFilter_dmul_64ns_64ns_64_15_max_dsp_1_ip_5124 |          0 |          0 |       0 |    0 |     0 |      0 |      0 |          0 |
|             inst                                                                         |                                             bd_0_hls_inst_0_floating_point_v7_1_16__parameterized0__11 |        160 |         88 |       0 |   72 |   344 |      0 |      0 |         11 |
|         dmul_64ns_64ns_64_15_max_dsp_1_U504                                              |                                 bd_0_hls_inst_0_extendedKalmanFilter_dmul_64ns_64ns_64_15_max_dsp_1_18 |        228 |        103 |       0 |  125 |   559 |      0 |      0 |         11 |
|           (dmul_64ns_64ns_64_15_max_dsp_1_U504)                                          |                                 bd_0_hls_inst_0_extendedKalmanFilter_dmul_64ns_64ns_64_15_max_dsp_1_18 |          1 |          1 |       0 |    0 |   128 |      0 |      0 |          0 |
|           extendedKalmanFilter_dmul_64ns_64ns_64_15_max_dsp_1_ip_u                       |                            bd_0_hls_inst_0_extendedKalmanFilter_dmul_64ns_64ns_64_15_max_dsp_1_ip_5038 |        227 |        102 |       0 |  125 |   431 |      0 |      0 |         11 |
|             (extendedKalmanFilter_dmul_64ns_64ns_64_15_max_dsp_1_ip_u)                   |                            bd_0_hls_inst_0_extendedKalmanFilter_dmul_64ns_64ns_64_15_max_dsp_1_ip_5038 |          0 |          0 |       0 |    0 |     0 |      0 |      0 |          0 |
|             inst                                                                         |                                             bd_0_hls_inst_0_floating_point_v7_1_16__parameterized0__20 |        227 |        102 |       0 |  125 |   431 |      0 |      0 |         11 |
|         dmul_64ns_64ns_64_15_max_dsp_1_U505                                              |                                 bd_0_hls_inst_0_extendedKalmanFilter_dmul_64ns_64ns_64_15_max_dsp_1_19 |        161 |         89 |       0 |   72 |   409 |      0 |      0 |         11 |
|           (dmul_64ns_64ns_64_15_max_dsp_1_U505)                                          |                                 bd_0_hls_inst_0_extendedKalmanFilter_dmul_64ns_64ns_64_15_max_dsp_1_19 |          1 |          1 |       0 |    0 |    65 |      0 |      0 |          0 |
|           extendedKalmanFilter_dmul_64ns_64ns_64_15_max_dsp_1_ip_u                       |                            bd_0_hls_inst_0_extendedKalmanFilter_dmul_64ns_64ns_64_15_max_dsp_1_ip_4952 |        160 |         88 |       0 |   72 |   344 |      0 |      0 |         11 |
|             (extendedKalmanFilter_dmul_64ns_64ns_64_15_max_dsp_1_ip_u)                   |                            bd_0_hls_inst_0_extendedKalmanFilter_dmul_64ns_64ns_64_15_max_dsp_1_ip_4952 |          0 |          0 |       0 |    0 |     0 |      0 |      0 |          0 |
|             inst                                                                         |                                                 bd_0_hls_inst_0_floating_point_v7_1_16__parameterized0 |        160 |         88 |       0 |   72 |   344 |      0 |      0 |         11 |
|         dmul_64ns_64ns_64_15_max_dsp_1_U506                                              |                                 bd_0_hls_inst_0_extendedKalmanFilter_dmul_64ns_64ns_64_15_max_dsp_1_20 |        161 |         89 |       0 |   72 |   409 |      0 |      0 |         11 |
|           (dmul_64ns_64ns_64_15_max_dsp_1_U506)                                          |                                 bd_0_hls_inst_0_extendedKalmanFilter_dmul_64ns_64ns_64_15_max_dsp_1_20 |          1 |          1 |       0 |    0 |    65 |      0 |      0 |          0 |
|           extendedKalmanFilter_dmul_64ns_64ns_64_15_max_dsp_1_ip_u                       |                            bd_0_hls_inst_0_extendedKalmanFilter_dmul_64ns_64ns_64_15_max_dsp_1_ip_4866 |        160 |         88 |       0 |   72 |   344 |      0 |      0 |         11 |
|             (extendedKalmanFilter_dmul_64ns_64ns_64_15_max_dsp_1_ip_u)                   |                            bd_0_hls_inst_0_extendedKalmanFilter_dmul_64ns_64ns_64_15_max_dsp_1_ip_4866 |          0 |          0 |       0 |    0 |     0 |      0 |      0 |          0 |
|             inst                                                                         |                                             bd_0_hls_inst_0_floating_point_v7_1_16__parameterized0__21 |        160 |         88 |       0 |   72 |   344 |      0 |      0 |         11 |
|         dmul_64ns_64ns_64_15_max_dsp_1_U511                                              |                                 bd_0_hls_inst_0_extendedKalmanFilter_dmul_64ns_64ns_64_15_max_dsp_1_21 |        160 |         88 |       0 |   72 |   409 |      0 |      0 |         11 |
|           (dmul_64ns_64ns_64_15_max_dsp_1_U511)                                          |                                 bd_0_hls_inst_0_extendedKalmanFilter_dmul_64ns_64ns_64_15_max_dsp_1_21 |          0 |          0 |       0 |    0 |    65 |      0 |      0 |          0 |
|           extendedKalmanFilter_dmul_64ns_64ns_64_15_max_dsp_1_ip_u                       |                            bd_0_hls_inst_0_extendedKalmanFilter_dmul_64ns_64ns_64_15_max_dsp_1_ip_4780 |        160 |         88 |       0 |   72 |   344 |      0 |      0 |         11 |
|             (extendedKalmanFilter_dmul_64ns_64ns_64_15_max_dsp_1_ip_u)                   |                            bd_0_hls_inst_0_extendedKalmanFilter_dmul_64ns_64ns_64_15_max_dsp_1_ip_4780 |          0 |          0 |       0 |    0 |     0 |      0 |      0 |          0 |
|             inst                                                                         |                                             bd_0_hls_inst_0_floating_point_v7_1_16__parameterized0__19 |        160 |         88 |       0 |   72 |   344 |      0 |      0 |         11 |
|         dmul_64ns_64ns_64_15_max_dsp_1_U512                                              |                                 bd_0_hls_inst_0_extendedKalmanFilter_dmul_64ns_64ns_64_15_max_dsp_1_22 |        162 |         90 |       0 |   72 |   409 |      0 |      0 |         11 |
|           (dmul_64ns_64ns_64_15_max_dsp_1_U512)                                          |                                 bd_0_hls_inst_0_extendedKalmanFilter_dmul_64ns_64ns_64_15_max_dsp_1_22 |          0 |          0 |       0 |    0 |    65 |      0 |      0 |          0 |
|           extendedKalmanFilter_dmul_64ns_64ns_64_15_max_dsp_1_ip_u                       |                            bd_0_hls_inst_0_extendedKalmanFilter_dmul_64ns_64ns_64_15_max_dsp_1_ip_4694 |        162 |         90 |       0 |   72 |   344 |      0 |      0 |         11 |
|             (extendedKalmanFilter_dmul_64ns_64ns_64_15_max_dsp_1_ip_u)                   |                            bd_0_hls_inst_0_extendedKalmanFilter_dmul_64ns_64ns_64_15_max_dsp_1_ip_4694 |          0 |          0 |       0 |    0 |     0 |      0 |      0 |          0 |
|             inst                                                                         |                                             bd_0_hls_inst_0_floating_point_v7_1_16__parameterized0__18 |        162 |         90 |       0 |   72 |   344 |      0 |      0 |         11 |
|         dmul_64ns_64ns_64_15_max_dsp_1_U513                                              |                                 bd_0_hls_inst_0_extendedKalmanFilter_dmul_64ns_64ns_64_15_max_dsp_1_23 |        162 |         90 |       0 |   72 |   409 |      0 |      0 |         11 |
|           (dmul_64ns_64ns_64_15_max_dsp_1_U513)                                          |                                 bd_0_hls_inst_0_extendedKalmanFilter_dmul_64ns_64ns_64_15_max_dsp_1_23 |          0 |          0 |       0 |    0 |    65 |      0 |      0 |          0 |
|           extendedKalmanFilter_dmul_64ns_64ns_64_15_max_dsp_1_ip_u                       |                            bd_0_hls_inst_0_extendedKalmanFilter_dmul_64ns_64ns_64_15_max_dsp_1_ip_4608 |        162 |         90 |       0 |   72 |   344 |      0 |      0 |         11 |
|             (extendedKalmanFilter_dmul_64ns_64ns_64_15_max_dsp_1_ip_u)                   |                            bd_0_hls_inst_0_extendedKalmanFilter_dmul_64ns_64ns_64_15_max_dsp_1_ip_4608 |          0 |          0 |       0 |    0 |     0 |      0 |      0 |          0 |
|             inst                                                                         |                                             bd_0_hls_inst_0_floating_point_v7_1_16__parameterized0__17 |        162 |         90 |       0 |   72 |   344 |      0 |      0 |         11 |
|         dmul_64ns_64ns_64_15_max_dsp_1_U518                                              |                                 bd_0_hls_inst_0_extendedKalmanFilter_dmul_64ns_64ns_64_15_max_dsp_1_24 |        160 |         88 |       0 |   72 |   409 |      0 |      0 |         11 |
|           (dmul_64ns_64ns_64_15_max_dsp_1_U518)                                          |                                 bd_0_hls_inst_0_extendedKalmanFilter_dmul_64ns_64ns_64_15_max_dsp_1_24 |          0 |          0 |       0 |    0 |    65 |      0 |      0 |          0 |
|           extendedKalmanFilter_dmul_64ns_64ns_64_15_max_dsp_1_ip_u                       |                            bd_0_hls_inst_0_extendedKalmanFilter_dmul_64ns_64ns_64_15_max_dsp_1_ip_4522 |        160 |         88 |       0 |   72 |   344 |      0 |      0 |         11 |
|             (extendedKalmanFilter_dmul_64ns_64ns_64_15_max_dsp_1_ip_u)                   |                            bd_0_hls_inst_0_extendedKalmanFilter_dmul_64ns_64ns_64_15_max_dsp_1_ip_4522 |          0 |          0 |       0 |    0 |     0 |      0 |      0 |          0 |
|             inst                                                                         |                                              bd_0_hls_inst_0_floating_point_v7_1_16__parameterized0__7 |        160 |         88 |       0 |   72 |   344 |      0 |      0 |         11 |
|         dmul_64ns_64ns_64_15_max_dsp_1_U519                                              |                                 bd_0_hls_inst_0_extendedKalmanFilter_dmul_64ns_64ns_64_15_max_dsp_1_25 |        160 |         88 |       0 |   72 |   409 |      0 |      0 |         11 |
|           (dmul_64ns_64ns_64_15_max_dsp_1_U519)                                          |                                 bd_0_hls_inst_0_extendedKalmanFilter_dmul_64ns_64ns_64_15_max_dsp_1_25 |          0 |          0 |       0 |    0 |    65 |      0 |      0 |          0 |
|           extendedKalmanFilter_dmul_64ns_64ns_64_15_max_dsp_1_ip_u                       |                            bd_0_hls_inst_0_extendedKalmanFilter_dmul_64ns_64ns_64_15_max_dsp_1_ip_4436 |        160 |         88 |       0 |   72 |   344 |      0 |      0 |         11 |
|             (extendedKalmanFilter_dmul_64ns_64ns_64_15_max_dsp_1_ip_u)                   |                            bd_0_hls_inst_0_extendedKalmanFilter_dmul_64ns_64ns_64_15_max_dsp_1_ip_4436 |          0 |          0 |       0 |    0 |     0 |      0 |      0 |          0 |
|             inst                                                                         |                                              bd_0_hls_inst_0_floating_point_v7_1_16__parameterized0__8 |        160 |         88 |       0 |   72 |   344 |      0 |      0 |         11 |
|         dmul_64ns_64ns_64_15_max_dsp_1_U520                                              |                                 bd_0_hls_inst_0_extendedKalmanFilter_dmul_64ns_64ns_64_15_max_dsp_1_26 |        160 |         88 |       0 |   72 |   409 |      0 |      0 |         11 |
|           (dmul_64ns_64ns_64_15_max_dsp_1_U520)                                          |                                 bd_0_hls_inst_0_extendedKalmanFilter_dmul_64ns_64ns_64_15_max_dsp_1_26 |          0 |          0 |       0 |    0 |    65 |      0 |      0 |          0 |
|           extendedKalmanFilter_dmul_64ns_64ns_64_15_max_dsp_1_ip_u                       |                            bd_0_hls_inst_0_extendedKalmanFilter_dmul_64ns_64ns_64_15_max_dsp_1_ip_4350 |        160 |         88 |       0 |   72 |   344 |      0 |      0 |         11 |
|             (extendedKalmanFilter_dmul_64ns_64ns_64_15_max_dsp_1_ip_u)                   |                            bd_0_hls_inst_0_extendedKalmanFilter_dmul_64ns_64ns_64_15_max_dsp_1_ip_4350 |          0 |          0 |       0 |    0 |     0 |      0 |      0 |          0 |
|             inst                                                                         |                                             bd_0_hls_inst_0_floating_point_v7_1_16__parameterized0__16 |        160 |         88 |       0 |   72 |   344 |      0 |      0 |         11 |
|         dmul_64ns_64ns_64_15_max_dsp_1_U521                                              |                                 bd_0_hls_inst_0_extendedKalmanFilter_dmul_64ns_64ns_64_15_max_dsp_1_27 |        160 |         88 |       0 |   72 |   409 |      0 |      0 |         11 |
|           (dmul_64ns_64ns_64_15_max_dsp_1_U521)                                          |                                 bd_0_hls_inst_0_extendedKalmanFilter_dmul_64ns_64ns_64_15_max_dsp_1_27 |          0 |          0 |       0 |    0 |    65 |      0 |      0 |          0 |
|           extendedKalmanFilter_dmul_64ns_64ns_64_15_max_dsp_1_ip_u                       |                            bd_0_hls_inst_0_extendedKalmanFilter_dmul_64ns_64ns_64_15_max_dsp_1_ip_4264 |        160 |         88 |       0 |   72 |   344 |      0 |      0 |         11 |
|             (extendedKalmanFilter_dmul_64ns_64ns_64_15_max_dsp_1_ip_u)                   |                            bd_0_hls_inst_0_extendedKalmanFilter_dmul_64ns_64ns_64_15_max_dsp_1_ip_4264 |          0 |          0 |       0 |    0 |     0 |      0 |      0 |          0 |
|             inst                                                                         |                                             bd_0_hls_inst_0_floating_point_v7_1_16__parameterized0__15 |        160 |         88 |       0 |   72 |   344 |      0 |      0 |         11 |
|         dmul_64ns_64ns_64_15_max_dsp_1_U522                                              |                                 bd_0_hls_inst_0_extendedKalmanFilter_dmul_64ns_64ns_64_15_max_dsp_1_28 |        160 |         88 |       0 |   72 |   409 |      0 |      0 |         11 |
|           (dmul_64ns_64ns_64_15_max_dsp_1_U522)                                          |                                 bd_0_hls_inst_0_extendedKalmanFilter_dmul_64ns_64ns_64_15_max_dsp_1_28 |          0 |          0 |       0 |    0 |    65 |      0 |      0 |          0 |
|           extendedKalmanFilter_dmul_64ns_64ns_64_15_max_dsp_1_ip_u                       |                            bd_0_hls_inst_0_extendedKalmanFilter_dmul_64ns_64ns_64_15_max_dsp_1_ip_4178 |        160 |         88 |       0 |   72 |   344 |      0 |      0 |         11 |
|             (extendedKalmanFilter_dmul_64ns_64ns_64_15_max_dsp_1_ip_u)                   |                            bd_0_hls_inst_0_extendedKalmanFilter_dmul_64ns_64ns_64_15_max_dsp_1_ip_4178 |          0 |          0 |       0 |    0 |     0 |      0 |      0 |          0 |
|             inst                                                                         |                                             bd_0_hls_inst_0_floating_point_v7_1_16__parameterized0__14 |        160 |         88 |       0 |   72 |   344 |      0 |      0 |         11 |
|         dmul_64ns_64ns_64_15_max_dsp_1_U523                                              |                                 bd_0_hls_inst_0_extendedKalmanFilter_dmul_64ns_64ns_64_15_max_dsp_1_29 |        160 |         88 |       0 |   72 |   409 |      0 |      0 |         11 |
|           (dmul_64ns_64ns_64_15_max_dsp_1_U523)                                          |                                 bd_0_hls_inst_0_extendedKalmanFilter_dmul_64ns_64ns_64_15_max_dsp_1_29 |          0 |          0 |       0 |    0 |    65 |      0 |      0 |          0 |
|           extendedKalmanFilter_dmul_64ns_64ns_64_15_max_dsp_1_ip_u                       |                            bd_0_hls_inst_0_extendedKalmanFilter_dmul_64ns_64ns_64_15_max_dsp_1_ip_4092 |        160 |         88 |       0 |   72 |   344 |      0 |      0 |         11 |
|             (extendedKalmanFilter_dmul_64ns_64ns_64_15_max_dsp_1_ip_u)                   |                            bd_0_hls_inst_0_extendedKalmanFilter_dmul_64ns_64ns_64_15_max_dsp_1_ip_4092 |          0 |          0 |       0 |    0 |     0 |      0 |      0 |          0 |
|             inst                                                                         |                                              bd_0_hls_inst_0_floating_point_v7_1_16__parameterized0__9 |        160 |         88 |       0 |   72 |   344 |      0 |      0 |         11 |
|         dmul_64ns_64ns_64_15_max_dsp_1_U524                                              |                                 bd_0_hls_inst_0_extendedKalmanFilter_dmul_64ns_64ns_64_15_max_dsp_1_30 |        160 |         88 |       0 |   72 |   409 |      0 |      0 |         11 |
|           (dmul_64ns_64ns_64_15_max_dsp_1_U524)                                          |                                 bd_0_hls_inst_0_extendedKalmanFilter_dmul_64ns_64ns_64_15_max_dsp_1_30 |          0 |          0 |       0 |    0 |    65 |      0 |      0 |          0 |
|           extendedKalmanFilter_dmul_64ns_64ns_64_15_max_dsp_1_ip_u                       |                            bd_0_hls_inst_0_extendedKalmanFilter_dmul_64ns_64ns_64_15_max_dsp_1_ip_4006 |        160 |         88 |       0 |   72 |   344 |      0 |      0 |         11 |
|             (extendedKalmanFilter_dmul_64ns_64ns_64_15_max_dsp_1_ip_u)                   |                            bd_0_hls_inst_0_extendedKalmanFilter_dmul_64ns_64ns_64_15_max_dsp_1_ip_4006 |          0 |          0 |       0 |    0 |     0 |      0 |      0 |          0 |
|             inst                                                                         |                                             bd_0_hls_inst_0_floating_point_v7_1_16__parameterized0__10 |        160 |         88 |       0 |   72 |   344 |      0 |      0 |         11 |
|         dsub_64ns_64ns_64_13_full_dsp_1_U491                                             |                                   bd_0_hls_inst_0_extendedKalmanFilter_dsub_64ns_64ns_64_13_full_dsp_1 |        686 |        661 |       0 |   25 |  1000 |      0 |      0 |          3 |
|           (dsub_64ns_64ns_64_13_full_dsp_1_U491)                                         |                                   bd_0_hls_inst_0_extendedKalmanFilter_dsub_64ns_64ns_64_13_full_dsp_1 |         32 |         32 |       0 |    0 |   192 |      0 |      0 |          0 |
|           extendedKalmanFilter_dsub_64ns_64ns_64_13_full_dsp_1_ip_u                      |                           bd_0_hls_inst_0_extendedKalmanFilter_dsub_64ns_64ns_64_13_full_dsp_1_ip_3822 |        654 |        629 |       0 |   25 |   808 |      0 |      0 |          3 |
|             (extendedKalmanFilter_dsub_64ns_64ns_64_13_full_dsp_1_ip_u)                  |                           bd_0_hls_inst_0_extendedKalmanFilter_dsub_64ns_64ns_64_13_full_dsp_1_ip_3822 |          0 |          0 |       0 |    0 |     0 |      0 |      0 |          0 |
|             inst                                                                         |                                                 bd_0_hls_inst_0_floating_point_v7_1_16__parameterized2 |        654 |        629 |       0 |   25 |   808 |      0 |      0 |          3 |
|         dsub_64ns_64ns_64_13_full_dsp_1_U492                                             |                                bd_0_hls_inst_0_extendedKalmanFilter_dsub_64ns_64ns_64_13_full_dsp_1_31 |        688 |        663 |       0 |   25 |  1001 |      0 |      0 |          3 |
|           (dsub_64ns_64ns_64_13_full_dsp_1_U492)                                         |                                bd_0_hls_inst_0_extendedKalmanFilter_dsub_64ns_64ns_64_13_full_dsp_1_31 |         34 |         34 |       0 |    0 |   193 |      0 |      0 |          0 |
|           extendedKalmanFilter_dsub_64ns_64ns_64_13_full_dsp_1_ip_u                      |                                bd_0_hls_inst_0_extendedKalmanFilter_dsub_64ns_64ns_64_13_full_dsp_1_ip |        654 |        629 |       0 |   25 |   808 |      0 |      0 |          3 |
|             (extendedKalmanFilter_dsub_64ns_64ns_64_13_full_dsp_1_ip_u)                  |                                bd_0_hls_inst_0_extendedKalmanFilter_dsub_64ns_64ns_64_13_full_dsp_1_ip |          0 |          0 |       0 |    0 |     0 |      0 |      0 |          0 |
|             inst                                                                         |                                              bd_0_hls_inst_0_floating_point_v7_1_16__parameterized2__1 |        654 |        629 |       0 |   25 |   808 |      0 |      0 |          3 |
|         grp_extendedKalmanFilter_Pipeline_VITIS_LOOP_101_148_fu_610                      |                  bd_0_hls_inst_0_extendedKalmanFilter_extendedKalmanFilter_Pipeline_VITIS_LOOP_101_148 |        377 |        366 |       0 |   11 |   595 |      0 |      0 |          0 |
|           (grp_extendedKalmanFilter_Pipeline_VITIS_LOOP_101_148_fu_610)                  |                  bd_0_hls_inst_0_extendedKalmanFilter_extendedKalmanFilter_Pipeline_VITIS_LOOP_101_148 |        176 |        165 |       0 |   11 |   593 |      0 |      0 |          0 |
|           flow_control_loop_pipe_sequential_init_U                                       |                       bd_0_hls_inst_0_extendedKalmanFilter_flow_control_loop_pipe_sequential_init_3636 |          9 |          9 |       0 |    0 |     2 |      0 |      0 |          0 |
|           sparsemux_9_2_64_1_1_U280                                                      |                                         bd_0_hls_inst_0_extendedKalmanFilter_sparsemux_9_2_64_1_1_3637 |         64 |         64 |       0 |    0 |     0 |      0 |      0 |          0 |
|           sparsemux_9_2_64_1_1_U281                                                      |                                         bd_0_hls_inst_0_extendedKalmanFilter_sparsemux_9_2_64_1_1_3638 |         64 |         64 |       0 |    0 |     0 |      0 |      0 |          0 |
|           sparsemux_9_2_64_1_1_U282                                                      |                                         bd_0_hls_inst_0_extendedKalmanFilter_sparsemux_9_2_64_1_1_3639 |         64 |         64 |       0 |    0 |     0 |      0 |      0 |          0 |
|         grp_extendedKalmanFilter_Pipeline_VITIS_LOOP_101_14_fu_586                       |                   bd_0_hls_inst_0_extendedKalmanFilter_extendedKalmanFilter_Pipeline_VITIS_LOOP_101_14 |        566 |        556 |       0 |   10 |   595 |      0 |      0 |          0 |
|           (grp_extendedKalmanFilter_Pipeline_VITIS_LOOP_101_14_fu_586)                   |                   bd_0_hls_inst_0_extendedKalmanFilter_extendedKalmanFilter_Pipeline_VITIS_LOOP_101_14 |        335 |        325 |       0 |   10 |   593 |      0 |      0 |          0 |
|           flow_control_loop_pipe_sequential_init_U                                       |                       bd_0_hls_inst_0_extendedKalmanFilter_flow_control_loop_pipe_sequential_init_3632 |         39 |         39 |       0 |    0 |     2 |      0 |      0 |          0 |
|           sparsemux_9_2_64_1_1_U249                                                      |                                         bd_0_hls_inst_0_extendedKalmanFilter_sparsemux_9_2_64_1_1_3633 |         64 |         64 |       0 |    0 |     0 |      0 |      0 |          0 |
|           sparsemux_9_2_64_1_1_U250                                                      |                                         bd_0_hls_inst_0_extendedKalmanFilter_sparsemux_9_2_64_1_1_3634 |         64 |         64 |       0 |    0 |     0 |      0 |      0 |          0 |
|           sparsemux_9_2_64_1_1_U251                                                      |                                         bd_0_hls_inst_0_extendedKalmanFilter_sparsemux_9_2_64_1_1_3635 |         64 |         64 |       0 |    0 |     0 |      0 |      0 |          0 |
|         grp_extendedKalmanFilter_Pipeline_VITIS_LOOP_110_179_fu_684                      |                  bd_0_hls_inst_0_extendedKalmanFilter_extendedKalmanFilter_Pipeline_VITIS_LOOP_110_179 |        209 |        200 |       0 |    9 |   203 |      0 |      0 |          0 |
|           (grp_extendedKalmanFilter_Pipeline_VITIS_LOOP_110_179_fu_684)                  |                  bd_0_hls_inst_0_extendedKalmanFilter_extendedKalmanFilter_Pipeline_VITIS_LOOP_110_179 |        149 |        140 |       0 |    9 |   201 |      0 |      0 |          0 |
|           flow_control_loop_pipe_sequential_init_U                                       |                       bd_0_hls_inst_0_extendedKalmanFilter_flow_control_loop_pipe_sequential_init_3631 |         60 |         60 |       0 |    0 |     2 |      0 |      0 |          0 |
|         grp_extendedKalmanFilter_Pipeline_VITIS_LOOP_110_17_fu_674                       |                   bd_0_hls_inst_0_extendedKalmanFilter_extendedKalmanFilter_Pipeline_VITIS_LOOP_110_17 |        203 |        194 |       0 |    9 |   330 |      0 |      0 |          0 |
|           (grp_extendedKalmanFilter_Pipeline_VITIS_LOOP_110_17_fu_674)                   |                   bd_0_hls_inst_0_extendedKalmanFilter_extendedKalmanFilter_Pipeline_VITIS_LOOP_110_17 |        171 |        162 |       0 |    9 |   328 |      0 |      0 |          0 |
|           flow_control_loop_pipe_sequential_init_U                                       |                       bd_0_hls_inst_0_extendedKalmanFilter_flow_control_loop_pipe_sequential_init_3630 |         32 |         32 |       0 |    0 |     2 |      0 |      0 |          0 |
|         grp_extendedKalmanFilter_Pipeline_VITIS_LOOP_121_2010_fu_644                     |                 bd_0_hls_inst_0_extendedKalmanFilter_extendedKalmanFilter_Pipeline_VITIS_LOOP_121_2010 |        145 |        136 |       0 |    9 |   267 |      0 |      0 |          0 |
|           (grp_extendedKalmanFilter_Pipeline_VITIS_LOOP_121_2010_fu_644)                 |                 bd_0_hls_inst_0_extendedKalmanFilter_extendedKalmanFilter_Pipeline_VITIS_LOOP_121_2010 |        140 |        131 |       0 |    9 |   265 |      0 |      0 |          0 |
|           flow_control_loop_pipe_sequential_init_U                                       |                       bd_0_hls_inst_0_extendedKalmanFilter_flow_control_loop_pipe_sequential_init_3629 |          5 |          5 |       0 |    0 |     2 |      0 |      0 |          0 |
|         grp_extendedKalmanFilter_Pipeline_VITIS_LOOP_121_2011_fu_654                     |                 bd_0_hls_inst_0_extendedKalmanFilter_extendedKalmanFilter_Pipeline_VITIS_LOOP_121_2011 |        105 |         96 |       0 |    9 |   246 |      0 |      0 |          0 |
|           (grp_extendedKalmanFilter_Pipeline_VITIS_LOOP_121_2011_fu_654)                 |                 bd_0_hls_inst_0_extendedKalmanFilter_extendedKalmanFilter_Pipeline_VITIS_LOOP_121_2011 |        100 |         91 |       0 |    9 |   244 |      0 |      0 |          0 |
|           flow_control_loop_pipe_sequential_init_U                                       |                       bd_0_hls_inst_0_extendedKalmanFilter_flow_control_loop_pipe_sequential_init_3628 |          5 |          5 |       0 |    0 |     2 |      0 |      0 |          0 |
|         grp_extendedKalmanFilter_Pipeline_VITIS_LOOP_121_2012_fu_664                     |                 bd_0_hls_inst_0_extendedKalmanFilter_extendedKalmanFilter_Pipeline_VITIS_LOOP_121_2012 |       2852 |       2600 |       0 |  252 |  4954 |      0 |      0 |         34 |
|           (grp_extendedKalmanFilter_Pipeline_VITIS_LOOP_121_2012_fu_664)                 |                 bd_0_hls_inst_0_extendedKalmanFilter_extendedKalmanFilter_Pipeline_VITIS_LOOP_121_2012 |         14 |          5 |       0 |    9 |   393 |      0 |      0 |          0 |
|           dadd_64ns_64ns_64_13_full_dsp_1_U373                                           |                              bd_0_hls_inst_0_extendedKalmanFilter_dadd_64ns_64ns_64_13_full_dsp_1_2719 |        600 |        576 |       0 |   24 |   807 |      0 |      0 |          3 |
|             (dadd_64ns_64ns_64_13_full_dsp_1_U373)                                       |                              bd_0_hls_inst_0_extendedKalmanFilter_dadd_64ns_64ns_64_13_full_dsp_1_2719 |          0 |          0 |       0 |    0 |    64 |      0 |      0 |          0 |
|             extendedKalmanFilter_dadd_64ns_64ns_64_13_full_dsp_1_ip_u                    |                           bd_0_hls_inst_0_extendedKalmanFilter_dadd_64ns_64ns_64_13_full_dsp_1_ip_3450 |        600 |        576 |       0 |   24 |   743 |      0 |      0 |          3 |
|           dadd_64ns_64ns_64_13_full_dsp_1_U374                                           |                              bd_0_hls_inst_0_extendedKalmanFilter_dadd_64ns_64ns_64_13_full_dsp_1_2720 |        645 |        620 |       0 |   25 |   936 |      0 |      0 |          3 |
|             (dadd_64ns_64ns_64_13_full_dsp_1_U374)                                       |                              bd_0_hls_inst_0_extendedKalmanFilter_dadd_64ns_64ns_64_13_full_dsp_1_2720 |          0 |          0 |       0 |    0 |   128 |      0 |      0 |          0 |
|             extendedKalmanFilter_dadd_64ns_64ns_64_13_full_dsp_1_ip_u                    |                           bd_0_hls_inst_0_extendedKalmanFilter_dadd_64ns_64ns_64_13_full_dsp_1_ip_3266 |        645 |        620 |       0 |   25 |   808 |      0 |      0 |          3 |
|           dadd_64ns_64ns_64_13_full_dsp_1_U375                                           |                              bd_0_hls_inst_0_extendedKalmanFilter_dadd_64ns_64ns_64_13_full_dsp_1_2721 |        645 |        620 |       0 |   25 |   936 |      0 |      0 |          3 |
|             (dadd_64ns_64ns_64_13_full_dsp_1_U375)                                       |                              bd_0_hls_inst_0_extendedKalmanFilter_dadd_64ns_64ns_64_13_full_dsp_1_2721 |          0 |          0 |       0 |    0 |   128 |      0 |      0 |          0 |
|             extendedKalmanFilter_dadd_64ns_64ns_64_13_full_dsp_1_ip_u                    |                           bd_0_hls_inst_0_extendedKalmanFilter_dadd_64ns_64ns_64_13_full_dsp_1_ip_3082 |        645 |        620 |       0 |   25 |   808 |      0 |      0 |          3 |
|           dadd_64ns_64ns_64_13_full_dsp_1_U376                                           |                              bd_0_hls_inst_0_extendedKalmanFilter_dadd_64ns_64ns_64_13_full_dsp_1_2722 |        645 |        620 |       0 |   25 |   936 |      0 |      0 |          3 |
|             (dadd_64ns_64ns_64_13_full_dsp_1_U376)                                       |                              bd_0_hls_inst_0_extendedKalmanFilter_dadd_64ns_64ns_64_13_full_dsp_1_2722 |          0 |          0 |       0 |    0 |   128 |      0 |      0 |          0 |
|             extendedKalmanFilter_dadd_64ns_64ns_64_13_full_dsp_1_ip_u                    |                           bd_0_hls_inst_0_extendedKalmanFilter_dadd_64ns_64ns_64_13_full_dsp_1_ip_2898 |        645 |        620 |       0 |   25 |   808 |      0 |      0 |          3 |
|           dmul_64ns_64ns_64_15_max_dsp_1_U379                                            |                               bd_0_hls_inst_0_extendedKalmanFilter_dmul_64ns_64ns_64_15_max_dsp_1_2723 |        149 |         77 |       0 |   72 |   472 |      0 |      0 |         11 |
|             (dmul_64ns_64ns_64_15_max_dsp_1_U379)                                        |                               bd_0_hls_inst_0_extendedKalmanFilter_dmul_64ns_64ns_64_15_max_dsp_1_2723 |          0 |          0 |       0 |    0 |   128 |      0 |      0 |          0 |
|             extendedKalmanFilter_dmul_64ns_64ns_64_15_max_dsp_1_ip_u                     |                            bd_0_hls_inst_0_extendedKalmanFilter_dmul_64ns_64ns_64_15_max_dsp_1_ip_2812 |        149 |         77 |       0 |   72 |   344 |      0 |      0 |         11 |
|           dmul_64ns_64ns_64_15_max_dsp_1_U380                                            |                               bd_0_hls_inst_0_extendedKalmanFilter_dmul_64ns_64ns_64_15_max_dsp_1_2724 |        149 |         77 |       0 |   72 |   472 |      0 |      0 |         11 |
|             (dmul_64ns_64ns_64_15_max_dsp_1_U380)                                        |                               bd_0_hls_inst_0_extendedKalmanFilter_dmul_64ns_64ns_64_15_max_dsp_1_2724 |          0 |          0 |       0 |    0 |   128 |      0 |      0 |          0 |
|             extendedKalmanFilter_dmul_64ns_64ns_64_15_max_dsp_1_ip_u                     |                            bd_0_hls_inst_0_extendedKalmanFilter_dmul_64ns_64ns_64_15_max_dsp_1_ip_2726 |        149 |         77 |       0 |   72 |   344 |      0 |      0 |         11 |
|           flow_control_loop_pipe_sequential_init_U                                       |                       bd_0_hls_inst_0_extendedKalmanFilter_flow_control_loop_pipe_sequential_init_2725 |          5 |          5 |       0 |    0 |     2 |      0 |      0 |          0 |
|         grp_extendedKalmanFilter_Pipeline_VITIS_LOOP_121_20_fu_634                       |                   bd_0_hls_inst_0_extendedKalmanFilter_extendedKalmanFilter_Pipeline_VITIS_LOOP_121_20 |       3170 |       2774 |       0 |  396 |  5899 |      0 |      0 |         56 |
|           (grp_extendedKalmanFilter_Pipeline_VITIS_LOOP_121_20_fu_634)                   |                   bd_0_hls_inst_0_extendedKalmanFilter_extendedKalmanFilter_Pipeline_VITIS_LOOP_121_20 |         12 |          3 |       0 |    9 |   393 |      0 |      0 |          0 |
|           dadd_64ns_64ns_64_13_full_dsp_1_U331                                           |                              bd_0_hls_inst_0_extendedKalmanFilter_dadd_64ns_64ns_64_13_full_dsp_1_1757 |        600 |        576 |       0 |   24 |   807 |      0 |      0 |          3 |
|             (dadd_64ns_64ns_64_13_full_dsp_1_U331)                                       |                              bd_0_hls_inst_0_extendedKalmanFilter_dadd_64ns_64ns_64_13_full_dsp_1_1757 |          0 |          0 |       0 |    0 |    64 |      0 |      0 |          0 |
|             extendedKalmanFilter_dadd_64ns_64ns_64_13_full_dsp_1_ip_u                    |                           bd_0_hls_inst_0_extendedKalmanFilter_dadd_64ns_64ns_64_13_full_dsp_1_ip_2541 |        600 |        576 |       0 |   24 |   743 |      0 |      0 |          3 |
|           dadd_64ns_64ns_64_13_full_dsp_1_U332                                           |                              bd_0_hls_inst_0_extendedKalmanFilter_dadd_64ns_64ns_64_13_full_dsp_1_1758 |        645 |        620 |       0 |   25 |   936 |      0 |      0 |          3 |
|             (dadd_64ns_64ns_64_13_full_dsp_1_U332)                                       |                              bd_0_hls_inst_0_extendedKalmanFilter_dadd_64ns_64ns_64_13_full_dsp_1_1758 |          0 |          0 |       0 |    0 |   128 |      0 |      0 |          0 |
|             extendedKalmanFilter_dadd_64ns_64ns_64_13_full_dsp_1_ip_u                    |                           bd_0_hls_inst_0_extendedKalmanFilter_dadd_64ns_64ns_64_13_full_dsp_1_ip_2357 |        645 |        620 |       0 |   25 |   808 |      0 |      0 |          3 |
|           dadd_64ns_64ns_64_13_full_dsp_1_U333                                           |                              bd_0_hls_inst_0_extendedKalmanFilter_dadd_64ns_64ns_64_13_full_dsp_1_1759 |        645 |        620 |       0 |   25 |   936 |      0 |      0 |          3 |
|             (dadd_64ns_64ns_64_13_full_dsp_1_U333)                                       |                              bd_0_hls_inst_0_extendedKalmanFilter_dadd_64ns_64ns_64_13_full_dsp_1_1759 |          0 |          0 |       0 |    0 |   128 |      0 |      0 |          0 |
|             extendedKalmanFilter_dadd_64ns_64ns_64_13_full_dsp_1_ip_u                    |                           bd_0_hls_inst_0_extendedKalmanFilter_dadd_64ns_64ns_64_13_full_dsp_1_ip_2173 |        645 |        620 |       0 |   25 |   808 |      0 |      0 |          3 |
|           dadd_64ns_64ns_64_13_full_dsp_1_U334                                           |                              bd_0_hls_inst_0_extendedKalmanFilter_dadd_64ns_64ns_64_13_full_dsp_1_1760 |        645 |        620 |       0 |   25 |   936 |      0 |      0 |          3 |
|             (dadd_64ns_64ns_64_13_full_dsp_1_U334)                                       |                              bd_0_hls_inst_0_extendedKalmanFilter_dadd_64ns_64ns_64_13_full_dsp_1_1760 |          0 |          0 |       0 |    0 |   128 |      0 |      0 |          0 |
|             extendedKalmanFilter_dadd_64ns_64ns_64_13_full_dsp_1_ip_u                    |                                bd_0_hls_inst_0_extendedKalmanFilter_dadd_64ns_64ns_64_13_full_dsp_1_ip |        645 |        620 |       0 |   25 |   808 |      0 |      0 |          3 |
|           dmul_64ns_64ns_64_15_max_dsp_1_U335                                            |                               bd_0_hls_inst_0_extendedKalmanFilter_dmul_64ns_64ns_64_15_max_dsp_1_1761 |        160 |         88 |       0 |   72 |   473 |      0 |      0 |         11 |
|             (dmul_64ns_64ns_64_15_max_dsp_1_U335)                                        |                               bd_0_hls_inst_0_extendedKalmanFilter_dmul_64ns_64ns_64_15_max_dsp_1_1761 |          0 |          0 |       0 |    0 |   129 |      0 |      0 |          0 |
|             extendedKalmanFilter_dmul_64ns_64ns_64_15_max_dsp_1_ip_u                     |                            bd_0_hls_inst_0_extendedKalmanFilter_dmul_64ns_64ns_64_15_max_dsp_1_ip_1970 |        160 |         88 |       0 |   72 |   344 |      0 |      0 |         11 |
|           dmul_64ns_64ns_64_15_max_dsp_1_U336                                            |                               bd_0_hls_inst_0_extendedKalmanFilter_dmul_64ns_64ns_64_15_max_dsp_1_1762 |        160 |         88 |       0 |   72 |   472 |      0 |      0 |         11 |
|             (dmul_64ns_64ns_64_15_max_dsp_1_U336)                                        |                               bd_0_hls_inst_0_extendedKalmanFilter_dmul_64ns_64ns_64_15_max_dsp_1_1762 |          0 |          0 |       0 |    0 |   128 |      0 |      0 |          0 |
|             extendedKalmanFilter_dmul_64ns_64ns_64_15_max_dsp_1_ip_u                     |                            bd_0_hls_inst_0_extendedKalmanFilter_dmul_64ns_64ns_64_15_max_dsp_1_ip_1884 |        160 |         88 |       0 |   72 |   344 |      0 |      0 |         11 |
|           dmul_64ns_64ns_64_15_max_dsp_1_U337                                            |                               bd_0_hls_inst_0_extendedKalmanFilter_dmul_64ns_64ns_64_15_max_dsp_1_1763 |        149 |         77 |       0 |   72 |   472 |      0 |      0 |         11 |
|             (dmul_64ns_64ns_64_15_max_dsp_1_U337)                                        |                               bd_0_hls_inst_0_extendedKalmanFilter_dmul_64ns_64ns_64_15_max_dsp_1_1763 |          0 |          0 |       0 |    0 |   128 |      0 |      0 |          0 |
|             extendedKalmanFilter_dmul_64ns_64ns_64_15_max_dsp_1_ip_u                     |                            bd_0_hls_inst_0_extendedKalmanFilter_dmul_64ns_64ns_64_15_max_dsp_1_ip_1798 |        149 |         77 |       0 |   72 |   344 |      0 |      0 |         11 |
|           dmul_64ns_64ns_64_15_max_dsp_1_U338                                            |                               bd_0_hls_inst_0_extendedKalmanFilter_dmul_64ns_64ns_64_15_max_dsp_1_1764 |        149 |         77 |       0 |   72 |   472 |      0 |      0 |         11 |
|             (dmul_64ns_64ns_64_15_max_dsp_1_U338)                                        |                               bd_0_hls_inst_0_extendedKalmanFilter_dmul_64ns_64ns_64_15_max_dsp_1_1764 |          0 |          0 |       0 |    0 |   128 |      0 |      0 |          0 |
|             extendedKalmanFilter_dmul_64ns_64ns_64_15_max_dsp_1_ip_u                     |                                 bd_0_hls_inst_0_extendedKalmanFilter_dmul_64ns_64ns_64_15_max_dsp_1_ip |        149 |         77 |       0 |   72 |   344 |      0 |      0 |         11 |
|           flow_control_loop_pipe_sequential_init_U                                       |                       bd_0_hls_inst_0_extendedKalmanFilter_flow_control_loop_pipe_sequential_init_1765 |          5 |          5 |       0 |    0 |     2 |      0 |      0 |          0 |
|         grp_extendedKalmanFilter_Pipeline_VITIS_LOOP_128_22_fu_694                       |                   bd_0_hls_inst_0_extendedKalmanFilter_extendedKalmanFilter_Pipeline_VITIS_LOOP_128_22 |      13399 |      12973 |       0 |  426 | 25555 |      0 |      0 |          0 |
|           (grp_extendedKalmanFilter_Pipeline_VITIS_LOOP_128_22_fu_694)                   |                   bd_0_hls_inst_0_extendedKalmanFilter_extendedKalmanFilter_Pipeline_VITIS_LOOP_128_22 |        137 |        131 |       0 |    6 |  1032 |      0 |      0 |          0 |
|           ddiv_64ns_64ns_64_59_no_dsp_1_U387                                             |                                     bd_0_hls_inst_0_extendedKalmanFilter_ddiv_64ns_64ns_64_59_no_dsp_1 |       3249 |       3144 |       0 |  105 |  6098 |      0 |      0 |          0 |
|             (ddiv_64ns_64ns_64_59_no_dsp_1_U387)                                         |                                     bd_0_hls_inst_0_extendedKalmanFilter_ddiv_64ns_64ns_64_59_no_dsp_1 |          0 |          0 |       0 |    0 |    64 |      0 |      0 |          0 |
|             extendedKalmanFilter_ddiv_64ns_64ns_64_59_no_dsp_1_ip_u                      |                             bd_0_hls_inst_0_extendedKalmanFilter_ddiv_64ns_64ns_64_59_no_dsp_1_ip_1319 |       3249 |       3144 |       0 |  105 |  6034 |      0 |      0 |          0 |
|           ddiv_64ns_64ns_64_59_no_dsp_1_U388                                             |                                  bd_0_hls_inst_0_extendedKalmanFilter_ddiv_64ns_64ns_64_59_no_dsp_1_60 |       3249 |       3144 |       0 |  105 |  6098 |      0 |      0 |          0 |
|             (ddiv_64ns_64ns_64_59_no_dsp_1_U388)                                         |                                  bd_0_hls_inst_0_extendedKalmanFilter_ddiv_64ns_64ns_64_59_no_dsp_1_60 |          0 |          0 |       0 |    0 |    64 |      0 |      0 |          0 |
|             extendedKalmanFilter_ddiv_64ns_64ns_64_59_no_dsp_1_ip_u                      |                              bd_0_hls_inst_0_extendedKalmanFilter_ddiv_64ns_64ns_64_59_no_dsp_1_ip_881 |       3249 |       3144 |       0 |  105 |  6034 |      0 |      0 |          0 |
|           ddiv_64ns_64ns_64_59_no_dsp_1_U389                                             |                                  bd_0_hls_inst_0_extendedKalmanFilter_ddiv_64ns_64ns_64_59_no_dsp_1_61 |       3249 |       3144 |       0 |  105 |  6162 |      0 |      0 |          0 |
|             (ddiv_64ns_64ns_64_59_no_dsp_1_U389)                                         |                                  bd_0_hls_inst_0_extendedKalmanFilter_ddiv_64ns_64ns_64_59_no_dsp_1_61 |          0 |          0 |       0 |    0 |   128 |      0 |      0 |          0 |
|             extendedKalmanFilter_ddiv_64ns_64ns_64_59_no_dsp_1_ip_u                      |                              bd_0_hls_inst_0_extendedKalmanFilter_ddiv_64ns_64ns_64_59_no_dsp_1_ip_443 |       3249 |       3144 |       0 |  105 |  6034 |      0 |      0 |          0 |
|           ddiv_64ns_64ns_64_59_no_dsp_1_U390                                             |                                  bd_0_hls_inst_0_extendedKalmanFilter_ddiv_64ns_64ns_64_59_no_dsp_1_62 |       3249 |       3144 |       0 |  105 |  6162 |      0 |      0 |          0 |
|             (ddiv_64ns_64ns_64_59_no_dsp_1_U390)                                         |                                  bd_0_hls_inst_0_extendedKalmanFilter_ddiv_64ns_64ns_64_59_no_dsp_1_62 |          0 |          0 |       0 |    0 |   128 |      0 |      0 |          0 |
|             extendedKalmanFilter_ddiv_64ns_64ns_64_59_no_dsp_1_ip_u                      |                                  bd_0_hls_inst_0_extendedKalmanFilter_ddiv_64ns_64ns_64_59_no_dsp_1_ip |       3249 |       3144 |       0 |  105 |  6034 |      0 |      0 |          0 |
|           flow_control_loop_pipe_sequential_init_U                                       |                         bd_0_hls_inst_0_extendedKalmanFilter_flow_control_loop_pipe_sequential_init_63 |        266 |        266 |       0 |    0 |     3 |      0 |      0 |          0 |
|         grp_extendedKalmanFilter_Pipeline_VITIS_LOOP_135_24_fu_716                       |                   bd_0_hls_inst_0_extendedKalmanFilter_extendedKalmanFilter_Pipeline_VITIS_LOOP_135_24 |        990 |        990 |       0 |    0 |   681 |      0 |      0 |          0 |
|           (grp_extendedKalmanFilter_Pipeline_VITIS_LOOP_135_24_fu_716)                   |                   bd_0_hls_inst_0_extendedKalmanFilter_extendedKalmanFilter_Pipeline_VITIS_LOOP_135_24 |        464 |        464 |       0 |    0 |   679 |      0 |      0 |          0 |
|           flow_control_loop_pipe_sequential_init_U                                       |                         bd_0_hls_inst_0_extendedKalmanFilter_flow_control_loop_pipe_sequential_init_59 |        526 |        526 |       0 |    0 |     2 |      0 |      0 |          0 |
|         grp_extendedKalmanFilter_Pipeline_VITIS_LOOP_140_25_VITIS_LOOP_141_26_fu_742     | bd_0_hls_inst_0_extendedKalmanFilter_extendedKalmanFilter_Pipeline_VITIS_LOOP_140_25_VITIS_LOOP_141_26 |         45 |         32 |       0 |   13 |   222 |      0 |      0 |          0 |
|           (grp_extendedKalmanFilter_Pipeline_VITIS_LOOP_140_25_VITIS_LOOP_141_26_fu_742) | bd_0_hls_inst_0_extendedKalmanFilter_extendedKalmanFilter_Pipeline_VITIS_LOOP_140_25_VITIS_LOOP_141_26 |         18 |          5 |       0 |   13 |   220 |      0 |      0 |          0 |
|           flow_control_loop_pipe_sequential_init_U                                       |                         bd_0_hls_inst_0_extendedKalmanFilter_flow_control_loop_pipe_sequential_init_58 |         27 |         27 |       0 |    0 |     2 |      0 |      0 |          0 |
|         grp_extendedKalmanFilter_Pipeline_VITIS_LOOP_148_28_VITIS_LOOP_149_29_fu_755     | bd_0_hls_inst_0_extendedKalmanFilter_extendedKalmanFilter_Pipeline_VITIS_LOOP_148_28_VITIS_LOOP_149_29 |       1930 |       1930 |       0 |    0 |  1201 |      0 |      0 |          0 |
|           (grp_extendedKalmanFilter_Pipeline_VITIS_LOOP_148_28_VITIS_LOOP_149_29_fu_755) | bd_0_hls_inst_0_extendedKalmanFilter_extendedKalmanFilter_Pipeline_VITIS_LOOP_148_28_VITIS_LOOP_149_29 |        562 |        562 |       0 |    0 |  1199 |      0 |      0 |          0 |
|           flow_control_loop_pipe_sequential_init_U                                       |                         bd_0_hls_inst_0_extendedKalmanFilter_flow_control_loop_pipe_sequential_init_52 |       1048 |       1048 |       0 |    0 |     2 |      0 |      0 |          0 |
|           sparsemux_9_2_64_1_1_U451                                                      |                                           bd_0_hls_inst_0_extendedKalmanFilter_sparsemux_9_2_64_1_1_53 |         64 |         64 |       0 |    0 |     0 |      0 |      0 |          0 |
|           sparsemux_9_2_64_1_1_U452                                                      |                                           bd_0_hls_inst_0_extendedKalmanFilter_sparsemux_9_2_64_1_1_54 |         64 |         64 |       0 |    0 |     0 |      0 |      0 |          0 |
|           sparsemux_9_2_64_1_1_U453                                                      |                                           bd_0_hls_inst_0_extendedKalmanFilter_sparsemux_9_2_64_1_1_55 |         64 |         64 |       0 |    0 |     0 |      0 |      0 |          0 |
|           sparsemux_9_2_64_1_1_U454                                                      |                                           bd_0_hls_inst_0_extendedKalmanFilter_sparsemux_9_2_64_1_1_56 |         64 |         64 |       0 |    0 |     0 |      0 |      0 |          0 |
|           sparsemux_9_2_64_1_1_U455                                                      |                                           bd_0_hls_inst_0_extendedKalmanFilter_sparsemux_9_2_64_1_1_57 |         64 |         64 |       0 |    0 |     0 |      0 |      0 |          0 |
|         grp_extendedKalmanFilter_Pipeline_VITIS_LOOP_58_41_fu_408                        |                    bd_0_hls_inst_0_extendedKalmanFilter_extendedKalmanFilter_Pipeline_VITIS_LOOP_58_41 |        695 |        684 |       0 |   11 |   595 |      0 |      0 |          0 |
|           (grp_extendedKalmanFilter_Pipeline_VITIS_LOOP_58_41_fu_408)                    |                    bd_0_hls_inst_0_extendedKalmanFilter_extendedKalmanFilter_Pipeline_VITIS_LOOP_58_41 |        432 |        421 |       0 |   11 |   593 |      0 |      0 |          0 |
|           flow_control_loop_pipe_sequential_init_U                                       |                         bd_0_hls_inst_0_extendedKalmanFilter_flow_control_loop_pipe_sequential_init_48 |         71 |         71 |       0 |    0 |     2 |      0 |      0 |          0 |
|           sparsemux_9_2_64_1_1_U41                                                       |                                           bd_0_hls_inst_0_extendedKalmanFilter_sparsemux_9_2_64_1_1_49 |         64 |         64 |       0 |    0 |     0 |      0 |      0 |          0 |
|           sparsemux_9_2_64_1_1_U42                                                       |                                           bd_0_hls_inst_0_extendedKalmanFilter_sparsemux_9_2_64_1_1_50 |         64 |         64 |       0 |    0 |     0 |      0 |      0 |          0 |
|           sparsemux_9_2_64_1_1_U43                                                       |                                           bd_0_hls_inst_0_extendedKalmanFilter_sparsemux_9_2_64_1_1_51 |         64 |         64 |       0 |    0 |     0 |      0 |      0 |          0 |
|         grp_extendedKalmanFilter_Pipeline_VITIS_LOOP_58_42_fu_432                        |                    bd_0_hls_inst_0_extendedKalmanFilter_extendedKalmanFilter_Pipeline_VITIS_LOOP_58_42 |        407 |        396 |       0 |   11 |   531 |      0 |      0 |          0 |
|           (grp_extendedKalmanFilter_Pipeline_VITIS_LOOP_58_42_fu_432)                    |                    bd_0_hls_inst_0_extendedKalmanFilter_extendedKalmanFilter_Pipeline_VITIS_LOOP_58_42 |        144 |        133 |       0 |   11 |   529 |      0 |      0 |          0 |
|           flow_control_loop_pipe_sequential_init_U                                       |                         bd_0_hls_inst_0_extendedKalmanFilter_flow_control_loop_pipe_sequential_init_44 |         71 |         71 |       0 |    0 |     2 |      0 |      0 |          0 |
|           sparsemux_9_2_64_1_1_U72                                                       |                                           bd_0_hls_inst_0_extendedKalmanFilter_sparsemux_9_2_64_1_1_45 |         64 |         64 |       0 |    0 |     0 |      0 |      0 |          0 |
|           sparsemux_9_2_64_1_1_U73                                                       |                                           bd_0_hls_inst_0_extendedKalmanFilter_sparsemux_9_2_64_1_1_46 |         64 |         64 |       0 |    0 |     0 |      0 |      0 |          0 |
|           sparsemux_9_2_64_1_1_U74                                                       |                                           bd_0_hls_inst_0_extendedKalmanFilter_sparsemux_9_2_64_1_1_47 |         64 |         64 |       0 |    0 |     0 |      0 |      0 |          0 |
|         grp_extendedKalmanFilter_Pipeline_VITIS_LOOP_58_43_fu_456                        |                    bd_0_hls_inst_0_extendedKalmanFilter_extendedKalmanFilter_Pipeline_VITIS_LOOP_58_43 |        506 |        493 |       0 |   13 |   657 |      0 |      0 |          0 |
|           (grp_extendedKalmanFilter_Pipeline_VITIS_LOOP_58_43_fu_456)                    |                    bd_0_hls_inst_0_extendedKalmanFilter_extendedKalmanFilter_Pipeline_VITIS_LOOP_58_43 |        243 |        230 |       0 |   13 |   655 |      0 |      0 |          0 |
|           flow_control_loop_pipe_sequential_init_U                                       |                         bd_0_hls_inst_0_extendedKalmanFilter_flow_control_loop_pipe_sequential_init_40 |         71 |         71 |       0 |    0 |     2 |      0 |      0 |          0 |
|           sparsemux_9_2_64_1_1_U103                                                      |                                           bd_0_hls_inst_0_extendedKalmanFilter_sparsemux_9_2_64_1_1_41 |         64 |         64 |       0 |    0 |     0 |      0 |      0 |          0 |
|           sparsemux_9_2_64_1_1_U104                                                      |                                           bd_0_hls_inst_0_extendedKalmanFilter_sparsemux_9_2_64_1_1_42 |         64 |         64 |       0 |    0 |     0 |      0 |      0 |          0 |
|           sparsemux_9_2_64_1_1_U105                                                      |                                           bd_0_hls_inst_0_extendedKalmanFilter_sparsemux_9_2_64_1_1_43 |         64 |         64 |       0 |    0 |     0 |      0 |      0 |          0 |
|         grp_extendedKalmanFilter_Pipeline_VITIS_LOOP_58_4_fu_384                         |                     bd_0_hls_inst_0_extendedKalmanFilter_extendedKalmanFilter_Pipeline_VITIS_LOOP_58_4 |        605 |        595 |       0 |   10 |   851 |      0 |      0 |          0 |
|           (grp_extendedKalmanFilter_Pipeline_VITIS_LOOP_58_4_fu_384)                     |                     bd_0_hls_inst_0_extendedKalmanFilter_extendedKalmanFilter_Pipeline_VITIS_LOOP_58_4 |        335 |        325 |       0 |   10 |   849 |      0 |      0 |          0 |
|           flow_control_loop_pipe_sequential_init_U                                       |                         bd_0_hls_inst_0_extendedKalmanFilter_flow_control_loop_pipe_sequential_init_37 |         78 |         78 |       0 |    0 |     2 |      0 |      0 |          0 |
|           sparsemux_9_2_64_1_1_U10                                                       |                                              bd_0_hls_inst_0_extendedKalmanFilter_sparsemux_9_2_64_1_1 |         64 |         64 |       0 |    0 |     0 |      0 |      0 |          0 |
|           sparsemux_9_2_64_1_1_U11                                                       |                                           bd_0_hls_inst_0_extendedKalmanFilter_sparsemux_9_2_64_1_1_38 |         64 |         64 |       0 |    0 |     0 |      0 |      0 |          0 |
|           sparsemux_9_2_64_1_1_U9                                                        |                                           bd_0_hls_inst_0_extendedKalmanFilter_sparsemux_9_2_64_1_1_39 |         64 |         64 |       0 |    0 |     0 |      0 |      0 |          0 |
|         grp_extendedKalmanFilter_Pipeline_VITIS_LOOP_67_74_fu_514                        |                    bd_0_hls_inst_0_extendedKalmanFilter_extendedKalmanFilter_Pipeline_VITIS_LOOP_67_74 |        868 |        854 |       0 |   14 |   471 |      0 |      0 |          0 |
|           (grp_extendedKalmanFilter_Pipeline_VITIS_LOOP_67_74_fu_514)                    |                    bd_0_hls_inst_0_extendedKalmanFilter_extendedKalmanFilter_Pipeline_VITIS_LOOP_67_74 |        568 |        554 |       0 |   14 |   466 |      0 |      0 |          0 |
|           flow_control_loop_pipe_sequential_init_U                                       |                         bd_0_hls_inst_0_extendedKalmanFilter_flow_control_loop_pipe_sequential_init_36 |        300 |        300 |       0 |    0 |     5 |      0 |      0 |          0 |
|         grp_extendedKalmanFilter_Pipeline_VITIS_LOOP_67_75_fu_538                        |                    bd_0_hls_inst_0_extendedKalmanFilter_extendedKalmanFilter_Pipeline_VITIS_LOOP_67_75 |        716 |        702 |       0 |   14 |   406 |      0 |      0 |          0 |
|           (grp_extendedKalmanFilter_Pipeline_VITIS_LOOP_67_75_fu_538)                    |                    bd_0_hls_inst_0_extendedKalmanFilter_extendedKalmanFilter_Pipeline_VITIS_LOOP_67_75 |        443 |        429 |       0 |   14 |   402 |      0 |      0 |          0 |
|           flow_control_loop_pipe_sequential_init_U                                       |                         bd_0_hls_inst_0_extendedKalmanFilter_flow_control_loop_pipe_sequential_init_35 |        273 |        273 |       0 |    0 |     4 |      0 |      0 |          0 |
|         grp_extendedKalmanFilter_Pipeline_VITIS_LOOP_67_76_fu_562                        |                    bd_0_hls_inst_0_extendedKalmanFilter_extendedKalmanFilter_Pipeline_VITIS_LOOP_67_76 |        488 |        474 |       0 |   14 |   473 |      0 |      0 |          0 |
|           (grp_extendedKalmanFilter_Pipeline_VITIS_LOOP_67_76_fu_562)                    |                    bd_0_hls_inst_0_extendedKalmanFilter_extendedKalmanFilter_Pipeline_VITIS_LOOP_67_76 |        215 |        201 |       0 |   14 |   469 |      0 |      0 |          0 |
|           flow_control_loop_pipe_sequential_init_U                                       |                         bd_0_hls_inst_0_extendedKalmanFilter_flow_control_loop_pipe_sequential_init_34 |        273 |        273 |       0 |    0 |     4 |      0 |      0 |          0 |
|         grp_extendedKalmanFilter_Pipeline_VITIS_LOOP_67_7_fu_490                         |                     bd_0_hls_inst_0_extendedKalmanFilter_extendedKalmanFilter_Pipeline_VITIS_LOOP_67_7 |        491 |        477 |       0 |   14 |   556 |      0 |      0 |          0 |
|           (grp_extendedKalmanFilter_Pipeline_VITIS_LOOP_67_7_fu_490)                     |                     bd_0_hls_inst_0_extendedKalmanFilter_extendedKalmanFilter_Pipeline_VITIS_LOOP_67_7 |        216 |        202 |       0 |   14 |   551 |      0 |      0 |          0 |
|           flow_control_loop_pipe_sequential_init_U                                       |                         bd_0_hls_inst_0_extendedKalmanFilter_flow_control_loop_pipe_sequential_init_33 |        275 |        275 |       0 |    0 |     5 |      0 |      0 |          0 |
|         grp_extendedKalmanFilter_Pipeline_VITIS_LOOP_94_127_fu_485                       |                   bd_0_hls_inst_0_extendedKalmanFilter_extendedKalmanFilter_Pipeline_VITIS_LOOP_94_127 |          4 |          4 |       0 |    0 |     5 |      0 |      0 |          0 |
|           (grp_extendedKalmanFilter_Pipeline_VITIS_LOOP_94_127_fu_485)                   |                   bd_0_hls_inst_0_extendedKalmanFilter_extendedKalmanFilter_Pipeline_VITIS_LOOP_94_127 |          0 |          0 |       0 |    0 |     3 |      0 |      0 |          0 |
|           flow_control_loop_pipe_sequential_init_U                                       |                         bd_0_hls_inst_0_extendedKalmanFilter_flow_control_loop_pipe_sequential_init_32 |          4 |          4 |       0 |    0 |     2 |      0 |      0 |          0 |
|         grp_extendedKalmanFilter_Pipeline_VITIS_LOOP_94_12_fu_480                        |                    bd_0_hls_inst_0_extendedKalmanFilter_extendedKalmanFilter_Pipeline_VITIS_LOOP_94_12 |          9 |          9 |       0 |    0 |     5 |      0 |      0 |          0 |
|           (grp_extendedKalmanFilter_Pipeline_VITIS_LOOP_94_12_fu_480)                    |                    bd_0_hls_inst_0_extendedKalmanFilter_extendedKalmanFilter_Pipeline_VITIS_LOOP_94_12 |          5 |          5 |       0 |    0 |     3 |      0 |      0 |          0 |
|           flow_control_loop_pipe_sequential_init_U                                       |                            bd_0_hls_inst_0_extendedKalmanFilter_flow_control_loop_pipe_sequential_init |          4 |          4 |       0 |    0 |     2 |      0 |      0 |          0 |
|         temp2_U                                                                          |                                               bd_0_hls_inst_0_extendedKalmanFilter_temp2_RAM_AUTO_1R1W |          0 |          0 |       0 |    0 |     0 |      1 |      0 |          0 |
+------------------------------------------------------------------------------------------+--------------------------------------------------------------------------------------------------------+------------+------------+---------+------+-------+--------+--------+------------+


