

================================================================
== Vitis HLS Report for 'extendedKalmanFilter_Pipeline_VITIS_LOOP_94_127'
================================================================
* Date:           Sun Mar 17 14:02:15 2024

* Version:        2023.2 (Build 4023990 on Oct 11 2023)
* Project:        ExtendedKalmanFilter
* Solution:       solution2 (Vivado IP Flow Target)
* Product family: kintex7
* Target device:  xc7k160t-fbg676-2


================================================================
== Performance Estimates
================================================================
+ Timing: 
    * Summary: 
    +--------+---------+----------+------------+
    |  Clock |  Target | Estimated| Uncertainty|
    +--------+---------+----------+------------+
    |ap_clk  |  4.00 ns|  2.516 ns|     1.08 ns|
    +--------+---------+----------+------------+

+ Latency: 
    * Summary: 
    +---------+---------+-----------+-----------+-----+-----+---------+
    |  Latency (cycles) |   Latency (absolute)  |  Interval | Pipeline|
    |   min   |   max   |    min    |    max    | min | max |   Type  |
    +---------+---------+-----------+-----------+-----+-----+---------+
    |        4|        4|  16.000 ns|  16.000 ns|    4|    4|       no|
    +---------+---------+-----------+-----------+-----+-----+---------+

    + Detail: 
        * Instance: 
        N/A

        * Loop: 
        +--------------------+---------+---------+----------+-----------+-----------+------+----------+
        |                    |  Latency (cycles) | Iteration|  Initiation Interval  | Trip |          |
        |      Loop Name     |   min   |   max   |  Latency |  achieved |   target  | Count| Pipelined|
        +--------------------+---------+---------+----------+-----------+-----------+------+----------+
        |- VITIS_LOOP_94_12  |        2|        2|         1|          1|          1|     2|       yes|
        +--------------------+---------+---------+----------+-----------+-----------+------+----------+



================================================================
== Utilization Estimates
================================================================
* Summary: 
+-----------------+---------+-----+--------+--------+-----+
|       Name      | BRAM_18K| DSP |   FF   |   LUT  | URAM|
+-----------------+---------+-----+--------+--------+-----+
|DSP              |        -|    -|       -|       -|    -|
|Expression       |        -|    -|       0|     157|    -|
|FIFO             |        -|    -|       -|       -|    -|
|Instance         |        -|    -|       -|       -|    -|
|Memory           |        -|    -|       -|       -|    -|
|Multiplexer      |        -|    -|       -|      27|    -|
|Register         |        -|    -|      68|       -|    -|
+-----------------+---------+-----+--------+--------+-----+
|Total            |        0|    0|      68|     184|    0|
+-----------------+---------+-----+--------+--------+-----+
|Available        |      650|  600|  202800|  101400|    0|
+-----------------+---------+-----+--------+--------+-----+
|Utilization (%)  |        0|    0|      ~0|      ~0|    0|
+-----------------+---------+-----+--------+--------+-----+

+ Detail: 
    * Instance: 
    N/A

    * DSP: 
    N/A

    * Memory: 
    N/A

    * FIFO: 
    N/A

    * Expression: 
    +----------------------+----------+----+---+----+------------+------------+
    |     Variable Name    | Operation| DSP| FF| LUT| Bitwidth P0| Bitwidth P1|
    +----------------------+----------+----+---+----+------------+------------+
    |add_ln94_fu_61_p2     |         +|   0|  0|  10|           2|           1|
    |icmp_ln94_fu_55_p2    |      icmp|   0|  0|  11|           2|           3|
    |icmp_ln95_fu_70_p2    |      icmp|   0|  0|  10|           2|           1|
    |S_1_1_fu_76_p3        |    select|   0|  0|  62|           1|          62|
    |select_ln95_fu_88_p3  |    select|   0|  0|  64|           1|          64|
    +----------------------+----------+----+---+----+------------+------------+
    |Total                 |          |   0|  0| 157|           8|         131|
    +----------------------+----------+----+---+----+------------+------------+

    * Multiplexer: 
    +----------------------+----+-----------+-----+-----------+
    |         Name         | LUT| Input Size| Bits| Total Bits|
    +----------------------+----+-----------+-----+-----------+
    |ap_done_int           |   9|          2|    1|          2|
    |ap_sig_allocacmp_j_1  |   9|          2|    2|          4|
    |j_fu_32               |   9|          2|    2|          4|
    +----------------------+----+-----------+-----+-----------+
    |Total                 |  27|          6|    5|         10|
    +----------------------+----+-----------+-----+-----------+

    * Register: 
    +---------------+----+----+-----+-----------+
    |      Name     | FF | LUT| Bits| Const Bits|
    +---------------+----+----+-----+-----------+
    |S_1_1_2_fu_36  |  64|   0|   64|          0|
    |ap_CS_fsm      |   1|   0|    1|          0|
    |ap_done_reg    |   1|   0|    1|          0|
    |j_fu_32        |   2|   0|    2|          0|
    +---------------+----+----+-----+-----------+
    |Total          |  68|   0|   68|          0|
    +---------------+----+----+-----+-----------+



================================================================
== Interface
================================================================
* Summary: 
+--------------------+-----+-----+------------+-------------------------------------------------+--------------+
|      RTL Ports     | Dir | Bits|  Protocol  |                  Source Object                  |    C Type    |
+--------------------+-----+-----+------------+-------------------------------------------------+--------------+
|ap_clk              |   in|    1|  ap_ctrl_hs|  extendedKalmanFilter_Pipeline_VITIS_LOOP_94_127|  return value|
|ap_rst              |   in|    1|  ap_ctrl_hs|  extendedKalmanFilter_Pipeline_VITIS_LOOP_94_127|  return value|
|ap_start            |   in|    1|  ap_ctrl_hs|  extendedKalmanFilter_Pipeline_VITIS_LOOP_94_127|  return value|
|ap_done             |  out|    1|  ap_ctrl_hs|  extendedKalmanFilter_Pipeline_VITIS_LOOP_94_127|  return value|
|ap_idle             |  out|    1|  ap_ctrl_hs|  extendedKalmanFilter_Pipeline_VITIS_LOOP_94_127|  return value|
|ap_ready            |  out|    1|  ap_ctrl_hs|  extendedKalmanFilter_Pipeline_VITIS_LOOP_94_127|  return value|
|S_1_1_2_out         |  out|   64|      ap_vld|                                      S_1_1_2_out|       pointer|
|S_1_1_2_out_ap_vld  |  out|    1|      ap_vld|                                      S_1_1_2_out|       pointer|
+--------------------+-----+-----+------------+-------------------------------------------------+--------------+

