

================================================================
== Vitis HLS Report for 'extendedKalmanFilter'
================================================================
* Date:           Sun Mar 17 15:39:13 2024

* Version:        2023.2 (Build 4023990 on Oct 11 2023)
* Project:        ExtendedKalmanFilter
* Solution:       solution1 (Vivado IP Flow Target)
* Product family: kintex7
* Target device:  xc7k160t-fbg676-2


================================================================
== Performance Estimates
================================================================
+ Timing: 
    * Summary: 
    +--------+---------+----------+------------+
    |  Clock |  Target | Estimated| Uncertainty|
    +--------+---------+----------+------------+
    |ap_clk  |  4.00 ns|  3.341 ns|     1.08 ns|
    +--------+---------+----------+------------+

+ Latency: 
    * Summary: 
    +---------+---------+-----------+-----------+------+------+---------+
    |  Latency (cycles) |   Latency (absolute)  |   Interval  | Pipeline|
    |   min   |   max   |    min    |    max    |  min |  max |   Type  |
    +---------+---------+-----------+-----------+------+------+---------+
    |     8619|     8619|  34.476 us|  34.476 us|  8620|  8620|       no|
    +---------+---------+-----------+-----------+------+------+---------+

    + Detail: 
        * Instance: 
        N/A

        * Loop: 
        +------------------------+---------+---------+----------+-----------+-----------+------+----------+
        |                        |  Latency (cycles) | Iteration|  Initiation Interval  | Trip |          |
        |        Loop Name       |   min   |   max   |  Latency |  achieved |   target  | Count| Pipelined|
        +------------------------+---------+---------+----------+-----------+-----------+------+----------+
        |- unroll_line55         |     2040|     2040|       510|          -|          -|     4|        no|
        | + VITIS_LOOP_56_2      |      508|      508|       127|          -|          -|     4|        no|
        |  ++ VITIS_LOOP_58_3    |      124|      124|        31|          -|          -|     4|        no|
        |- unroll_line63         |     2040|     2040|       510|          -|          -|     4|        no|
        | + VITIS_LOOP_64_4      |      508|      508|       127|          -|          -|     4|        no|
        |  ++ VITIS_LOOP_66_5    |      124|      124|        31|          -|          -|     4|        no|
        |- unroll_line88         |        8|        8|         4|          -|          -|     2|        no|
        | + VITIS_LOOP_89_7      |        2|        2|         1|          -|          -|     2|        no|
        |- unroll_line94         |     1012|     1012|       506|          -|          -|     2|        no|
        | + VITIS_LOOP_95_8      |      504|      504|       126|          -|          -|     4|        no|
        |  ++ VITIS_LOOP_97_9    |      124|      124|        31|          -|          -|     4|        no|
        |- unroll_line102        |      492|      492|       246|          -|          -|     2|        no|
        | + VITIS_LOOP_103_10    |      244|      244|       122|          -|          -|     2|        no|
        |  ++ VITIS_LOOP_105_11  |      120|      120|        30|          -|          -|     4|        no|
        |- unroll_line112        |     1016|     1016|       254|          -|          -|     4|        no|
        | + VITIS_LOOP_113_12    |      252|      252|       126|          -|          -|     2|        no|
        |  ++ VITIS_LOOP_115_13  |      124|      124|        31|          -|          -|     4|        no|
        |- unroll_line120        |      504|      504|       126|          -|          -|     4|        no|
        | + VITIS_LOOP_121_14    |      124|      124|        62|          -|          -|     2|        no|
        |- unroll_line126        |      176|      176|        44|          -|          -|     4|        no|
        |- unroll_line131        |     1016|     1016|       254|          -|          -|     4|        no|
        | + VITIS_LOOP_132_15    |      252|      252|        63|          -|          -|     4|        no|
        |  ++ VITIS_LOOP_134_16  |       60|       60|        30|          -|          -|     2|        no|
        |- unroll_line139        |      280|      280|        70|          -|          -|     4|        no|
        | + VITIS_LOOP_140_17    |       68|       68|        17|          -|          -|     4|        no|
        +------------------------+---------+---------+----------+-----------+-----------+------+----------+



================================================================
== Utilization Estimates
================================================================
* Summary: 
+-----------------+---------+-----+--------+--------+-----+
|       Name      | BRAM_18K| DSP |   FF   |   LUT  | URAM|
+-----------------+---------+-----+--------+--------+-----+
|DSP              |        -|    -|       -|       -|    -|
|Expression       |        -|    -|       0|    1679|    -|
|FIFO             |        -|    -|       -|       -|    -|
|Instance         |        -|   34|    5046|    3792|    -|
|Memory           |        8|    -|     320|      32|    0|
|Multiplexer      |        -|    -|       -|    2565|    -|
|Register         |        -|    -|    3201|       -|    -|
+-----------------+---------+-----+--------+--------+-----+
|Total            |        8|   34|    8567|    8068|    0|
+-----------------+---------+-----+--------+--------+-----+
|Available        |      650|  600|  202800|  101400|    0|
+-----------------+---------+-----+--------+--------+-----+
|Utilization (%)  |        1|    5|       4|       7|    0|
+-----------------+---------+-----+--------+--------+-----+

+ Detail: 
    * Instance: 
    +----------------------------------------+-------------------------------------+---------+----+-----+-----+-----+
    |                Instance                |                Module               | BRAM_18K| DSP|  FF | LUT | URAM|
    +----------------------------------------+-------------------------------------+---------+----+-----+-----+-----+
    |dadd_64ns_64ns_64_13_full_dsp_1_U3      |dadd_64ns_64ns_64_13_full_dsp_1      |        0|   3|  979|  800|    0|
    |dadd_64ns_64ns_64_13_full_dsp_1_U4      |dadd_64ns_64ns_64_13_full_dsp_1      |        0|   3|  979|  800|    0|
    |dadddsub_64ns_64ns_64_13_full_dsp_1_U1  |dadddsub_64ns_64ns_64_13_full_dsp_1  |        0|   3|  979|  800|    0|
    |dadddsub_64ns_64ns_64_13_full_dsp_1_U2  |dadddsub_64ns_64ns_64_13_full_dsp_1  |        0|   3|  979|  800|    0|
    |ddiv_64ns_64ns_64_59_no_dsp_1_U7        |ddiv_64ns_64ns_64_59_no_dsp_1        |        0|   0|    0|    0|    0|
    |dmul_64ns_64ns_64_15_max_dsp_1_U5       |dmul_64ns_64ns_64_15_max_dsp_1       |        0|  11|  565|  296|    0|
    |dmul_64ns_64ns_64_15_max_dsp_1_U6       |dmul_64ns_64ns_64_15_max_dsp_1       |        0|  11|  565|  296|    0|
    +----------------------------------------+-------------------------------------+---------+----+-----+-----+-----+
    |Total                                   |                                     |        0|  34| 5046| 3792|    0|
    +----------------------------------------+-------------------------------------+---------+----+-----+-----+-----+

    * DSP: 
    N/A

    * Memory: 
    +---------+---------------------+---------+-----+----+-----+------+-----+------+-------------+
    |  Memory |        Module       | BRAM_18K|  FF | LUT| URAM| Words| Bits| Banks| W*Bits*Banks|
    +---------+---------------------+---------+-----+----+-----+------+-----+------+-------------+
    |A_U      |A_ROM_AUTO_1R        |        2|    0|   0|    0|    16|   64|     1|         1024|
    |H_U      |H_ROM_AUTO_1R        |        0|   64|   8|    0|     8|   64|     1|          512|
    |K_U      |K_RAM_AUTO_1R1W      |        0|  128|   8|    0|     8|   64|     1|          512|
    |P_U      |P_RAM_AUTO_1R1W      |        2|    0|   0|    0|    16|   64|     1|         1024|
    |tempP_U  |tempP_RAM_AUTO_1R1W  |        2|    0|   0|    0|    16|   64|     1|         1024|
    |temp2_U  |tempP_RAM_AUTO_1R1W  |        2|    0|   0|    0|    16|   64|     1|         1024|
    |temp_U   |temp_RAM_AUTO_1R1W   |        0|   64|   8|    0|     8|   64|     1|          512|
    |temp1_U  |temp_RAM_AUTO_1R1W   |        0|   64|   8|    0|     8|   64|     1|          512|
    +---------+---------------------+---------+-----+----+-----+------+-----+------+-------------+
    |Total    |                     |        8|  320|  32|    0|    96|  512|     8|         6144|
    +---------+---------------------+---------+-----+----+-----+------+-----+------+-------------+

    * FIFO: 
    N/A

    * Expression: 
    +---------------------------+----------+----+---+----+------------+------------+
    |       Variable Name       | Operation| DSP| FF| LUT| Bitwidth P0| Bitwidth P1|
    +---------------------------+----------+----+---+----+------------+------------+
    |add_ln102_fu_1304_p2       |         +|   0|  0|  10|           2|           1|
    |add_ln103_fu_1333_p2       |         +|   0|  0|  10|           2|           1|
    |add_ln105_fu_1357_p2       |         +|   0|  0|  11|           3|           1|
    |add_ln106_1_fu_1373_p2     |         +|   0|  0|  11|           3|           3|
    |add_ln106_fu_1363_p2       |         +|   0|  0|  11|           3|           3|
    |add_ln112_fu_1434_p2       |         +|   0|  0|  11|           3|           1|
    |add_ln113_fu_1469_p2       |         +|   0|  0|  10|           2|           1|
    |add_ln114_fu_1487_p2       |         +|   0|  0|  11|           3|           3|
    |add_ln115_fu_1507_p2       |         +|   0|  0|  11|           3|           1|
    |add_ln116_1_fu_1522_p2     |         +|   0|  0|  13|           4|           4|
    |add_ln116_fu_1517_p2       |         +|   0|  0|  11|           3|           3|
    |add_ln120_fu_1544_p2       |         +|   0|  0|  11|           3|           1|
    |add_ln121_fu_1585_p2       |         +|   0|  0|  10|           2|           1|
    |add_ln122_fu_1595_p2       |         +|   0|  0|  11|           3|           3|
    |add_ln126_fu_1633_p2       |         +|   0|  0|  11|           3|           1|
    |add_ln131_fu_1778_p2       |         +|   0|  0|  11|           3|           1|
    |add_ln132_fu_1809_p2       |         +|   0|  0|  11|           3|           1|
    |add_ln133_fu_1819_p2       |         +|   0|  0|  13|           4|           4|
    |add_ln134_fu_1843_p2       |         +|   0|  0|  10|           2|           1|
    |add_ln135_1_fu_1872_p2     |         +|   0|  0|  11|           3|           3|
    |add_ln135_fu_1861_p2       |         +|   0|  0|  11|           3|           3|
    |add_ln139_fu_1895_p2       |         +|   0|  0|  11|           3|           1|
    |add_ln140_fu_1915_p2       |         +|   0|  0|  11|           3|           1|
    |add_ln141_fu_1925_p2       |         +|   0|  0|  13|           4|           4|
    |add_ln55_fu_869_p2         |         +|   0|  0|  11|           3|           1|
    |add_ln56_fu_894_p2         |         +|   0|  0|  11|           3|           1|
    |add_ln57_fu_904_p2         |         +|   0|  0|  13|           4|           4|
    |add_ln58_fu_928_p2         |         +|   0|  0|  11|           3|           1|
    |add_ln59_1_fu_951_p2       |         +|   0|  0|  13|           4|           4|
    |add_ln59_fu_938_p2         |         +|   0|  0|  13|           4|           4|
    |add_ln63_fu_977_p2         |         +|   0|  0|  11|           3|           1|
    |add_ln64_fu_1016_p2        |         +|   0|  0|  11|           3|           1|
    |add_ln65_fu_1034_p2        |         +|   0|  0|  13|           4|           4|
    |add_ln66_fu_1054_p2        |         +|   0|  0|  11|           3|           1|
    |add_ln67_1_fu_1069_p2      |         +|   0|  0|  13|           4|           4|
    |add_ln67_fu_1064_p2        |         +|   0|  0|  13|           4|           4|
    |add_ln88_fu_1091_p2        |         +|   0|  0|  10|           2|           1|
    |add_ln89_fu_1112_p2        |         +|   0|  0|  10|           2|           1|
    |add_ln94_fu_1192_p2        |         +|   0|  0|  10|           2|           1|
    |add_ln95_fu_1225_p2        |         +|   0|  0|  11|           3|           1|
    |add_ln96_fu_1235_p2        |         +|   0|  0|  11|           3|           3|
    |add_ln97_fu_1259_p2        |         +|   0|  0|  11|           3|           1|
    |add_ln98_1_fu_1278_p2      |         +|   0|  0|  13|           4|           4|
    |add_ln98_fu_1265_p2        |         +|   0|  0|  11|           3|           3|
    |icmp_ln102_fu_1298_p2      |      icmp|   0|  0|  11|           2|           3|
    |icmp_ln103_fu_1327_p2      |      icmp|   0|  0|  11|           2|           3|
    |icmp_ln105_fu_1351_p2      |      icmp|   0|  0|  13|           3|           4|
    |icmp_ln112_fu_1428_p2      |      icmp|   0|  0|  13|           3|           4|
    |icmp_ln113_fu_1463_p2      |      icmp|   0|  0|  11|           2|           3|
    |icmp_ln115_fu_1501_p2      |      icmp|   0|  0|  13|           3|           4|
    |icmp_ln120_fu_1538_p2      |      icmp|   0|  0|  13|           3|           4|
    |icmp_ln121_fu_1579_p2      |      icmp|   0|  0|  11|           2|           3|
    |icmp_ln126_fu_1627_p2      |      icmp|   0|  0|  13|           3|           4|
    |icmp_ln131_fu_1772_p2      |      icmp|   0|  0|  13|           3|           4|
    |icmp_ln132_fu_1803_p2      |      icmp|   0|  0|  13|           3|           4|
    |icmp_ln134_fu_1837_p2      |      icmp|   0|  0|  11|           2|           3|
    |icmp_ln139_fu_1889_p2      |      icmp|   0|  0|  13|           3|           4|
    |icmp_ln140_fu_1909_p2      |      icmp|   0|  0|  13|           3|           4|
    |icmp_ln55_fu_863_p2        |      icmp|   0|  0|  13|           3|           4|
    |icmp_ln56_fu_888_p2        |      icmp|   0|  0|  13|           3|           4|
    |icmp_ln58_fu_922_p2        |      icmp|   0|  0|  13|           3|           4|
    |icmp_ln63_fu_971_p2        |      icmp|   0|  0|  13|           3|           4|
    |icmp_ln64_fu_1010_p2       |      icmp|   0|  0|  13|           3|           4|
    |icmp_ln66_fu_1048_p2       |      icmp|   0|  0|  13|           3|           4|
    |icmp_ln88_fu_1085_p2       |      icmp|   0|  0|  11|           2|           3|
    |icmp_ln89_fu_1106_p2       |      icmp|   0|  0|  11|           2|           3|
    |icmp_ln90_fu_1118_p2       |      icmp|   0|  0|  10|           2|           2|
    |icmp_ln94_fu_1186_p2       |      icmp|   0|  0|  11|           2|           3|
    |icmp_ln95_fu_1219_p2       |      icmp|   0|  0|  13|           3|           4|
    |icmp_ln97_fu_1253_p2       |      icmp|   0|  0|  13|           3|           4|
    |icmp_ln9_1_fu_1691_p2      |      icmp|   0|  0|  10|           2|           1|
    |icmp_ln9_2_fu_1704_p2      |      icmp|   0|  0|  11|           2|           3|
    |icmp_ln9_fu_1678_p2        |      icmp|   0|  0|  10|           2|           1|
    |or_ln127_fu_1650_p2        |        or|   0|  0|   3|           3|           1|
    |S_1_1_fu_1123_p3           |    select|   0|  0|  62|           1|          62|
    |select_ln104_1_fu_1404_p3  |    select|   0|  0|  64|           1|          64|
    |select_ln104_fu_1397_p3    |    select|   0|  0|  64|           1|          64|
    |select_ln106_1_fu_1383_p3  |    select|   0|  0|  64|           1|          64|
    |select_ln106_fu_1390_p3    |    select|   0|  0|  64|           1|          64|
    |select_ln122_fu_1613_p3    |    select|   0|  0|  64|           1|          64|
    |select_ln90_1_fu_1135_p3   |    select|   0|  0|  64|           1|          64|
    |select_ln90_3_fu_1151_p3   |    select|   0|  0|  64|           1|          64|
    |select_ln90_4_fu_1158_p3   |    select|   0|  0|  64|           1|          64|
    |select_ln90_fu_1143_p3     |    select|   0|  0|  64|           1|          64|
    |select_ln9_1_fu_1696_p3    |    select|   0|  0|  64|           1|          64|
    |select_ln9_2_fu_1709_p3    |    select|   0|  0|  64|           1|          64|
    |select_ln9_fu_1683_p3      |    select|   0|  0|  64|           1|          64|
    +---------------------------+----------+----+---+----+------------+------------+
    |Total                      |          |   0|  0|1679|         225|        1022|
    +---------------------------+----------+----+---+----+------------+------------+

    * Multiplexer: 
    +-------------------+------+-----------+-----+-----------+
    |        Name       |  LUT | Input Size| Bits| Total Bits|
    +-------------------+------+-----------+-----+-----------+
    |A_address0         |    13|          3|    4|         12|
    |H_address0         |    21|          5|    3|         15|
    |K_address0         |    13|          3|    3|          9|
    |K_address1         |    13|          3|    3|          9|
    |P_address0         |    29|          7|    4|         28|
    |P_d0               |    13|          3|   64|        192|
    |S_0_0_3_fu_174     |     9|          2|   64|        128|
    |S_1_1_1_reg_593    |     9|          2|   64|        128|
    |S_1_1_3_fu_178     |     9|          2|   64|        128|
    |ap_NS_fsm          |  1866|        353|    1|        353|
    |empty_30_reg_512   |     9|          2|   64|        128|
    |empty_31_reg_558   |     9|          2|   64|        128|
    |empty_32_reg_627   |     9|          2|   64|        128|
    |empty_33_reg_674   |     9|          2|   64|        128|
    |empty_reg_477      |     9|          2|   64|        128|
    |grp_fu_698_opcode  |    13|          3|    2|          6|
    |grp_fu_698_p0      |    49|         12|   64|        768|
    |grp_fu_698_p1      |    25|          6|   64|        384|
    |grp_fu_702_opcode  |    13|          3|    2|          6|
    |grp_fu_702_p0      |    13|          3|   64|        192|
    |grp_fu_702_p1      |    13|          3|   64|        192|
    |grp_fu_720_p0      |    29|          7|   64|        448|
    |grp_fu_720_p1      |    21|          5|   64|        320|
    |i_1_fu_150         |     9|          2|    3|          6|
    |i_2_fu_154         |     9|          2|    2|          4|
    |i_3_fu_166         |     9|          2|    2|          4|
    |i_4_fu_170         |     9|          2|    2|          4|
    |i_5_fu_182         |     9|          2|    3|          6|
    |i_6_fu_186         |     9|          2|    3|          6|
    |i_7_fu_190         |     9|          2|    3|          6|
    |i_8_fu_210         |     9|          2|    3|          6|
    |i_9_fu_214         |     9|          2|    3|          6|
    |i_fu_126           |     9|          2|    3|          6|
    |j_1_reg_490        |     9|          2|    3|          6|
    |j_2_reg_525        |     9|          2|    2|          4|
    |j_3_reg_536        |     9|          2|    3|          6|
    |j_4_reg_571        |     9|          2|    2|          4|
    |j_5_reg_605        |     9|          2|    2|          4|
    |j_6_reg_640        |     9|          2|    2|          4|
    |j_7_reg_651        |     9|          2|    3|          6|
    |j_8_reg_687        |     9|          2|    3|          6|
    |j_reg_455          |     9|          2|    3|          6|
    |k_1_reg_501        |     9|          2|    3|          6|
    |k_2_reg_547        |     9|          2|    3|          6|
    |k_3_reg_582        |     9|          2|    3|          6|
    |k_4_reg_616        |     9|          2|    3|          6|
    |k_5_reg_663        |     9|          2|    2|          4|
    |k_reg_466          |     9|          2|    3|          6|
    |temp1_address0     |    13|          3|    3|          9|
    |temp2_address0     |    13|          3|    4|         12|
    |tempP_address0     |    13|          3|    4|         12|
    |temp_address0      |    13|          3|    3|          9|
    |x_0                |     9|          2|   64|        128|
    |x_0_load_1_fu_198  |     9|          2|   64|        128|
    |x_1                |     9|          2|   64|        128|
    |x_1_load_1_fu_202  |     9|          2|   64|        128|
    |x_2                |     9|          2|   64|        128|
    |x_2_load_1_fu_206  |     9|          2|   64|        128|
    |x_3                |     9|          2|   64|        128|
    |x_3_load_1_fu_194  |     9|          2|   64|        128|
    +-------------------+------+-----------+-----+-----------+
    |Total              |  2565|        513| 1575|       5158|
    +-------------------+------+-----------+-----+-----------+

    * Register: 
    +-----------------------+-----+----+-----+-----------+
    |          Name         |  FF | LUT| Bits| Const Bits|
    +-----------------------+-----+----+-----+-----------+
    |K_load_1_reg_2513      |   64|   0|   64|          0|
    |P_addr_4_reg_2610      |    4|   0|    4|          0|
    |P_addr_reg_2095        |    4|   0|    4|          0|
    |S_0_0_0_fu_158         |   64|   0|   64|          0|
    |S_0_0_0_load_reg_2136  |   64|   0|   64|          0|
    |S_0_0_3_fu_174         |   64|   0|   64|          0|
    |S_1_1_0_fu_162         |   64|   0|   64|          0|
    |S_1_1_0_load_reg_2141  |   64|   0|   64|          0|
    |S_1_1_1_reg_593        |   64|   0|   64|          0|
    |S_1_1_3_fu_178         |   64|   0|   64|          0|
    |add2_i_reg_1970        |   64|   0|   64|          0|
    |add4_i_reg_1976        |   64|   0|   64|          0|
    |add_ln102_reg_2265     |    2|   0|    2|          0|
    |add_ln103_reg_2291     |    2|   0|    2|          0|
    |add_ln105_reg_2304     |    3|   0|    3|          0|
    |add_ln112_reg_2327     |    3|   0|    3|          0|
    |add_ln113_reg_2352     |    2|   0|    2|          0|
    |add_ln115_reg_2370     |    3|   0|    3|          0|
    |add_ln116_1_reg_2380   |    4|   0|    4|          0|
    |add_ln116_reg_2375     |    3|   0|    3|          0|
    |add_ln120_reg_2398     |    3|   0|    3|          0|
    |add_ln121_reg_2446     |    2|   0|    2|          0|
    |add_ln126_reg_2491     |    3|   0|    3|          0|
    |add_ln131_reg_2531     |    3|   0|    3|          0|
    |add_ln132_reg_2556     |    3|   0|    3|          0|
    |add_ln134_reg_2569     |    2|   0|    2|          0|
    |add_ln139_reg_2587     |    3|   0|    3|          0|
    |add_ln140_reg_2600     |    3|   0|    3|          0|
    |add_ln141_reg_2605     |    4|   0|    4|          0|
    |add_ln55_reg_1985      |    3|   0|    3|          0|
    |add_ln56_reg_2006      |    3|   0|    3|          0|
    |add_ln58_reg_2024      |    3|   0|    3|          0|
    |add_ln59_1_reg_2034    |    4|   0|    4|          0|
    |add_ln59_reg_2029      |    4|   0|    4|          0|
    |add_ln63_reg_2052      |    3|   0|    3|          0|
    |add_ln64_reg_2085      |    3|   0|    3|          0|
    |add_ln66_reg_2103      |    3|   0|    3|          0|
    |add_ln67_1_reg_2113    |    4|   0|    4|          0|
    |add_ln67_reg_2108      |    4|   0|    4|          0|
    |add_ln88_reg_2149      |    2|   0|    2|          0|
    |add_ln94_reg_2178      |    2|   0|    2|          0|
    |add_ln95_reg_2213      |    3|   0|    3|          0|
    |add_ln97_reg_2231      |    3|   0|    3|          0|
    |add_ln98_1_reg_2241    |    4|   0|    4|          0|
    |add_ln98_reg_2236      |    3|   0|    3|          0|
    |ap_CS_fsm              |  352|   0|  352|          0|
    |bitcast_ln27_reg_1958  |   64|   0|   64|          0|
    |bitcast_ln28_reg_1964  |   64|   0|   64|          0|
    |div_reg_2476           |   64|   0|   64|          0|
    |empty_30_reg_512       |   64|   0|   64|          0|
    |empty_31_reg_558       |   64|   0|   64|          0|
    |empty_32_reg_627       |   64|   0|   64|          0|
    |empty_33_reg_674       |   64|   0|   64|          0|
    |empty_reg_477          |   64|   0|   64|          0|
    |i_1_fu_150             |    3|   0|    3|          0|
    |i_2_fu_154             |    2|   0|    2|          0|
    |i_3_fu_166             |    2|   0|    2|          0|
    |i_4_fu_170             |    2|   0|    2|          0|
    |i_5_fu_182             |    3|   0|    3|          0|
    |i_6_fu_186             |    3|   0|    3|          0|
    |i_7_fu_190             |    3|   0|    3|          0|
    |i_8_fu_210             |    3|   0|    3|          0|
    |i_9_fu_214             |    3|   0|    3|          0|
    |i_fu_126               |    3|   0|    3|          0|
    |j_1_reg_490            |    3|   0|    3|          0|
    |j_2_reg_525            |    2|   0|    2|          0|
    |j_3_reg_536            |    3|   0|    3|          0|
    |j_4_reg_571            |    2|   0|    2|          0|
    |j_5_reg_605            |    2|   0|    2|          0|
    |j_6_reg_640            |    2|   0|    2|          0|
    |j_7_reg_651            |    3|   0|    3|          0|
    |j_8_reg_687            |    3|   0|    3|          0|
    |j_reg_455              |    3|   0|    3|          0|
    |k_1_reg_501            |    3|   0|    3|          0|
    |k_2_reg_547            |    3|   0|    3|          0|
    |k_3_reg_582            |    3|   0|    3|          0|
    |k_4_reg_616            |    3|   0|    3|          0|
    |k_5_reg_663            |    2|   0|    2|          0|
    |k_reg_466              |    3|   0|    3|          0|
    |mul5_reg_2523          |   64|   0|   64|          0|
    |reg_744                |   64|   0|   64|          0|
    |reg_752                |   64|   0|   64|          0|
    |reg_758                |   64|   0|   64|          0|
    |reg_764                |   64|   0|   64|          0|
    |reg_771                |   64|   0|   64|          0|
    |reg_776                |   64|   0|   64|          0|
    |reg_786                |   64|   0|   64|          0|
    |reg_792                |   64|   0|   64|          0|
    |select_ln122_reg_2471  |   64|   0|   64|          0|
    |select_ln9_2_reg_2518  |   64|   0|   64|          0|
    |shl_ln114_reg_2337     |    2|   0|    3|          1|
    |shl_ln122_reg_2403     |    2|   0|    3|          1|
    |shl_ln135_reg_2536     |    2|   0|    3|          1|
    |temp1_addr_reg_2362    |    3|   0|    3|          0|
    |temp1_load_reg_2466    |   64|   0|   64|          0|
    |temp2_addr_reg_2561    |    4|   0|    4|          0|
    |temp2_load_reg_2620    |   64|   0|   64|          0|
    |tempP_addr_reg_2016    |    4|   0|    4|          0|
    |tempP_load_reg_2128    |   64|   0|   64|          0|
    |temp_addr_reg_2223     |    3|   0|    3|          0|
    |temp_load_reg_2319     |   64|   0|   64|          0|
    |tmp_10_reg_2592        |    2|   0|    4|          2|
    |tmp_1_reg_2057         |    2|   0|    4|          2|
    |tmp_2_reg_2090         |    2|   0|    4|          2|
    |tmp_4_reg_2183         |    1|   0|    3|          2|
    |tmp_5_reg_2270         |    1|   0|    3|          2|
    |tmp_6_reg_2332         |    2|   0|    4|          2|
    |tmp_7_reg_2541         |    2|   0|    4|          2|
    |tmp_8_reg_2296         |    1|   0|    3|          2|
    |tmp_reg_1990           |    2|   0|    4|          2|
    |tmp_s_reg_2357         |    1|   0|    3|          2|
    |trunc_ln102_reg_2256   |    1|   0|    1|          0|
    |trunc_ln103_reg_2282   |    1|   0|    1|          0|
    |trunc_ln122_reg_2461   |    1|   0|    1|          0|
    |trunc_ln126_reg_2481   |    2|   0|    2|          0|
    |trunc_ln90_reg_2154    |    1|   0|    1|          0|
    |x_0                    |   64|   0|   64|          0|
    |x_0_load_1_fu_198      |   64|   0|   64|          0|
    |x_1                    |   64|   0|   64|          0|
    |x_1_load_1_fu_202      |   64|   0|   64|          0|
    |x_2                    |   64|   0|   64|          0|
    |x_2_load_1_fu_206      |   64|   0|   64|          0|
    |x_3                    |   64|   0|   64|          0|
    |x_3_load_1_fu_194      |   64|   0|   64|          0|
    |zext_ln122_1_reg_2451  |    3|   0|   64|         61|
    |zext_ln57_reg_2011     |    3|   0|    4|          1|
    |zext_ln96_reg_2218     |    3|   0|    4|          1|
    +-----------------------+-----+----+-----+-----------+
    |Total                  | 3201|   0| 3287|         86|
    +-----------------------+-----+----+-----+-----------+



================================================================
== Interface
================================================================
* Summary: 
+------------------------------+-----+-----+------------+------------------------+--------------+
|           RTL Ports          | Dir | Bits|  Protocol  |      Source Object     |    C Type    |
+------------------------------+-----+-----+------------+------------------------+--------------+
|ap_clk                        |   in|    1|  ap_ctrl_hs|    extendedKalmanFilter|  return value|
|ap_rst                        |   in|    1|  ap_ctrl_hs|    extendedKalmanFilter|  return value|
|ap_start                      |   in|    1|  ap_ctrl_hs|    extendedKalmanFilter|  return value|
|ap_done                       |  out|    1|  ap_ctrl_hs|    extendedKalmanFilter|  return value|
|ap_idle                       |  out|    1|  ap_ctrl_hs|    extendedKalmanFilter|  return value|
|ap_ready                      |  out|    1|  ap_ctrl_hs|    extendedKalmanFilter|  return value|
|gps_measurement_data_0        |   in|   64|     ap_none|  gps_measurement_data_0|       pointer|
|gps_measurement_data_1        |   in|   64|     ap_none|  gps_measurement_data_1|       pointer|
|output_predict_data_0         |  out|   64|      ap_vld|   output_predict_data_0|       pointer|
|output_predict_data_0_ap_vld  |  out|    1|      ap_vld|   output_predict_data_0|       pointer|
|output_predict_data_1         |  out|   64|      ap_vld|   output_predict_data_1|       pointer|
|output_predict_data_1_ap_vld  |  out|    1|      ap_vld|   output_predict_data_1|       pointer|
+------------------------------+-----+-----+------------+------------------------+--------------+

